{"time":"2026-09-05T05:42:25.957Z","event":"server.started","port":3002,"url":"http://localhost:3002"}
{"time":"2026-09-05T05:42:32.932Z","event":"request","id":"d5675e5b-977e-4824-bdf8-9d3c5544e527","method":"GET","path":"/search.html","ms":3}
{"time":"2026-09-05T05:42:49.172Z","event":"request","id":"a15960b2-d504-4c6a-8fbd-3d24ddc3ac51","method":"GET","path":"/search.html","ms":0}
{"time":"2026-09-05T05:42:49.201Z","event":"request","id":"9f73f677-b531-46de-9e2e-b3a91fae35ae","method":"GET","path":"/mdrender.js","ms":1}
{"time":"2026-09-05T05:42:49.201Z","event":"request","id":"86933820-f7bb-495b-a75d-dacf3e1a4716","method":"GET","path":"/vortex.js","ms":1}
{"time":"2026-09-05T05:42:49.205Z","event":"request","id":"703898a0-95e7-4807-a361-57a3e35aa518","method":"GET","path":"/lucide-unify.js","ms":1}
{"time":"2026-09-05T05:42:49.564Z","event":"request.error","id":"f46cc3b4-67fe-46a9-bfd6-6573befea9ed","method":"GET","status":404,"code":"NOT_FOUND"}
{"time":"2026-09-05T05:42:56.759Z","event":"request","id":"1d32c4f9-fe20-4ce2-8024-5b185e2fa49e","method":"POST","path":"/api/v1/courseware/generate","ms":16}
{"time":"2026-09-05T05:42:56.813Z","event":"request","id":"10faee4e-b03e-4d5a-9e76-a3d763f6d6b6","method":"GET","path":"/api/v1/video/status","ms":1}
{"time":"2026-09-05T05:42:58.821Z","event":"request","id":"58a9a95a-bff4-4b49-9199-1dfc688ff1c0","method":"GET","path":"/api/v1/video/status","ms":1}
{"time":"2026-09-05T05:43:00.827Z","event":"request","id":"ef0656da-7f55-430f-90bc-3fba5bc747f7","method":"GET","path":"/api/v1/video/status","ms":1}
{"time":"2026-09-05T05:43:02.832Z","event":"request","id":"9e32cf4a-ad26-44a0-b5c9-cdd9f694752d","method":"GET","path":"/api/v1/video/status","ms":1}
{"time":"2026-09-05T05:43:04.837Z","event":"request","id":"b7fc9a11-edc6-406a-b17f-d1a9bb0b2e14","method":"GET","path":"/api/v1/video/status","ms":0}
{"time":"2026-09-05T05:43:06.843Z","event":"request","id":"49bcebfd-1b32-467a-a9dc-712d5b07935c","method":"GET","path":"/api/v1/video/status","ms":1}
{"time":"2026-09-05T05:43:08.849Z","event":"request","id":"b34d66b1-f130-4fc8-b559-ca17d6bec789","method":"GET","path":"/api/v1/video/status","ms":1}
{"time":"2026-09-05T05:43:10.854Z","event":"request","id":"31c8e160-527e-408e-b2d0-1496d7cc3b00","method":"GET","path":"/api/v1/video/status","ms":0}
{"time":"2026-09-05T05:43:12.859Z","event":"request","id":"ff041c15-5120-401c-a7f3-93c29f540f5f","method":"GET","path":"/api/v1/video/status","ms":0}
{"time":"2026-09-05T05:43:14.863Z","event":"request","id":"5d03e489-6704-4c70-8656-0a75fdf6e3ee","method":"GET","path":"/api/v1/video/status","ms":0}
{"time":"2026-09-05T05:43:16.870Z","event":"request","id":"90a6e639-ab55-4082-b303-2a87c5cb83c5","method":"GET","path":"/api/v1/video/status","ms":0}
{"time":"2026-09-05T05:43:18.876Z","event":"request","id":"47dfadcd-aff7-4f4c-8800-7cbe6a356afb","method":"GET","path":"/api/v1/video/status","ms":0}
{"time":"2026-09-05T05:43:20.881Z","event":"request","id":"906523dd-ba7c-440e-9f71-d69156151cd4","method":"GET","path":"/api/v1/video/status","ms":0}
{"time":"2026-09-05T05:43:22.887Z","event":"request","id":"d4ea84cc-c7f3-4693-97a5-aee68bbe3369","method":"GET","path":"/api/v1/video/status","ms":0}
{"time":"2026-09-05T05:43:24.893Z","event":"request","id":"2cf7586d-cd51-4244-ace8-972168a38163","method":"GET","path":"/api/v1/video/status","ms":1}
{"time":"2026-09-05T05:43:26.899Z","event":"request","id":"b790c71c-a98b-4fef-832d-19dfd1e4ca70","method":"GET","path":"/api/v1/video/status","ms":0}
{"time":"2026-09-05T05:43:28.904Z","event":"request","id":"ce8af124-7dfa-4615-8eea-bd8352d21b1b","method":"GET","path":"/api/v1/video/status","ms":0}
{"time":"2026-09-05T05:43:30.910Z","event":"request","id":"be30f50b-59b7-4b7a-a391-bf9de7a26e46","method":"GET","path":"/api/v1/video/status","ms":0}
{"time":"2026-09-05T05:43:32.916Z","event":"request","id":"bd7fad44-c242-4f19-b4d7-05f9339f5d30","method":"GET","path":"/api/v1/video/status","ms":1}
{"time":"2026-09-05T05:43:34.922Z","event":"request","id":"0635b274-da61-4855-93a5-4562d149df1e","method":"GET","path":"/api/v1/video/status","ms":1}
{"time":"2026-09-05T05:43:36.927Z","event":"request","id":"91f427e2-7716-40ef-b71e-56814e10ecba","method":"GET","path":"/api/v1/video/status","ms":0}
{"time":"2026-09-05T05:43:38.933Z","event":"request","id":"4ebbd790-654c-4ef4-b59c-0475fef68c45","method":"GET","path":"/api/v1/video/status","ms":0}
{"time":"2026-09-05T05:43:40.938Z","event":"request","id":"6f5ac39f-cff4-45e5-94cd-797d5736b033","method":"GET","path":"/api/v1/video/status","ms":0}
{"time":"2026-09-05T05:43:42.943Z","event":"request","id":"b884e39d-94eb-498b-a4ba-aeb25ec307a3","method":"GET","path":"/api/v1/video/status","ms":0}
{"time":"2026-09-05T05:43:44.949Z","event":"request","id":"6050bace-9881-4c03-a4fb-768828201085","method":"GET","path":"/api/v1/video/status","ms":0}
{"time":"2026-09-05T05:43:46.954Z","event":"request","id":"f2e30177-2221-4fad-8c51-c7e7c3ee6a24","method":"GET","path":"/api/v1/video/status","ms":0}
{"time":"2026-09-05T05:43:48.961Z","event":"request","id":"ccc84fe9-0c46-469d-9d27-7fae60125226","method":"GET","path":"/api/v1/video/status","ms":1}
{"time":"2026-09-05T05:43:50.967Z","event":"request","id":"7cd58fc4-9678-4dda-bbec-13cf08e75ee1","method":"GET","path":"/api/v1/video/status","ms":0}
{"time":"2026-09-05T05:43:52.977Z","event":"request","id":"806ce7a0-8c4c-44ca-987e-1e51f1a8a463","method":"GET","path":"/api/v1/video/status","ms":0}
{"time":"2026-09-05T05:43:54.982Z","event":"request","id":"247b27a0-5f2d-4682-a840-52781b284895","method":"GET","path":"/api/v1/video/status","ms":0}
{"time":"2026-09-05T05:43:56.988Z","event":"request","id":"1ea49ec5-098c-4c5f-857a-a088b0a6808c","method":"GET","path":"/api/v1/video/status","ms":1}
{"time":"2026-09-05T05:43:58.992Z","event":"request","id":"e166f57b-4cde-4b0a-9d35-0f25a3e5349f","method":"GET","path":"/api/v1/video/status","ms":1}
{"time":"2026-09-05T05:44:00.997Z","event":"request","id":"5782d6f4-721c-4e4a-8cad-2c1f30a15783","method":"GET","path":"/api/v1/video/status","ms":1}
{"time":"2026-09-05T05:44:03.005Z","event":"request","id":"38f5866d-b7ea-4b81-8db0-881b6d1d78e4","method":"GET","path":"/api/v1/video/status","ms":0}
{"time":"2026-09-05T05:44:05.015Z","event":"request","id":"461331fe-ab1c-4763-aec6-eb40762cc61d","method":"GET","path":"/api/v1/video/status","ms":0}
{"time":"2026-09-05T05:44:07.021Z","event":"request","id":"1c5e6b24-e6c5-4bb5-9eaa-4536f320c7a6","method":"GET","path":"/api/v1/video/status","ms":1}
{"time":"2026-09-05T05:44:09.025Z","event":"request","id":"0b9952be-8106-4220-b112-ce8fa225c3c9","method":"GET","path":"/api/v1/video/status","ms":0}
{"time":"2026-09-05T05:44:11.032Z","event":"request","id":"e7004de0-c7d8-42e8-a9bf-8fd15b266edb","method":"GET","path":"/api/v1/video/status","ms":0}
{"time":"2026-09-05T05:44:13.037Z","event":"request","id":"43f044b3-fe95-4379-9611-3ca5204a6403","method":"GET","path":"/api/v1/video/status","ms":0}
{"time":"2026-09-05T05:44:15.043Z","event":"request","id":"404118bf-85af-4155-a2b6-3e8cdedc91ca","method":"GET","path":"/api/v1/video/status","ms":1}
{"time":"2026-09-05T05:44:17.048Z","event":"request","id":"ead9488b-515e-4e7c-b865-040e146ed45e","method":"GET","path":"/api/v1/video/status","ms":0}
{"time":"2026-09-05T05:44:19.054Z","event":"request","id":"3afa603d-9630-4a41-97ef-adde674902fd","method":"GET","path":"/api/v1/video/status","ms":0}
{"time":"2026-09-05T05:44:21.060Z","event":"request","id":"843fbffe-1a3a-4409-b9d5-aaf5b0f0e749","method":"GET","path":"/api/v1/video/status","ms":1}
{"time":"2026-09-05T05:44:23.065Z","event":"request","id":"641b2c74-edf0-40f7-ae50-c2598d8befb6","method":"GET","path":"/api/v1/video/status","ms":0}
{"time":"2026-09-05T05:44:25.071Z","event":"request","id":"da6f4992-b034-46e5-8053-9bb863cad14d","method":"GET","path":"/api/v1/video/status","ms":0}
{"time":"2026-09-05T05:44:26.010Z","event":"edge_tts.retry","attempt":1,"message":"edge-tts 退出码 1：Traceback (most recent call last):\r\n  File \"C:\\Users\\ASUS\\AppData\\Local\\Programs\\Python\\Python313\\Lib\\site-packages\\aiohttp\\connector.py\", line 1316, in _wrap_create_connection\r\n    return await self."}
{"time":"2026-09-05T05:44:26.019Z","event":"edge_tts.probe","ok":false}
{"time":"2026-09-05T05:44:27.076Z","event":"request","id":"f858788d-be4f-4c8f-bb59-fccfc8557d41","method":"GET","path":"/api/v1/video/status","ms":0}
{"time":"2026-09-05T05:44:29.082Z","event":"request","id":"02ad76e8-c4e0-4f16-baf1-93ef1bf6299f","method":"GET","path":"/api/v1/video/status","ms":1}
{"time":"2026-09-05T05:44:31.087Z","event":"request","id":"c66b35ee-2c6f-4883-a91f-95a07cd50dc4","method":"GET","path":"/api/v1/video/status","ms":0}
{"time":"2026-09-05T05:44:32.707Z","event":"edge_tts.retry","attempt":1,"message":"edge-tts 退出码 1：Traceback (most recent call last):\r\n  File \"C:\\Users\\ASUS\\AppData\\Local\\Programs\\Python\\Python313\\Lib\\site-packages\\aiohttp\\connector.py\", line 1316, in _wrap_create_connection\r\n    return await self."}
{"time":"2026-09-05T05:44:33.093Z","event":"request","id":"6c77e222-3e03-4420-85aa-aaa1346da181","method":"GET","path":"/api/v1/video/status","ms":1}
{"time":"2026-09-05T05:44:35.099Z","event":"request","id":"f9d22c52-e67c-4db4-b72a-0b8577d9bbb2","method":"GET","path":"/api/v1/video/status","ms":1}
{"time":"2026-09-05T05:44:37.055Z","event":"edge_tts.retry","attempt":1,"message":"edge-tts 退出码 1：Traceback (most recent call last):\r\n  File \"C:\\Users\\ASUS\\AppData\\Local\\Programs\\Python\\Python313\\Lib\\site-packages\\aiohttp\\connector.py\", line 1316, in _wrap_create_connection\r\n    return await self."}
{"time":"2026-09-05T05:44:37.104Z","event":"request","id":"a7a3c402-a6c1-46dd-8b5a-fd85d36d5c1b","method":"GET","path":"/api/v1/video/status","ms":1}
{"time":"2026-09-05T05:44:39.109Z","event":"request","id":"a18a7e20-f655-4288-9dd3-5cf5c5a5a8cd","method":"GET","path":"/api/v1/video/status","ms":0}
{"time":"2026-09-05T05:44:41.115Z","event":"request","id":"b664ba49-059a-473b-80da-83161b63101a","method":"GET","path":"/api/v1/video/status","ms":0}
{"time":"2026-09-05T05:44:43.121Z","event":"request","id":"34c85d20-f975-4274-a370-f104bfcc14ac","method":"GET","path":"/api/v1/video/status","ms":1}
{"time":"2026-09-05T05:44:45.126Z","event":"request","id":"762e4609-680a-414e-8e85-482c14ad33f3","method":"GET","path":"/api/v1/video/status","ms":1}
{"time":"2026-09-05T05:44:46.659Z","event":"edge_tts.retry","attempt":1,"message":"edge-tts 退出码 1：Traceback (most recent call last):\r\n  File \"C:\\Users\\ASUS\\AppData\\Local\\Programs\\Python\\Python313\\Lib\\site-packages\\aiohttp\\connector.py\", line 1316, in _wrap_create_connection\r\n    return await self."}
{"time":"2026-09-05T05:44:47.133Z","event":"request","id":"219842eb-5b9c-46c9-afec-0262ed2a35b0","method":"GET","path":"/api/v1/video/status","ms":0}
{"time":"2026-09-05T05:44:49.142Z","event":"request","id":"7ffe7768-0d01-4ab3-8040-d2c1fb84daf8","method":"GET","path":"/api/v1/video/status","ms":0}
{"time":"2026-09-05T05:44:51.148Z","event":"request","id":"fc32a679-0d46-4eb7-9034-4570bb9eef83","method":"GET","path":"/api/v1/video/status","ms":0}
{"time":"2026-09-05T05:44:51.401Z","event":"edge_tts.retry","attempt":1,"message":"edge-tts 退出码 1：Traceback (most recent call last):\r\n  File \"C:\\Users\\ASUS\\AppData\\Local\\Programs\\Python\\Python313\\Lib\\site-packages\\aiohttp\\connector.py\", line 1316, in _wrap_create_connection\r\n    return await self."}
{"time":"2026-09-05T05:44:53.154Z","event":"request","id":"f85aa7f6-2fcc-4712-99b3-55e0f2952ba9","method":"GET","path":"/api/v1/video/status","ms":1}
{"time":"2026-09-05T05:44:55.160Z","event":"request","id":"344802fb-f1ae-49a8-a4d5-2e143e996748","method":"GET","path":"/api/v1/video/status","ms":0}
{"time":"2026-09-05T05:44:57.165Z","event":"request","id":"67b51a3e-5499-49a5-9553-19b1633d6809","method":"GET","path":"/api/v1/video/status","ms":1}
{"time":"2026-09-05T05:44:59.170Z","event":"request","id":"b3929805-59a6-4202-9765-149c795d7000","method":"GET","path":"/api/v1/video/status","ms":0}
{"time":"2026-09-05T05:45:01.141Z","event":"edge_tts.retry","attempt":1,"message":"edge-tts 退出码 1：Traceback (most recent call last):\r\n  File \"C:\\Users\\ASUS\\AppData\\Local\\Programs\\Python\\Python313\\Lib\\site-packages\\aiohttp\\connector.py\", line 1316, in _wrap_create_connection\r\n    return await self."}
{"time":"2026-09-05T05:45:01.176Z","event":"request","id":"805ab3dd-59ac-421e-9f0a-6618cc802785","method":"GET","path":"/api/v1/video/status","ms":1}
{"time":"2026-09-05T05:45:02.599Z","event":"edge_tts.retry","attempt":2,"message":"edge-tts 退出码 1：Traceback (most recent call last):\r\n  File \"C:\\Users\\ASUS\\AppData\\Local\\Programs\\Python\\Python313\\Lib\\site-packages\\aiohttp\\connector.py\", line 1316, in _wrap_create_connection\r\n    return await self."}
{"time":"2026-09-05T05:45:03.181Z","event":"request","id":"e79ea458-7b82-48d4-81df-0b579c393f3a","method":"GET","path":"/api/v1/video/status","ms":0}
{"time":"2026-09-05T05:45:05.186Z","event":"request","id":"83c0f09f-5690-4eb9-9d71-2791af14320f","method":"GET","path":"/api/v1/video/status","ms":1}
{"time":"2026-09-05T05:45:05.246Z","event":"edge_tts.retry","attempt":3,"message":"edge-tts 退出码 1：Traceback (most recent call last):\r\n  File \"C:\\Users\\ASUS\\AppData\\Local\\Programs\\Python\\Python313\\Lib\\site-packages\\aiohttp\\connector.py\", line 1316, in _wrap_create_connection\r\n    return await self."}
{"time":"2026-09-05T05:45:07.192Z","event":"request","id":"6d3031fa-8621-4e76-ac42-f05c1f2eecf5","method":"GET","path":"/api/v1/video/status","ms":0}
{"time":"2026-09-05T05:45:09.093Z","event":"edge_tts.retry","attempt":4,"message":"edge-tts 退出码 1：Traceback (most recent call last):\r\n  File \"C:\\Users\\ASUS\\AppData\\Local\\Programs\\Python\\Python313\\Lib\\site-packages\\aiohttp\\connector.py\", line 1316, in _wrap_create_connection\r\n    return await self."}
{"time":"2026-09-05T05:45:09.198Z","event":"request","id":"3d353034-a232-46a4-805b-9b757259835e","method":"GET","path":"/api/v1/video/status","ms":1}
{"time":"2026-09-05T05:45:11.202Z","event":"request","id":"8856f034-0003-4de3-84c5-a5c4c5cc4ce5","method":"GET","path":"/api/v1/video/status","ms":1}
{"time":"2026-09-05T05:45:13.194Z","event":"edge_tts.failed","text":"接着对左右两边的部分再次执行相同的操作，直到所有子序列都完成排序。"}
{"time":"2026-09-05T05:45:13.209Z","event":"request","id":"46cf9a6e-4a93-4c30-9914-ca77b6e5642d","method":"GET","path":"/api/v1/video/status","ms":0}
{"time":"2026-09-05T05:45:15.214Z","event":"request","id":"4a2e1c2e-1edf-4664-be5a-4f41fba85616","method":"GET","path":"/api/v1/video/status","ms":0}
{"time":"2026-09-05T05:45:17.218Z","event":"request","id":"9c7c138e-6a47-4cdd-9989-2eda4e044408","method":"GET","path":"/api/v1/video/status","ms":0}
{"time":"2026-09-05T05:45:19.223Z","event":"request","id":"7ae80595-bfa2-4b9b-b831-452dabaab2ab","method":"GET","path":"/api/v1/video/status","ms":1}
{"time":"2026-09-05T05:45:21.231Z","event":"request","id":"a52bb1b5-6e01-4f33-9b1d-a274f583b54a","method":"GET","path":"/api/v1/video/status","ms":1}
{"time":"2026-09-05T05:45:23.237Z","event":"request","id":"d2639815-748d-4365-b429-9101094c45a8","method":"GET","path":"/api/v1/video/status","ms":1}
{"time":"2026-09-05T05:45:25.242Z","event":"request","id":"048d63cb-98ef-475e-962c-a47dd770dd14","method":"GET","path":"/api/v1/video/status","ms":0}
{"time":"2026-09-05T05:45:27.247Z","event":"request","id":"caec160e-0296-4812-be8a-cb06bf108f37","method":"GET","path":"/api/v1/video/status","ms":0}
{"time":"2026-09-05T05:45:29.253Z","event":"request","id":"ac2fb425-69be-4f96-b3f5-5f410109c872","method":"GET","path":"/api/v1/video/status","ms":1}
{"time":"2026-09-05T05:45:31.016Z","event":"edge_tts.retry","attempt":1,"message":"edge-tts 退出码 1：Traceback (most recent call last):\r\n  File \"C:\\Users\\ASUS\\AppData\\Local\\Programs\\Python\\Python313\\Lib\\site-packages\\aiohttp\\connector.py\", line 1316, in _wrap_create_connection\r\n    return await self."}
{"time":"2026-09-05T05:45:31.259Z","event":"request","id":"a4fded4c-695d-4e02-94c3-83ba543460c7","method":"GET","path":"/api/v1/video/status","ms":1}
{"time":"2026-09-05T05:45:32.466Z","event":"edge_tts.retry","attempt":2,"message":"edge-tts 退出码 1：Traceback (most recent call last):\r\n  File \"C:\\Users\\ASUS\\AppData\\Local\\Programs\\Python\\Python313\\Lib\\site-packages\\aiohttp\\connector.py\", line 1316, in _wrap_create_connection\r\n    return await self."}
{"time":"2026-09-05T05:45:33.264Z","event":"request","id":"a5870f8c-aa82-430e-8f31-57f75fac3e6e","method":"GET","path":"/api/v1/video/status","ms":0}
{"time":"2026-09-05T05:45:35.269Z","event":"request","id":"95693d58-aeef-46c7-8099-ee4c074441b4","method":"GET","path":"/api/v1/video/status","ms":0}
{"time":"2026-09-05T05:45:37.275Z","event":"request","id":"ffa4a610-0589-434b-adf3-2e78ba7f4559","method":"GET","path":"/api/v1/video/status","ms":0}
{"time":"2026-09-05T05:45:37.950Z","event":"edge_tts.retry","attempt":1,"message":"edge-tts 退出码 1：Traceback (most recent call last):\r\n  File \"C:\\Users\\ASUS\\AppData\\Local\\Programs\\Python\\Python313\\Lib\\site-packages\\aiohttp\\connector.py\", line 1316, in _wrap_create_connection\r\n    return await self."}
{"time":"2026-09-05T05:45:39.280Z","event":"request","id":"111ceb40-4fb3-47e5-947c-5c3981fac7be","method":"GET","path":"/api/v1/video/status","ms":0}
{"time":"2026-09-05T05:45:39.410Z","event":"edge_tts.retry","attempt":2,"message":"edge-tts 退出码 1：Traceback (most recent call last):\r\n  File \"C:\\Users\\ASUS\\AppData\\Local\\Programs\\Python\\Python313\\Lib\\site-packages\\aiohttp\\connector.py\", line 1316, in _wrap_create_connection\r\n    return await self."}
{"time":"2026-09-05T05:45:41.287Z","event":"request","id":"56e6d6b1-9c90-431b-827c-9e0f5bc919eb","method":"GET","path":"/api/v1/video/status","ms":0}
{"time":"2026-09-05T05:45:42.055Z","event":"edge_tts.retry","attempt":3,"message":"edge-tts 退出码 1：Traceback (most recent call last):\r\n  File \"C:\\Users\\ASUS\\AppData\\Local\\Programs\\Python\\Python313\\Lib\\site-packages\\aiohttp\\connector.py\", line 1316, in _wrap_create_connection\r\n    return await self."}
{"time":"2026-09-05T05:45:43.291Z","event":"request","id":"bdcc9f77-59e0-425c-89a8-8922b9afba7c","method":"GET","path":"/api/v1/video/status","ms":0}
{"time":"2026-09-05T05:45:45.297Z","event":"request","id":"56bb4d1e-142c-414c-a9e9-fa1ddc7873f7","method":"GET","path":"/api/v1/video/status","ms":0}
{"time":"2026-09-05T05:45:47.312Z","event":"request","id":"e0c1d5f3-133a-4a44-95a8-31d667cfb868","method":"GET","path":"/api/v1/video/status","ms":0}
{"time":"2026-09-05T05:45:49.319Z","event":"request","id":"de84a9b0-74f9-4023-8ae8-2de217a0da0a","method":"GET","path":"/api/v1/video/status","ms":0}
{"time":"2026-09-05T05:45:51.253Z","event":"edge_tts.retry","attempt":1,"message":"edge-tts 退出码 1：Traceback (most recent call last):\r\n  File \"C:\\Users\\ASUS\\AppData\\Local\\Programs\\Python\\Python313\\Lib\\site-packages\\aiohttp\\connector.py\", line 1316, in _wrap_create_connection\r\n    return await self."}
{"time":"2026-09-05T05:45:51.325Z","event":"request","id":"5fb822f6-b495-4407-b657-ff49c474684e","method":"GET","path":"/api/v1/video/status","ms":0}
{"time":"2026-09-05T05:45:52.705Z","event":"edge_tts.retry","attempt":2,"message":"edge-tts 退出码 1：Traceback (most recent call last):\r\n  File \"C:\\Users\\ASUS\\AppData\\Local\\Programs\\Python\\Python313\\Lib\\site-packages\\aiohttp\\connector.py\", line 1316, in _wrap_create_connection\r\n    return await self."}
{"time":"2026-09-05T05:45:53.330Z","event":"request","id":"3022488c-7d9b-46f0-81ad-de9eddde532e","method":"GET","path":"/api/v1/video/status","ms":0}
{"time":"2026-09-05T05:45:55.336Z","event":"request","id":"eae4e65a-3770-496c-81dd-d3a314c7b5e2","method":"GET","path":"/api/v1/video/status","ms":0}
{"time":"2026-09-05T05:45:57.342Z","event":"request","id":"03416cc2-da7e-43a3-85e4-ac714ae77e7a","method":"GET","path":"/api/v1/video/status","ms":1}
{"time":"2026-09-05T05:45:59.347Z","event":"request","id":"a549ee43-df6e-4bcd-97fb-4a673bf59f96","method":"GET","path":"/api/v1/video/status","ms":0}
{"time":"2026-09-05T05:46:00.722Z","event":"edge_tts.retry","attempt":1,"message":"edge-tts 退出码 1：Traceback (most recent call last):\r\n  File \"C:\\Users\\ASUS\\AppData\\Local\\Programs\\Python\\Python313\\Lib\\site-packages\\aiohttp\\connector.py\", line 1316, in _wrap_create_connection\r\n    return await self."}
{"time":"2026-09-05T05:46:01.353Z","event":"request","id":"150dcc6b-772a-4d83-8661-a09f492b58c3","method":"GET","path":"/api/v1/video/status","ms":1}
{"time":"2026-09-05T05:46:03.358Z","event":"request","id":"a361c7d8-65b4-4299-9c81-4df04f21cb23","method":"GET","path":"/api/v1/video/status","ms":0}
{"time":"2026-09-05T05:46:04.653Z","event":"edge_tts.retry","attempt":1,"message":"edge-tts 退出码 1：Traceback (most recent call last):\r\n  File \"C:\\Users\\ASUS\\AppData\\Local\\Programs\\Python\\Python313\\Lib\\site-packages\\aiohttp\\connector.py\", line 1316, in _wrap_create_connection\r\n    return await self."}
{"time":"2026-09-05T05:46:05.364Z","event":"request","id":"8fbea62e-7a82-4407-b276-12d32e144fe9","method":"GET","path":"/api/v1/video/status","ms":0}
{"time":"2026-09-05T05:46:06.126Z","event":"edge_tts.retry","attempt":2,"message":"edge-tts 退出码 1：Traceback (most recent call last):\r\n  File \"C:\\Users\\ASUS\\AppData\\Local\\Programs\\Python\\Python313\\Lib\\site-packages\\aiohttp\\connector.py\", line 1316, in _wrap_create_connection\r\n    return await self."}
{"time":"2026-09-05T05:46:07.369Z","event":"request","id":"2910de35-d2bf-4aef-a215-d0be421b72f0","method":"GET","path":"/api/v1/video/status","ms":0}
{"time":"2026-09-05T05:46:08.771Z","event":"edge_tts.retry","attempt":3,"message":"edge-tts 退出码 1：Traceback (most recent call last):\r\n  File \"C:\\Users\\ASUS\\AppData\\Local\\Programs\\Python\\Python313\\Lib\\site-packages\\aiohttp\\connector.py\", line 1316, in _wrap_create_connection\r\n    return await self."}
{"time":"2026-09-05T05:46:09.374Z","event":"request","id":"c84212db-fe24-46c9-a39e-934855bac0d6","method":"GET","path":"/api/v1/video/status","ms":0}
{"time":"2026-09-05T05:46:11.380Z","event":"request","id":"d89c4665-301d-4041-8b4b-bd37b3f94862","method":"GET","path":"/api/v1/video/status","ms":0}
{"time":"2026-09-05T05:46:12.617Z","event":"edge_tts.retry","attempt":4,"message":"edge-tts 退出码 1：Traceback (most recent call last):\r\n  File \"C:\\Users\\ASUS\\AppData\\Local\\Programs\\Python\\Python313\\Lib\\site-packages\\aiohttp\\connector.py\", line 1316, in _wrap_create_connection\r\n    return await self."}
{"time":"2026-09-05T05:46:13.386Z","event":"request","id":"39ec4c8e-5c71-423c-8f79-0305ae818481","method":"GET","path":"/api/v1/video/status","ms":0}
{"time":"2026-09-05T05:46:15.391Z","event":"request","id":"abeb78a8-dc8e-4a99-8909-dd01c0c37428","method":"GET","path":"/api/v1/video/status","ms":0}
{"time":"2026-09-05T05:46:16.729Z","event":"edge_tts.failed","text":"可以看到，在第一次划分后，数组变成了[5, 2, 1, 8, 9]的样子。"}
{"time":"2026-09-05T05:46:17.397Z","event":"request","id":"7ee93a20-c6d9-4ad6-bd8b-ddb0e3875d01","method":"GET","path":"/api/v1/video/status","ms":0}
{"time":"2026-09-05T05:46:17.992Z","event":"edge_tts.retry","attempt":1,"message":"edge-tts 退出码 1：Traceback (most recent call last):\r\n  File \"C:\\Users\\ASUS\\AppData\\Local\\Programs\\Python\\Python313\\Lib\\site-packages\\aiohttp\\connector.py\", line 1316, in _wrap_create_connection\r\n    return await self."}
{"time":"2026-09-05T05:46:19.403Z","event":"request","id":"56dc985c-a513-4f26-b10d-52b7ae5d20d1","method":"GET","path":"/api/v1/video/status","ms":1}
{"time":"2026-09-05T05:46:19.476Z","event":"edge_tts.retry","attempt":2,"message":"edge-tts 退出码 1：Traceback (most recent call last):\r\n  File \"C:\\Users\\ASUS\\AppData\\Local\\Programs\\Python\\Python313\\Lib\\site-packages\\aiohttp\\connector.py\", line 1316, in _wrap_create_connection\r\n    return await self."}
{"time":"2026-09-05T05:46:21.409Z","event":"request","id":"7d05efb6-dd78-4867-87d9-fcb0854df29f","method":"GET","path":"/api/v1/video/status","ms":1}
{"time":"2026-09-05T05:46:23.413Z","event":"request","id":"2f3b2559-1824-47ba-80e5-85f96a7caf84","method":"GET","path":"/api/v1/video/status","ms":0}
{"time":"2026-09-05T05:46:25.419Z","event":"request","id":"705f860e-394a-4ab3-9a10-72364a7e0ff2","method":"GET","path":"/api/v1/video/status","ms":0}
{"time":"2026-09-05T05:46:27.425Z","event":"request","id":"ca763a6d-075b-415e-bb37-65da3bfdb1f7","method":"GET","path":"/api/v1/video/status","ms":1}
{"time":"2026-09-05T05:46:27.599Z","event":"edge_tts.retry","attempt":1,"message":"edge-tts 退出码 1：Traceback (most recent call last):\r\n  File \"C:\\Users\\ASUS\\AppData\\Local\\Programs\\Python\\Python313\\Lib\\site-packages\\aiohttp\\connector.py\", line 1316, in _wrap_create_connection\r\n    return await self."}
{"time":"2026-09-05T05:46:29.062Z","event":"edge_tts.retry","attempt":2,"message":"edge-tts 退出码 1：Traceback (most recent call last):\r\n  File \"C:\\Users\\ASUS\\AppData\\Local\\Programs\\Python\\Python313\\Lib\\site-packages\\aiohttp\\connector.py\", line 1316, in _wrap_create_connection\r\n    return await self."}
{"time":"2026-09-05T05:46:29.430Z","event":"request","id":"0927935b-a88b-46c3-a176-f39669594dd0","method":"GET","path":"/api/v1/video/status","ms":0}
{"time":"2026-09-05T05:46:31.436Z","event":"request","id":"5ccc901d-2c00-4bab-82a1-bbecf12f536a","method":"GET","path":"/api/v1/video/status","ms":1}
{"time":"2026-09-05T05:46:33.442Z","event":"request","id":"cc90c615-6850-4e32-a9f7-9bd89c48f218","method":"GET","path":"/api/v1/video/status","ms":1}
{"time":"2026-09-05T05:46:34.613Z","event":"edge_tts.retry","attempt":1,"message":"edge-tts 退出码 1：Traceback (most recent call last):\r\n  File \"C:\\Users\\ASUS\\AppData\\Local\\Programs\\Python\\Python313\\Lib\\site-packages\\aiohttp\\connector.py\", line 1316, in _wrap_create_connection\r\n    return await self."}
{"time":"2026-09-05T05:46:35.447Z","event":"request","id":"65a3c334-d8b2-4241-9263-ba99dae128aa","method":"GET","path":"/api/v1/video/status","ms":1}
{"time":"2026-09-05T05:46:36.062Z","event":"edge_tts.retry","attempt":2,"message":"edge-tts 退出码 1：Traceback (most recent call last):\r\n  File \"C:\\Users\\ASUS\\AppData\\Local\\Programs\\Python\\Python313\\Lib\\site-packages\\aiohttp\\connector.py\", line 1316, in _wrap_create_connection\r\n    return await self."}
{"time":"2026-09-05T05:46:37.467Z","event":"request","id":"4d7d479d-daa9-45fc-adda-580c3bea8943","method":"GET","path":"/watch.html","ms":1}
{"time":"2026-09-05T05:46:37.503Z","event":"request","id":"21523f62-a234-4ef1-a9f6-66d634d70451","method":"GET","path":"/mdrender.js","ms":3}
{"time":"2026-09-05T05:46:37.503Z","event":"request","id":"ad04f7c2-b1eb-4621-a1c6-bd792c5bf53d","method":"GET","path":"/lieflat-charts.js","ms":2}
{"time":"2026-09-05T05:46:37.504Z","event":"request","id":"cfa532e1-eda1-4541-a4da-320e2debe865","method":"GET","path":"/lucide-unify.js","ms":3}
{"time":"2026-09-05T05:46:37.504Z","event":"request","id":"d048eafa-7765-495e-8319-1f08d36bd0f2","method":"GET","path":"/scene-templates.js","ms":2}
{"time":"2026-09-05T05:46:37.504Z","event":"request","id":"fc611260-980b-4ad9-9228-55c147ce4dff","method":"GET","path":"/courseware-engine.js","ms":2}
{"time":"2026-09-05T05:46:37.513Z","event":"request","id":"55431e0c-8d43-40a6-b5e2-85f61eaa7c88","method":"GET","path":"/api/v1/video/status","ms":1}
{"time":"2026-09-05T05:46:38.712Z","event":"edge_tts.retry","attempt":3,"message":"edge-tts 退出码 1：Traceback (most recent call last):\r\n  File \"C:\\Users\\ASUS\\AppData\\Local\\Programs\\Python\\Python313\\Lib\\site-packages\\aiohttp\\connector.py\", line 1316, in _wrap_create_connection\r\n    return await self."}
{"time":"2026-09-05T05:46:39.563Z","event":"request","id":"29d5d555-c55b-472e-8836-6b5c624c9b86","method":"GET","path":"/api/v1/video/status","ms":0}
{"time":"2026-09-05T05:46:41.568Z","event":"request","id":"bdbd09f0-dced-4681-8809-789b5c45ded0","method":"GET","path":"/api/v1/video/status","ms":0}
{"time":"2026-09-05T05:46:42.562Z","event":"edge_tts.retry","attempt":4,"message":"edge-tts 退出码 1：Traceback (most recent call last):\r\n  File \"C:\\Users\\ASUS\\AppData\\Local\\Programs\\Python\\Python313\\Lib\\site-packages\\aiohttp\\connector.py\", line 1316, in _wrap_create_connection\r\n    return await self."}
{"time":"2026-09-05T05:46:43.574Z","event":"request","id":"f294ca46-0043-4b8c-b5cf-61307eda6232","method":"GET","path":"/api/v1/video/status","ms":1}
{"time":"2026-09-05T05:46:45.579Z","event":"request","id":"fd48b995-e0c0-41af-a058-5364a91b4b15","method":"GET","path":"/api/v1/video/status","ms":0}
{"time":"2026-09-05T05:46:46.663Z","event":"edge_tts.failed","text":"在最好的情况下，每次都能均匀分割数组，时间复杂度为O(n log n)。"}
{"time":"2026-09-05T05:46:47.584Z","event":"request","id":"05c1c7b6-f6c2-4c9c-bbc7-693d2c81c23f","method":"GET","path":"/api/v1/video/status","ms":0}
{"time":"2026-09-05T05:46:47.950Z","event":"edge_tts.retry","attempt":1,"message":"edge-tts 退出码 1：Traceback (most recent call last):\r\n  File \"C:\\Users\\ASUS\\AppData\\Local\\Programs\\Python\\Python313\\Lib\\site-packages\\aiohttp\\connector.py\", line 1316, in _wrap_create_connection\r\n    return await self."}
{"time":"2026-09-05T05:46:49.399Z","event":"edge_tts.retry","attempt":2,"message":"edge-tts 退出码 1：Traceback (most recent call last):\r\n  File \"C:\\Users\\ASUS\\AppData\\Local\\Programs\\Python\\Python313\\Lib\\site-packages\\aiohttp\\connector.py\", line 1316, in _wrap_create_connection\r\n    return await self."}
{"time":"2026-09-05T05:46:49.590Z","event":"request","id":"402b925a-bafb-47f4-8432-89fe0f9a8e62","method":"GET","path":"/api/v1/video/status","ms":0}
{"time":"2026-09-05T05:46:51.596Z","event":"request","id":"d8b1cd2b-109a-405a-97ce-2593788e0a3a","method":"GET","path":"/api/v1/video/status","ms":1}
{"time":"2026-09-05T05:46:52.097Z","event":"edge_tts.retry","attempt":3,"message":"edge-tts 退出码 1：Traceback (most recent call last):\r\n  File \"C:\\Users\\ASUS\\AppData\\Local\\Programs\\Python\\Python313\\Lib\\site-packages\\aiohttp\\connector.py\", line 1316, in _wrap_create_connection\r\n    return await self."}
{"time":"2026-09-05T05:46:53.601Z","event":"request","id":"f4c05193-219d-4833-b8eb-cb9aca38cc42","method":"GET","path":"/api/v1/video/status","ms":0}
{"time":"2026-09-05T05:46:55.607Z","event":"request","id":"55e93635-9fab-466d-9c88-0f66eacc8178","method":"GET","path":"/api/v1/video/status","ms":0}
{"time":"2026-09-05T05:46:55.978Z","event":"edge_tts.retry","attempt":4,"message":"edge-tts 退出码 1：Traceback (most recent call last):\r\n  File \"C:\\Users\\ASUS\\AppData\\Local\\Programs\\Python\\Python313\\Lib\\site-packages\\aiohttp\\connector.py\", line 1316, in _wrap_create_connection\r\n    return await self."}
{"time":"2026-09-05T05:46:57.615Z","event":"request","id":"9a50fb7a-57dc-482c-a17b-468868b7e35d","method":"GET","path":"/api/v1/video/status","ms":0}
{"time":"2026-09-05T05:46:59.619Z","event":"request","id":"11ddd354-0a34-4d0d-950d-fa6ddbe07ee2","method":"GET","path":"/api/v1/video/status","ms":0}
{"time":"2026-09-05T05:47:00.094Z","event":"edge_tts.failed","text":"平均来说，快速排序也表现出O(n log n)的效率。"}
{"time":"2026-09-05T05:47:01.624Z","event":"request","id":"5a6af037-087a-4214-b143-a16767ddc87d","method":"GET","path":"/api/v1/video/status","ms":1}
{"time":"2026-09-05T05:47:03.629Z","event":"request","id":"6712e3e4-2b14-413c-b5f7-3bcd194649d6","method":"GET","path":"/api/v1/video/status","ms":1}
{"time":"2026-09-05T05:47:05.635Z","event":"request","id":"e59a2f6a-51a7-4d49-9878-280f70aca9b6","method":"GET","path":"/api/v1/video/status","ms":0}
{"time":"2026-09-05T05:47:07.640Z","event":"request","id":"09a6688b-4085-43d0-a52c-4e83b0e497b9","method":"GET","path":"/api/v1/video/status","ms":0}
{"time":"2026-09-05T05:47:09.646Z","event":"request","id":"ce306015-8d72-423a-8d11-3322077e5a1a","method":"GET","path":"/api/v1/video/status","ms":1}
{"time":"2026-09-05T05:47:10.300Z","event":"edge_tts.retry","attempt":1,"message":"edge-tts 退出码 1：Traceback (most recent call last):\r\n  File \"C:\\Users\\ASUS\\AppData\\Local\\Programs\\Python\\Python313\\Lib\\site-packages\\aiohttp\\connector.py\", line 1316, in _wrap_create_connection\r\n    return await self."}
{"time":"2026-09-05T05:47:11.651Z","event":"request","id":"f61c718b-5d53-456d-8ae8-dd002b4eb575","method":"GET","path":"/api/v1/video/status","ms":1}
{"time":"2026-09-05T05:47:11.745Z","event":"edge_tts.retry","attempt":2,"message":"edge-tts 退出码 1：Traceback (most recent call last):\r\n  File \"C:\\Users\\ASUS\\AppData\\Local\\Programs\\Python\\Python313\\Lib\\site-packages\\aiohttp\\connector.py\", line 1316, in _wrap_create_connection\r\n    return await self."}
{"time":"2026-09-05T05:47:13.656Z","event":"request","id":"15019e36-7f0c-49d9-a4d4-cae97f473c46","method":"GET","path":"/api/v1/video/status","ms":0}
{"time":"2026-09-05T05:47:15.663Z","event":"request","id":"6c09ee0b-6774-4add-9d8a-edfba86a5377","method":"GET","path":"/api/v1/video/status","ms":1}
{"time":"2026-09-05T05:47:17.668Z","event":"request","id":"819c636e-f401-4331-81ab-39a482eafee9","method":"GET","path":"/api/v1/video/status","ms":0}
{"time":"2026-09-05T05:47:19.674Z","event":"request","id":"f053c9d8-92d1-4983-948e-b79e130ca140","method":"GET","path":"/api/v1/video/status","ms":1}
{"time":"2026-09-05T05:47:21.679Z","event":"request","id":"c9290e26-284d-4678-9366-eba51af3ce6a","method":"GET","path":"/api/v1/video/status","ms":1}
{"time":"2026-09-05T05:47:23.684Z","event":"request","id":"38d16bcb-3a72-4c5f-b4f2-023816284ae6","method":"GET","path":"/api/v1/video/status","ms":0}
{"time":"2026-09-05T05:47:25.690Z","event":"request","id":"9ade02c3-939e-4139-af7e-7d51478f5dc5","method":"GET","path":"/api/v1/video/status","ms":1}
{"time":"2026-09-05T05:47:27.695Z","event":"request","id":"1b7a6f1d-0584-4be8-8aba-b32b039b3073","method":"GET","path":"/api/v1/video/status","ms":1}
{"time":"2026-09-05T05:47:29.700Z","event":"request","id":"599c33fe-28a7-4549-a609-1f65e4f87442","method":"GET","path":"/api/v1/video/status","ms":1}
{"time":"2026-09-05T05:47:29.995Z","event":"edge_tts.retry","attempt":1,"message":"edge-tts 退出码 1：Traceback (most recent call last):\r\n  File \"C:\\Users\\ASUS\\AppData\\Local\\Programs\\Python\\Python313\\Lib\\site-packages\\aiohttp\\connector.py\", line 1316, in _wrap_create_connection\r\n    return await self."}
{"time":"2026-09-05T05:47:31.706Z","event":"request","id":"e78ac1dc-e314-40f0-959d-3786e101a681","method":"GET","path":"/api/v1/video/status","ms":1}
{"time":"2026-09-05T05:47:33.711Z","event":"request","id":"1b98d29b-87f1-4d78-80df-c3dbb4f9fe6c","method":"GET","path":"/api/v1/video/status","ms":1}
{"time":"2026-09-05T05:47:35.716Z","event":"request","id":"5528a231-fce8-4818-b60a-6690e384f6cc","method":"GET","path":"/api/v1/video/status","ms":1}
{"time":"2026-09-05T05:47:36.652Z","event":"edge_tts.retry","attempt":1,"message":"edge-tts 退出码 1：Traceback (most recent call last):\r\n  File \"C:\\Users\\ASUS\\AppData\\Local\\Programs\\Python\\Python313\\Lib\\site-packages\\aiohttp\\connector.py\", line 1316, in _wrap_create_connection\r\n    return await self."}
{"time":"2026-09-05T05:47:37.719Z","event":"request","id":"5b4f222c-fc33-4f7a-8ffd-a26cb2905bb5","method":"GET","path":"/api/v1/video/status","ms":0}
{"time":"2026-09-05T05:47:38.087Z","event":"edge_tts.retry","attempt":2,"message":"edge-tts 退出码 1：Traceback (most recent call last):\r\n  File \"C:\\Users\\ASUS\\AppData\\Local\\Programs\\Python\\Python313\\Lib\\site-packages\\aiohttp\\connector.py\", line 1316, in _wrap_create_connection\r\n    return await self."}
{"time":"2026-09-05T05:47:39.728Z","event":"request","id":"84e25397-1ad5-4e30-8b0c-becb9b71ca4a","method":"GET","path":"/api/v1/video/status","ms":1}
{"time":"2026-09-05T05:47:41.733Z","event":"request","id":"1d2b76c1-e13c-402f-a1c5-8a5fb63e7ed5","method":"GET","path":"/api/v1/video/status","ms":1}
{"time":"2026-09-05T05:47:43.212Z","event":"edge_tts.retry","attempt":1,"message":"edge-tts 退出码 1：Traceback (most recent call last):\r\n  File \"C:\\Users\\ASUS\\AppData\\Local\\Programs\\Python\\Python313\\Lib\\site-packages\\aiohttp\\connector.py\", line 1316, in _wrap_create_connection\r\n    return await self."}
{"time":"2026-09-05T05:47:43.738Z","event":"request","id":"90f49cec-3495-453f-8175-3651461c11a0","method":"GET","path":"/api/v1/video/status","ms":0}
{"time":"2026-09-05T05:47:45.744Z","event":"request","id":"e8c62c9b-ec9e-4e39-9630-5acd15b05ff7","method":"GET","path":"/api/v1/video/status","ms":1}
{"time":"2026-09-05T05:47:47.516Z","event":"edge_tts.retry","attempt":1,"message":"edge-tts 退出码 1：Traceback (most recent call last):\r\n  File \"C:\\Users\\ASUS\\AppData\\Local\\Programs\\Python\\Python313\\Lib\\site-packages\\aiohttp\\connector.py\", line 1316, in _wrap_create_connection\r\n    return await self."}
{"time":"2026-09-05T05:47:47.749Z","event":"request","id":"774e8a44-d2c0-43bc-b76e-f0eb36075337","method":"GET","path":"/api/v1/video/status","ms":0}
{"time":"2026-09-05T05:47:48.965Z","event":"edge_tts.retry","attempt":2,"message":"edge-tts 退出码 1：Traceback (most recent call last):\r\n  File \"C:\\Users\\ASUS\\AppData\\Local\\Programs\\Python\\Python313\\Lib\\site-packages\\aiohttp\\connector.py\", line 1316, in _wrap_create_connection\r\n    return await self."}
{"time":"2026-09-05T05:47:49.755Z","event":"request","id":"64f707e1-7447-402b-92a1-6ce268a06416","method":"GET","path":"/api/v1/video/status","ms":1}
{"time":"2026-09-05T05:47:51.760Z","event":"request","id":"8d1db16b-9c8b-4a54-970b-11ceaabe4f3b","method":"GET","path":"/api/v1/video/status","ms":0}
{"time":"2026-09-05T05:47:53.766Z","event":"request","id":"c5f65b17-d311-4da0-afd8-270210f50ca2","method":"GET","path":"/api/v1/video/status","ms":1}
{"time":"2026-09-05T05:47:55.772Z","event":"request","id":"428e27ec-c0ef-46af-84b6-1376a8f3341d","method":"GET","path":"/api/v1/video/status","ms":1}
{"time":"2026-09-05T05:47:57.777Z","event":"request","id":"49aacf17-8a91-4433-8ff1-87e85ccdd0ae","method":"GET","path":"/api/v1/video/status","ms":1}
{"time":"2026-09-05T05:47:59.782Z","event":"request","id":"21bb4374-e417-4c5f-8ad0-b01f5e0cce5c","method":"GET","path":"/api/v1/video/status","ms":0}
{"time":"2026-09-05T05:48:00.018Z","event":"edge_tts.retry","attempt":1,"message":"edge-tts 退出码 1：Traceback (most recent call last):\r\n  File \"C:\\Users\\ASUS\\AppData\\Local\\Programs\\Python\\Python313\\Lib\\site-packages\\aiohttp\\connector.py\", line 1316, in _wrap_create_connection\r\n    return await self."}
{"time":"2026-09-05T05:48:01.789Z","event":"request","id":"4b62d556-22ad-4485-a396-ddb321d95ad3","method":"GET","path":"/api/v1/video/status","ms":1}
{"time":"2026-09-05T05:48:03.793Z","event":"request","id":"33043b95-e218-4ab9-b556-f1a993689e1e","method":"GET","path":"/api/v1/video/status","ms":0}
{"time":"2026-09-05T05:48:05.799Z","event":"request","id":"afc62e52-3936-49e3-9cda-d82913617969","method":"GET","path":"/api/v1/video/status","ms":0}
{"time":"2026-09-05T05:48:07.804Z","event":"request","id":"5b822f4d-fe1c-4079-8c39-346240559148","method":"GET","path":"/api/v1/video/status","ms":0}
{"time":"2026-09-05T05:48:09.810Z","event":"request","id":"f4004315-f396-4695-bd96-504bca5de99d","method":"GET","path":"/api/v1/video/status","ms":0}
{"time":"2026-09-05T05:48:11.816Z","event":"request","id":"e55e30d9-0207-4e6e-911e-dd1cb4213374","method":"GET","path":"/api/v1/video/status","ms":1}
{"time":"2026-09-05T05:48:13.126Z","event":"edge_tts.retry","attempt":1,"message":"edge-tts 退出码 1：Traceback (most recent call last):\r\n  File \"C:\\Users\\ASUS\\AppData\\Local\\Programs\\Python\\Python313\\Lib\\site-packages\\aiohttp\\connector.py\", line 1316, in _wrap_create_connection\r\n    return await self."}
{"time":"2026-09-05T05:48:13.824Z","event":"request","id":"3b3de833-bc36-4ff6-8f15-09302ed0cbd3","method":"GET","path":"/api/v1/video/status","ms":0}
{"time":"2026-09-05T05:48:14.580Z","event":"edge_tts.retry","attempt":2,"message":"edge-tts 退出码 1：Traceback (most recent call last):\r\n  File \"C:\\Users\\ASUS\\AppData\\Local\\Programs\\Python\\Python313\\Lib\\site-packages\\aiohttp\\connector.py\", line 1316, in _wrap_create_connection\r\n    return await self."}
{"time":"2026-09-05T05:48:15.832Z","event":"request","id":"f9eed1ec-fb60-4a65-8174-2bb61dd5174b","method":"GET","path":"/api/v1/video/status","ms":0}
{"time":"2026-09-05T05:48:17.838Z","event":"request","id":"0ca8aae3-58a4-4401-a02e-f0570768c4d9","method":"GET","path":"/api/v1/video/status","ms":1}
{"time":"2026-09-05T05:48:19.843Z","event":"request","id":"5331e9e1-2d86-410c-a171-a2d5a86a3402","method":"GET","path":"/api/v1/video/status","ms":0}
{"time":"2026-09-05T05:48:20.291Z","event":"edge_tts.retry","attempt":1,"message":"edge-tts 退出码 1：Traceback (most recent call last):\r\n  File \"C:\\Users\\ASUS\\AppData\\Local\\Programs\\Python\\Python313\\Lib\\site-packages\\aiohttp\\connector.py\", line 1316, in _wrap_create_connection\r\n    return await self."}
{"time":"2026-09-05T05:48:21.849Z","event":"request","id":"64109286-b988-4b3b-96a2-f4b73edce882","method":"GET","path":"/api/v1/video/status","ms":0}
{"time":"2026-09-05T05:48:23.854Z","event":"request","id":"1234d0fd-58d0-4175-bf5b-eae64526883b","method":"GET","path":"/api/v1/video/status","ms":0}
{"time":"2026-09-05T05:48:25.860Z","event":"request","id":"de662b49-0298-4468-b2f0-41f0fb66fb59","method":"GET","path":"/api/v1/video/status","ms":1}
{"time":"2026-09-05T05:48:27.868Z","event":"request","id":"e5ad1aea-096d-4155-bfa9-4f535e8bc805","method":"GET","path":"/api/v1/video/status","ms":1}
{"time":"2026-09-05T05:48:28.006Z","event":"request","id":"b06a58ff-5f67-4894-8b6c-bbb4890ef7c9","method":"GET","path":"/api/v1/video/slide-svg","ms":2}
{"time":"2026-09-05T05:48:28.007Z","event":"request","id":"57228b74-b88e-4192-b50b-098b709f404a","method":"GET","path":"/api/v1/video/slide-svg","ms":1}
{"time":"2026-09-05T05:48:28.008Z","event":"request","id":"a416b9a6-0208-4a5e-b2c2-f6ec2f3cc360","method":"GET","path":"/api/v1/video/slide-svg","ms":0}
{"time":"2026-09-05T05:48:28.009Z","event":"request","id":"9c8b6689-2a5d-49b3-88a2-e8444664fd56","method":"GET","path":"/api/v1/video/slide-svg","ms":0}
{"time":"2026-09-05T05:48:28.010Z","event":"request","id":"f24dd47e-a9b7-4a40-9f15-2c205efa8a6d","method":"GET","path":"/api/v1/video/slide-svg","ms":1}
{"time":"2026-09-05T05:48:28.011Z","event":"request","id":"c855c256-8ed6-4ba0-a832-8a8a14632a53","method":"GET","path":"/api/v1/video/slide-svg","ms":1}
{"time":"2026-09-05T05:48:28.024Z","event":"request","id":"e9f7c355-caa6-4565-bf7c-f73a8fabc52d","method":"GET","path":"/api/v1/video/slide-svg","ms":0}
{"time":"2026-09-05T05:48:28.025Z","event":"request","id":"3bb3f222-7c4b-40b6-8b82-2dacc26e9856","method":"GET","path":"/api/v1/video/slide-svg","ms":1}
{"time":"2026-09-05T05:48:28.026Z","event":"request","id":"3ba9b74d-7ba0-45b3-b39d-e782a33971a9","method":"GET","path":"/storage/audio/cw-fa3f4c82-p0-s0.mp3","ms":1}
{"time":"2026-09-05T05:48:28.027Z","event":"request","id":"574c331b-1d9e-4f6d-8b8c-06f911bb677f","method":"GET","path":"/storage/audio/cw-fa3f4c82-p0-s1.mp3","ms":2}
{"time":"2026-09-05T05:48:28.027Z","event":"request","id":"e589efc5-4a6e-4e51-bbce-c4f83151bcc6","method":"GET","path":"/storage/audio/cw-fa3f4c82-p0-s2.mp3","ms":2}
{"time":"2026-09-05T05:48:28.027Z","event":"request","id":"45a0c100-6bef-4063-8f61-614d8ff39693","method":"GET","path":"/storage/audio/cw-fa3f4c82-p0-s3.mp3","ms":1}
{"time":"2026-09-05T05:48:28.030Z","event":"request","id":"ecc57184-4144-49a1-b502-a0a4fbabda14","method":"GET","path":"/storage/audio/cw-fa3f4c82-p0-s4.mp3","ms":1}
{"time":"2026-09-05T05:48:28.031Z","event":"request","id":"7acc454f-02cf-463d-b4ba-e1c416db3082","method":"GET","path":"/storage/audio/cw-fa3f4c82-p0-s5.mp3","ms":1}
{"time":"2026-09-05T05:48:28.032Z","event":"request","id":"7d2561b4-2496-4bf1-a2d8-d597862c7b80","method":"GET","path":"/storage/audio/cw-fa3f4c82-p0-s6.mp3","ms":1}
{"time":"2026-09-05T05:48:28.032Z","event":"request","id":"27fc4e89-430b-43c6-94d5-3b4301e9c5ad","method":"GET","path":"/storage/audio/cw-fa3f4c82-p1-s0.mp3","ms":1}
{"time":"2026-09-05T05:48:28.033Z","event":"request","id":"1b8d6186-3551-4391-a1ad-02e4a9271421","method":"GET","path":"/storage/audio/cw-fa3f4c82-p1-s1.mp3","ms":2}
{"time":"2026-09-05T05:48:28.033Z","event":"request","id":"5203d5c6-f868-4d88-bb8c-8808b15a7d03","method":"GET","path":"/storage/audio/cw-fa3f4c82-p1-s2.mp3","ms":1}
{"time":"2026-09-05T05:48:28.035Z","event":"request","id":"2f69761a-793d-4267-985b-1852874269b8","method":"GET","path":"/storage/audio/cw-fa3f4c82-p1-s4.mp3","ms":0}
{"time":"2026-09-05T05:48:28.036Z","event":"request","id":"6bb7d928-edc3-4d03-ae79-d82617b3f2f9","method":"GET","path":"/storage/audio/cw-fa3f4c82-p1-s5.mp3","ms":1}
{"time":"2026-09-05T05:48:28.036Z","event":"request","id":"2845e267-ba80-434b-b6ae-38a11cda87b4","method":"GET","path":"/storage/audio/cw-fa3f4c82-p2-s0.mp3","ms":0}
{"time":"2026-09-05T05:48:28.037Z","event":"request","id":"74bad60b-387e-4e4e-8c00-76cb805e9bc5","method":"GET","path":"/storage/audio/cw-fa3f4c82-p2-s1.mp3","ms":0}
{"time":"2026-09-05T05:48:28.038Z","event":"request","id":"05e5ae4c-7b84-49b3-887c-6876d456fdab","method":"GET","path":"/storage/audio/cw-fa3f4c82-p2-s2.mp3","ms":1}
{"time":"2026-09-05T05:48:28.039Z","event":"request","id":"68383a7a-a166-4138-b282-1179adf8a0dd","method":"GET","path":"/storage/audio/cw-fa3f4c82-p2-s3.mp3","ms":1}
{"time":"2026-09-05T05:48:28.042Z","event":"request","id":"d1fc3b6f-1ddf-4356-941f-95c6366405d4","method":"GET","path":"/storage/audio/cw-fa3f4c82-p2-s4.mp3","ms":1}
{"time":"2026-09-05T05:48:28.042Z","event":"request","id":"ea624d1b-6121-49f2-969f-d54f27295d16","method":"GET","path":"/storage/audio/cw-fa3f4c82-p2-s5.mp3","ms":1}
{"time":"2026-09-05T05:48:28.043Z","event":"request","id":"d9d7bcee-dd0f-486c-8db0-bccea436370c","method":"GET","path":"/storage/audio/cw-fa3f4c82-p2-s6.mp3","ms":2}
{"time":"2026-09-05T05:48:28.043Z","event":"request","id":"27a32d5c-d51c-45cf-a0a3-729008b6add1","method":"GET","path":"/storage/audio/cw-fa3f4c82-p3-s0.mp3","ms":1}
{"time":"2026-09-05T05:48:28.043Z","event":"request","id":"d06eace4-bb2e-4f69-8c22-57c00560b6e2","method":"GET","path":"/storage/audio/cw-fa3f4c82-p3-s1.mp3","ms":1}
{"time":"2026-09-05T05:48:28.045Z","event":"request","id":"b431f4ad-cda5-40cc-8843-89ba80604803","method":"GET","path":"/storage/audio/cw-fa3f4c82-p3-s2.mp3","ms":1}
{"time":"2026-09-05T05:48:28.046Z","event":"request","id":"7f56a055-e634-44de-b68a-33cd9ebabb0e","method":"GET","path":"/storage/audio/cw-fa3f4c82-p3-s4.mp3","ms":1}
{"time":"2026-09-05T05:48:28.047Z","event":"request","id":"8489b6fe-45fc-41ac-b46f-06d82d1eaf50","method":"GET","path":"/storage/audio/cw-fa3f4c82-p3-s5.mp3","ms":1}
{"time":"2026-09-05T05:48:28.047Z","event":"request","id":"5c50e6f0-6bea-4b41-9cb5-1293bf8dec9b","method":"GET","path":"/storage/audio/cw-fa3f4c82-p4-s0.mp3","ms":1}
{"time":"2026-09-05T05:48:28.047Z","event":"request","id":"348900e1-f1c9-42ef-9186-d01005442401","method":"GET","path":"/storage/audio/cw-fa3f4c82-p4-s3.mp3","ms":1}
{"time":"2026-09-05T05:48:28.048Z","event":"request","id":"5215b14a-6310-4f85-a330-e747a40f7c94","method":"GET","path":"/storage/audio/cw-fa3f4c82-p4-s4.mp3","ms":0}
{"time":"2026-09-05T05:48:28.050Z","event":"request","id":"e142070f-ada5-42b8-8b45-33ddead3c855","method":"GET","path":"/storage/audio/cw-fa3f4c82-p4-s5.mp3","ms":1}
{"time":"2026-09-05T05:48:28.050Z","event":"request","id":"45aff7ae-beaf-46d1-b9a6-b39e3b87c119","method":"GET","path":"/storage/audio/cw-fa3f4c82-p5-s0.mp3","ms":1}
{"time":"2026-09-05T05:48:28.051Z","event":"request","id":"0ae4f36c-b2aa-4921-932a-d6f24380bb97","method":"GET","path":"/storage/audio/cw-fa3f4c82-p5-s1.mp3","ms":1}
{"time":"2026-09-05T05:48:28.052Z","event":"request","id":"6ca75e6b-f805-4cff-8c7e-2cb15e239ce3","method":"GET","path":"/storage/audio/cw-fa3f4c82-p5-s2.mp3","ms":1}
{"time":"2026-09-05T05:48:28.052Z","event":"request","id":"7247d8f4-fc57-4076-960b-d30a63d4dcd5","method":"GET","path":"/storage/audio/cw-fa3f4c82-p5-s3.mp3","ms":1}
{"time":"2026-09-05T05:48:28.052Z","event":"request","id":"5d2f253d-d1a1-4b2c-9460-73ed0f8a12e6","method":"GET","path":"/storage/audio/cw-fa3f4c82-p5-s4.mp3","ms":0}
{"time":"2026-09-05T05:48:28.056Z","event":"request","id":"bba10735-675d-4e76-970c-00709f6ba63b","method":"GET","path":"/storage/audio/cw-fa3f4c82-p5-s5.mp3","ms":1}
{"time":"2026-09-05T05:48:28.056Z","event":"request","id":"e0b0f8d9-4c17-4ee8-b464-8fbef7f658ec","method":"GET","path":"/storage/audio/cw-fa3f4c82-p6-s0.mp3","ms":1}
{"time":"2026-09-05T05:48:28.056Z","event":"request","id":"6e17dcaf-33a4-4df6-af8f-936d99126cf9","method":"GET","path":"/storage/audio/cw-fa3f4c82-p6-s1.mp3","ms":1}
{"time":"2026-09-05T05:48:28.057Z","event":"request","id":"e88dfcf0-5ca1-45c6-94f3-5e1f97187b27","method":"GET","path":"/storage/audio/cw-fa3f4c82-p6-s2.mp3","ms":1}
{"time":"2026-09-05T05:48:28.057Z","event":"request","id":"943c30e8-57e9-442f-bb0d-0e2e760966fa","method":"GET","path":"/storage/audio/cw-fa3f4c82-p6-s3.mp3","ms":0}
{"time":"2026-09-05T05:48:28.058Z","event":"request","id":"15882d97-8442-441e-8c6e-1c6b5a9efb0f","method":"GET","path":"/storage/audio/cw-fa3f4c82-p6-s4.mp3","ms":1}
{"time":"2026-09-05T05:48:28.062Z","event":"request","id":"0ee5ac68-4698-48ab-ba86-6ec63c918749","method":"GET","path":"/storage/audio/cw-fa3f4c82-p7-s0.mp3","ms":1}
{"time":"2026-09-05T05:48:28.062Z","event":"request","id":"4564aecb-30d5-4f83-b780-12ce7727b516","method":"GET","path":"/storage/audio/cw-fa3f4c82-p7-s1.mp3","ms":1}
{"time":"2026-09-05T05:48:28.062Z","event":"request","id":"79525514-87ca-4c92-aa35-9a95d2425ca5","method":"GET","path":"/storage/audio/cw-fa3f4c82-p7-s2.mp3","ms":1}
{"time":"2026-09-05T05:48:28.062Z","event":"request","id":"bf9b8b57-420a-4e2d-a5ca-2dcba7326451","method":"GET","path":"/storage/audio/cw-fa3f4c82-p6-s5.mp3","ms":2}
{"time":"2026-09-05T05:48:28.062Z","event":"request","id":"3addc0bc-e6da-486d-92a3-a6571db8c6c9","method":"GET","path":"/storage/audio/cw-fa3f4c82-p7-s3.mp3","ms":1}
{"time":"2026-09-05T05:48:28.063Z","event":"request","id":"fe10fa18-ff7e-460f-8e0b-9d6b45fa25b5","method":"GET","path":"/storage/audio/cw-fa3f4c82-p7-s4.mp3","ms":2}
{"time":"2026-09-05T05:48:28.065Z","event":"request","id":"8f4c9af8-9e50-4a77-bed4-7508d1a67a1f","method":"GET","path":"/storage/audio/cw-fa3f4c82-p7-s5.mp3","ms":1}
{"time":"2026-09-05T05:48:28.066Z","event":"request","id":"9789925a-7031-4406-8645-0c00cd560f5c","method":"GET","path":"/storage/audio/cw-fa3f4c82-p7-s6.mp3","ms":1}
{"time":"2026-09-05T05:48:28.066Z","event":"request","id":"b6b981bf-807b-4141-99c6-9401f1a5e030","method":"GET","path":"/storage/audio/cw-fa3f4c82-p7-s7.mp3","ms":1}
{"time":"2026-09-05T05:48:28.067Z","event":"request","id":"84e95c9e-55a8-47d6-bfca-f5c5123351a1","method":"GET","path":"/storage/audio/cw-fa3f4c82-p0-s1.mp3","ms":1}
{"time":"2026-09-05T05:48:28.067Z","event":"request","id":"9a7ccdc1-00b2-46cc-b5ef-4dc98e4ac944","method":"GET","path":"/storage/audio/cw-fa3f4c82-p1-s0.mp3","ms":1}
{"time":"2026-09-05T05:48:28.067Z","event":"request","id":"548868cf-6b04-4b85-93d6-4aaa0f807324","method":"GET","path":"/storage/audio/cw-fa3f4c82-p0-s0.mp3","ms":1}
{"time":"2026-09-05T05:48:28.190Z","event":"request.error","id":"6a9318bb-c01c-419d-a829-8a1c554ab5f4","method":"GET","status":404,"code":"NOT_FOUND"}
{"time":"2026-09-05T05:48:58.125Z","event":"request","id":"a1f71a7a-51d0-41a5-b8ee-d8747aa66981","method":"GET","path":"/storage/audio/cw-fa3f4c82-p6-s1.mp3","ms":1}
{"time":"2026-09-05T05:48:58.126Z","event":"request","id":"6c93aba2-057e-44d8-984a-da464a8f3210","method":"GET","path":"/storage/audio/cw-fa3f4c82-p7-s0.mp3","ms":1}
{"time":"2026-09-05T05:48:58.162Z","event":"request","id":"2a9eed7a-9ebf-44ee-8deb-13d1189f9256","method":"GET","path":"/storage/audio/cw-fa3f4c82-p7-s1.mp3","ms":0}
{"time":"2026-09-05T05:49:08.186Z","event":"request","id":"3c60f561-da08-42b3-8a92-d531e91a8e15","method":"GET","path":"/storage/audio/cw-fa3f4c82-p6-s2.mp3","ms":1}
{"time":"2026-09-05T05:50:09.067Z","event":"request","id":"6da24a64-ccd2-49ba-a387-4875f2ff8d74","method":"GET","path":"/watch.html","ms":1}
{"time":"2026-09-05T05:50:09.101Z","event":"request","id":"c670a2da-a993-4379-a95f-ecded91c1e5e","method":"GET","path":"/mdrender.js","ms":2}
{"time":"2026-09-05T05:50:09.105Z","event":"request","id":"ff767481-0be3-4dcf-bce4-5b200d6faec2","method":"GET","path":"/scene-templates.js","ms":1}
{"time":"2026-09-05T05:50:09.105Z","event":"request","id":"cdbe5bb6-8b5a-4dc6-ad77-22de6da19bdd","method":"GET","path":"/courseware-engine.js","ms":1}
{"time":"2026-09-05T05:50:09.105Z","event":"request","id":"fe1dca44-3134-4496-a4ea-c965e68e2cad","method":"GET","path":"/lieflat-charts.js","ms":1}
{"time":"2026-09-05T05:50:09.266Z","event":"request","id":"0fb43cd2-d27d-44c9-8766-83bc526cfa92","method":"GET","path":"/lucide-unify.js","ms":2}
{"time":"2026-09-05T05:50:09.266Z","event":"request","id":"c802d6c4-e3e5-4d8e-863c-fdbc7c32c67b","method":"GET","path":"/api/v1/video/status","ms":0}
{"time":"2026-09-05T05:50:09.311Z","event":"request","id":"034d8c9b-ebc4-4518-bbf1-9c76cd97b90b","method":"GET","path":"/api/v1/video/slide-svg","ms":1}
{"time":"2026-09-05T05:50:09.311Z","event":"request","id":"f8b1cb22-d456-455c-bfd0-bd266b4e39fd","method":"GET","path":"/api/v1/video/slide-svg","ms":0}
{"time":"2026-09-05T05:50:09.312Z","event":"request","id":"0d918282-836a-417c-9227-ffc7b7e7037c","method":"GET","path":"/api/v1/video/slide-svg","ms":0}
{"time":"2026-09-05T05:50:09.313Z","event":"request","id":"0a88fc6c-19b5-4761-9d5f-e8ff4b4294e4","method":"GET","path":"/api/v1/video/slide-svg","ms":1}
{"time":"2026-09-05T05:50:09.313Z","event":"request","id":"622a625b-aa92-498a-a62f-8b9cb8a5b6be","method":"GET","path":"/api/v1/video/slide-svg","ms":0}
{"time":"2026-09-05T05:50:09.314Z","event":"request","id":"03f48a92-4867-48f8-ba85-93f7e3ff3ad9","method":"GET","path":"/api/v1/video/slide-svg","ms":1}
{"time":"2026-09-05T05:50:09.317Z","event":"request","id":"ea90fc22-b259-44eb-87cc-07998bebc7f2","method":"GET","path":"/api/v1/video/slide-svg","ms":0}
{"time":"2026-09-05T05:50:09.318Z","event":"request","id":"ea85b344-7134-4835-9bdc-a796b19901c8","method":"GET","path":"/api/v1/video/slide-svg","ms":1}
{"time":"2026-09-05T05:50:09.319Z","event":"request","id":"93faa828-e232-4aa9-a7ca-f56f985db326","method":"GET","path":"/storage/audio/cw-fa3f4c82-p0-s0.mp3","ms":1}
{"time":"2026-09-05T05:50:09.319Z","event":"request","id":"4368ad8b-058d-45e6-a286-f3faee725896","method":"GET","path":"/storage/audio/cw-fa3f4c82-p0-s1.mp3","ms":1}
{"time":"2026-09-05T05:50:09.319Z","event":"request","id":"b6fa6d34-673b-4fdc-8b5c-2b7d5e07ffe4","method":"GET","path":"/storage/audio/cw-fa3f4c82-p0-s2.mp3","ms":1}
{"time":"2026-09-05T05:50:09.320Z","event":"request","id":"20c320ae-e462-4d45-bc95-bd9a9b32352c","method":"GET","path":"/storage/audio/cw-fa3f4c82-p0-s3.mp3","ms":2}
{"time":"2026-09-05T05:50:09.321Z","event":"request","id":"7e15c50f-ab76-4c00-b188-f9318816869b","method":"GET","path":"/storage/audio/cw-fa3f4c82-p0-s4.mp3","ms":1}
{"time":"2026-09-05T05:50:09.321Z","event":"request","id":"e0aa3a2e-1e07-438d-b907-0d56bce89217","method":"GET","path":"/storage/audio/cw-fa3f4c82-p0-s5.mp3","ms":1}
{"time":"2026-09-05T05:50:09.324Z","event":"request","id":"8fab00a5-1e7b-49f6-ab4d-aa00ab856eb7","method":"GET","path":"/storage/audio/cw-fa3f4c82-p1-s0.mp3","ms":1}
{"time":"2026-09-05T05:50:09.324Z","event":"request","id":"448f3c2b-80f1-4bad-9fd0-ca83d4fe55ee","method":"GET","path":"/storage/audio/cw-fa3f4c82-p0-s6.mp3","ms":1}
{"time":"2026-09-05T05:50:09.325Z","event":"request","id":"cd8d4219-b0a7-4fca-813f-9fc0260ad9d4","method":"GET","path":"/storage/audio/cw-fa3f4c82-p1-s2.mp3","ms":1}
{"time":"2026-09-05T05:50:09.325Z","event":"request","id":"983f3328-20ef-44d9-a948-d5127ef36f44","method":"GET","path":"/storage/audio/cw-fa3f4c82-p1-s1.mp3","ms":1}
{"time":"2026-09-05T05:50:09.326Z","event":"request","id":"313647ee-303d-429c-a9c4-68c77c97a670","method":"GET","path":"/storage/audio/cw-fa3f4c82-p1-s4.mp3","ms":1}
{"time":"2026-09-05T05:50:09.326Z","event":"request","id":"ea9f4711-ef0a-4e9c-8daf-4c993757b2c8","method":"GET","path":"/storage/audio/cw-fa3f4c82-p1-s5.mp3","ms":1}
{"time":"2026-09-05T05:50:09.328Z","event":"request","id":"a14526a0-8fe9-4f18-97ca-22add1203423","method":"GET","path":"/storage/audio/cw-fa3f4c82-p2-s0.mp3","ms":1}
{"time":"2026-09-05T05:50:09.329Z","event":"request","id":"02ed6064-90e1-400d-9583-79802e883d60","method":"GET","path":"/storage/audio/cw-fa3f4c82-p2-s1.mp3","ms":1}
{"time":"2026-09-05T05:50:09.330Z","event":"request","id":"4008dbf9-b690-4a87-81df-5d7eaeaeafa2","method":"GET","path":"/storage/audio/cw-fa3f4c82-p2-s2.mp3","ms":1}
{"time":"2026-09-05T05:50:09.330Z","event":"request","id":"aa8302a1-a8b3-423f-b720-bf40f3593a02","method":"GET","path":"/storage/audio/cw-fa3f4c82-p2-s3.mp3","ms":1}
{"time":"2026-09-05T05:50:09.330Z","event":"request","id":"b4ca7bca-fb8a-4217-ba3d-10c7d0373544","method":"GET","path":"/storage/audio/cw-fa3f4c82-p2-s4.mp3","ms":1}
{"time":"2026-09-05T05:50:09.331Z","event":"request","id":"73a208de-db6a-4545-a7f3-3bce933608a7","method":"GET","path":"/storage/audio/cw-fa3f4c82-p2-s5.mp3","ms":1}
{"time":"2026-09-05T05:50:09.335Z","event":"request","id":"e638cee9-6b00-4a4f-a0ac-dbd00b43b7af","method":"GET","path":"/storage/audio/cw-fa3f4c82-p3-s0.mp3","ms":1}
{"time":"2026-09-05T05:50:09.335Z","event":"request","id":"159f32dd-9f88-4be5-8cae-86a30f7f0c8f","method":"GET","path":"/storage/audio/cw-fa3f4c82-p2-s6.mp3","ms":1}
{"time":"2026-09-05T05:50:09.337Z","event":"request","id":"3212e979-be88-4cf9-bca7-00123e85961c","method":"GET","path":"/storage/audio/cw-fa3f4c82-p3-s1.mp3","ms":1}
{"time":"2026-09-05T05:50:09.337Z","event":"request","id":"b066c287-de9e-4e7c-ba8a-63c673fecd8b","method":"GET","path":"/storage/audio/cw-fa3f4c82-p3-s2.mp3","ms":1}
{"time":"2026-09-05T05:50:09.338Z","event":"request","id":"b363e7b3-4d7c-486f-8c60-b43dc9bfcdbc","method":"GET","path":"/storage/audio/cw-fa3f4c82-p3-s5.mp3","ms":1}
{"time":"2026-09-05T05:50:09.338Z","event":"request","id":"553d4641-e8c2-4811-a54a-5c2181abfd23","method":"GET","path":"/storage/audio/cw-fa3f4c82-p3-s4.mp3","ms":2}
{"time":"2026-09-05T05:50:09.339Z","event":"request","id":"665e7f64-07b7-4c91-b948-be97f49652a5","method":"GET","path":"/storage/audio/cw-fa3f4c82-p4-s0.mp3","ms":0}
{"time":"2026-09-05T05:50:09.340Z","event":"request","id":"a51753fe-7a4b-49a1-82aa-beeeddcedee6","method":"GET","path":"/storage/audio/cw-fa3f4c82-p4-s3.mp3","ms":1}
{"time":"2026-09-05T05:50:09.345Z","event":"request","id":"e00b19b0-5e70-4720-a6f9-be1bf21fc7dc","method":"GET","path":"/storage/audio/cw-fa3f4c82-p4-s4.mp3","ms":2}
{"time":"2026-09-05T05:50:09.345Z","event":"request","id":"7b4443f5-0f11-4949-baee-a80a71fcce30","method":"GET","path":"/storage/audio/cw-fa3f4c82-p5-s0.mp3","ms":1}
{"time":"2026-09-05T05:50:09.345Z","event":"request","id":"b9293b7c-eef4-4d36-a4d2-34cc9c9c4cc3","method":"GET","path":"/storage/audio/cw-fa3f4c82-p4-s5.mp3","ms":1}
{"time":"2026-09-05T05:50:09.345Z","event":"request","id":"064dbe92-a152-4ae4-9cc4-2029e4b9c2a8","method":"GET","path":"/storage/audio/cw-fa3f4c82-p5-s1.mp3","ms":1}
{"time":"2026-09-05T05:50:09.346Z","event":"request","id":"cabd48fd-c0e0-4f03-8541-f1e4ce46ba39","method":"GET","path":"/storage/audio/cw-fa3f4c82-p5-s2.mp3","ms":2}
{"time":"2026-09-05T05:50:09.346Z","event":"request","id":"fa21b024-8644-430d-b183-9159adcd2abc","method":"GET","path":"/storage/audio/cw-fa3f4c82-p5-s3.mp3","ms":1}
{"time":"2026-09-05T05:50:09.349Z","event":"request","id":"2b0551ac-37ba-496c-a531-f1a1ff2dc5da","method":"GET","path":"/storage/audio/cw-fa3f4c82-p5-s4.mp3","ms":0}
{"time":"2026-09-05T05:50:09.349Z","event":"request","id":"264e6cce-910f-495a-9cea-ce1a6526e14a","method":"GET","path":"/storage/audio/cw-fa3f4c82-p5-s5.mp3","ms":0}
{"time":"2026-09-05T05:50:09.350Z","event":"request","id":"0606b40b-22f7-49fb-8284-15e04042839f","method":"GET","path":"/storage/audio/cw-fa3f4c82-p6-s0.mp3","ms":0}
{"time":"2026-09-05T05:50:09.351Z","event":"request","id":"f2326dc2-c2a4-4c0a-86a8-5cd91edbf08c","method":"GET","path":"/storage/audio/cw-fa3f4c82-p6-s1.mp3","ms":1}
{"time":"2026-09-05T05:50:09.351Z","event":"request","id":"43ef42bb-5e8c-4427-a872-a5ee522ffff3","method":"GET","path":"/storage/audio/cw-fa3f4c82-p6-s2.mp3","ms":1}
{"time":"2026-09-05T05:50:09.351Z","event":"request","id":"3d6d2f99-f227-4254-9c97-03d0b5880c0e","method":"GET","path":"/storage/audio/cw-fa3f4c82-p6-s3.mp3","ms":1}
{"time":"2026-09-05T05:50:09.355Z","event":"request","id":"97750e64-5ac4-424a-9471-b7b796af498d","method":"GET","path":"/storage/audio/cw-fa3f4c82-p6-s4.mp3","ms":1}
{"time":"2026-09-05T05:50:09.355Z","event":"request","id":"037f07dc-54c4-4d62-81a5-b85dc3326ab0","method":"GET","path":"/storage/audio/cw-fa3f4c82-p6-s5.mp3","ms":1}
{"time":"2026-09-05T05:50:09.356Z","event":"request","id":"1b222a77-824a-4c90-99ad-f5d45280f0ba","method":"GET","path":"/storage/audio/cw-fa3f4c82-p7-s0.mp3","ms":2}
{"time":"2026-09-05T05:50:09.356Z","event":"request","id":"c92aef34-8dc5-4eb7-bb09-6f966b420090","method":"GET","path":"/storage/audio/cw-fa3f4c82-p7-s1.mp3","ms":1}
{"time":"2026-09-05T05:50:09.357Z","event":"request","id":"414d6aaa-1b5a-4987-8ad4-89518dd5a8a9","method":"GET","path":"/storage/audio/cw-fa3f4c82-p7-s2.mp3","ms":1}
{"time":"2026-09-05T05:50:09.357Z","event":"request","id":"1b36815a-02e6-4a9d-8938-8b07e9aaeed6","method":"GET","path":"/storage/audio/cw-fa3f4c82-p7-s3.mp3","ms":1}
{"time":"2026-09-05T05:50:09.361Z","event":"request","id":"5352f43f-84eb-4372-bac8-4e18fabbb127","method":"GET","path":"/storage/audio/cw-fa3f4c82-p7-s4.mp3","ms":1}
{"time":"2026-09-05T05:50:09.361Z","event":"request","id":"6410287c-4350-441f-b17e-6bc6cd3298a7","method":"GET","path":"/storage/audio/cw-fa3f4c82-p7-s5.mp3","ms":1}
{"time":"2026-09-05T05:50:09.361Z","event":"request","id":"fb61feab-7bf1-489e-9d7e-156f786d4405","method":"GET","path":"/storage/audio/cw-fa3f4c82-p7-s6.mp3","ms":1}
{"time":"2026-09-05T05:50:09.362Z","event":"request","id":"17c1e569-782a-4571-ad93-ba85bf1cc288","method":"GET","path":"/storage/audio/cw-fa3f4c82-p0-s1.mp3","ms":1}
{"time":"2026-09-05T05:50:09.363Z","event":"request","id":"11ab7350-e1e3-4fe4-9139-211c6ae5cf96","method":"GET","path":"/storage/audio/cw-fa3f4c82-p7-s7.mp3","ms":2}
{"time":"2026-09-05T05:50:09.363Z","event":"request","id":"e2ed4340-8bee-4616-b539-4b0a7c83ec3d","method":"GET","path":"/storage/audio/cw-fa3f4c82-p1-s0.mp3","ms":1}
{"time":"2026-09-05T05:50:09.366Z","event":"request","id":"d2b78043-8fce-4676-8ed7-a3752036dc8d","method":"GET","path":"/storage/audio/cw-fa3f4c82-p0-s0.mp3","ms":1}
{"time":"2026-09-05T05:50:09.563Z","event":"request.error","id":"0a6c8e55-f635-4fdd-9c83-4a315dca2ed2","method":"GET","status":404,"code":"NOT_FOUND"}
{"time":"2026-09-05T05:50:18.109Z","event":"request","id":"3271920b-0ca1-4de1-be5a-8947744cbb2e","method":"GET","path":"/storage/audio/cw-fa3f4c82-p0-s2.mp3","ms":1}
{"time":"2026-09-05T05:50:24.113Z","event":"request","id":"9befa1be-8b64-430b-b975-bdaacbfdcc0f","method":"GET","path":"/storage/audio/cw-fa3f4c82-p0-s3.mp3","ms":1}
{"time":"2026-09-05T05:50:31.101Z","event":"request","id":"874074ff-1850-4cb6-9e96-bcd052870a5a","method":"GET","path":"/storage/audio/cw-fa3f4c82-p0-s4.mp3","ms":0}
{"time":"2026-09-05T05:50:36.859Z","event":"request","id":"5716c6c3-546b-4c6e-b92e-14c327691f35","method":"GET","path":"/storage/audio/cw-fa3f4c82-p0-s5.mp3","ms":0}
{"time":"2026-09-05T05:50:36.882Z","event":"request.error","id":"38c1d501-5c5c-4f5b-b123-457b085129ea","method":"GET","status":404,"code":"NOT_FOUND"}
{"time":"2026-09-05T05:50:44.083Z","event":"request","id":"a22ef593-c560-4a45-8fab-c54ea6cd91c1","method":"GET","path":"/storage/audio/cw-fa3f4c82-p0-s6.mp3","ms":1}
{"time":"2026-09-05T05:50:44.083Z","event":"request","id":"b31de314-7739-46b8-9038-3a8ef4df3236","method":"GET","path":"/storage/audio/cw-fa3f4c82-p1-s0.mp3","ms":1}
{"time":"2026-09-05T05:50:44.083Z","event":"request","id":"e9de9405-a835-4228-b1d1-2463f8efc1df","method":"GET","path":"/storage/audio/cw-fa3f4c82-p0-s5.mp3","ms":0}
{"time":"2026-09-05T05:50:45.512Z","event":"request","id":"dac34059-b1de-4f73-bab0-72ed110055a5","method":"GET","path":"/storage/audio/cw-fa3f4c82-p2-s0.mp3","ms":0}
{"time":"2026-09-05T05:50:45.512Z","event":"request","id":"f2eb7ae3-39c2-4428-ba53-cdcef4b496f1","method":"GET","path":"/storage/audio/cw-fa3f4c82-p1-s1.mp3","ms":1}
{"time":"2026-09-05T05:50:51.902Z","event":"request","id":"3e5a8e84-2ad7-4780-b9b6-343bd5e6e78c","method":"GET","path":"/storage/audio/cw-fa3f4c82-p1-s2.mp3","ms":1}
{"time":"2026-09-05T05:50:54.873Z","event":"request","id":"07759cd1-4d8a-4d28-94c2-fcdef428cc75","method":"GET","path":"/storage/audio/cw-fa3f4c82-p2-s1.mp3","ms":1}
{"time":"2026-09-05T05:50:54.874Z","event":"request","id":"b941e592-824c-42b9-86df-6cd9c5a5ca2a","method":"GET","path":"/storage/audio/cw-fa3f4c82-p3-s0.mp3","ms":2}
{"time":"2026-09-05T05:50:55.462Z","event":"request","id":"1271d1e2-1d58-4112-9338-25687c10f8b8","method":"GET","path":"/storage/audio/cw-fa3f4c82-p4-s0.mp3","ms":1}
{"time":"2026-09-05T05:50:55.462Z","event":"request","id":"98f5978b-a7f3-42af-96bb-66c32c2906e3","method":"GET","path":"/storage/audio/cw-fa3f4c82-p3-s1.mp3","ms":1}
{"time":"2026-09-05T05:50:55.922Z","event":"request","id":"11b3d1a1-c798-42d3-b8a2-2c355661f5fd","method":"GET","path":"/storage/audio/cw-fa3f4c82-p5-s0.mp3","ms":1}
{"time":"2026-09-05T05:51:05.479Z","event":"request","id":"cc02d1df-422d-4625-bca6-fa9ae8dde85e","method":"GET","path":"/storage/audio/cw-fa3f4c82-p5-s1.mp3","ms":1}
{"time":"2026-09-05T05:51:05.479Z","event":"request","id":"7b38d552-0670-480a-a82c-ff1cd8b251a3","method":"GET","path":"/storage/audio/cw-fa3f4c82-p6-s0.mp3","ms":1}
{"time":"2026-09-05T05:51:06.568Z","event":"request","id":"0748a99c-fff2-436c-9478-dcba3922a3b4","method":"GET","path":"/storage/audio/cw-fa3f4c82-p0-s1.mp3","ms":2}
{"time":"2026-09-05T05:51:06.568Z","event":"request","id":"77f115e5-6af0-43b7-845a-d2a27ce0d57c","method":"GET","path":"/storage/audio/cw-fa3f4c82-p0-s0.mp3","ms":1}
{"time":"2026-09-05T05:51:15.985Z","event":"request","id":"11b8cc43-20f4-49ec-8b03-38ea068b5055","method":"GET","path":"/storage/audio/cw-fa3f4c82-p5-s0.mp3","ms":1}
{"time":"2026-09-05T05:51:15.985Z","event":"request","id":"a3989f59-1100-4989-a4d3-88ce87dfae56","method":"GET","path":"/storage/audio/cw-fa3f4c82-p4-s0.mp3","ms":0}
{"time":"2026-09-05T05:51:16.590Z","event":"request","id":"b7e9071f-35d5-443f-b9c6-3d05c580f4a5","method":"GET","path":"/storage/audio/cw-fa3f4c82-p3-s1.mp3","ms":1}
{"time":"2026-09-05T05:51:17.623Z","event":"request","id":"52770e8c-4c5a-41b2-8d1c-749465259e0f","method":"GET","path":"/storage/audio/cw-fa3f4c82-p2-s1.mp3","ms":1}
{"time":"2026-09-05T05:51:17.623Z","event":"request","id":"610f163a-c915-46bf-b9ea-a9d82fc89e0d","method":"GET","path":"/storage/audio/cw-fa3f4c82-p2-s0.mp3","ms":1}
{"time":"2026-09-05T05:51:23.565Z","event":"request","id":"b0b4bd44-7944-44a0-8c99-e2159b2fabcb","method":"GET","path":"/storage/audio/cw-fa3f4c82-p2-s2.mp3","ms":1}
{"time":"2026-09-05T05:51:28.124Z","event":"request","id":"38e8e405-43fd-4ec2-b864-8c2cd6afa2d9","method":"GET","path":"/storage/audio/cw-fa3f4c82-p2-s3.mp3","ms":0}
{"time":"2026-09-05T05:51:34.505Z","event":"request","id":"f437ef31-55d3-4b6d-ae3e-de1698c58e91","method":"GET","path":"/storage/audio/cw-fa3f4c82-p2-s4.mp3","ms":0}
{"time":"2026-09-05T05:51:39.204Z","event":"request","id":"9df84077-6fa4-4d64-b0c1-7ca0a294249a","method":"GET","path":"/storage/audio/cw-fa3f4c82-p2-s5.mp3","ms":1}
{"time":"2026-09-05T05:51:43.364Z","event":"request","id":"8c06cf9c-d686-4ad0-b6cf-0fa20cfafc05","method":"GET","path":"/storage/audio/cw-fa3f4c82-p2-s6.mp3","ms":1}
{"time":"2026-09-05T05:51:47.156Z","event":"request","id":"66b2375f-751f-4dbf-b85a-ac030861e0eb","method":"GET","path":"/storage/audio/cw-fa3f4c82-p3-s0.mp3","ms":2}
{"time":"2026-09-05T05:51:47.156Z","event":"request","id":"04d2bd2d-ae3a-43ad-bff2-1d165badf1bb","method":"GET","path":"/storage/audio/cw-fa3f4c82-p2-s6.mp3","ms":1}
{"time":"2026-09-05T05:51:51.795Z","event":"request","id":"b1df8d36-79bc-459d-9d45-f90719471031","method":"GET","path":"/storage/audio/cw-fa3f4c82-p3-s1.mp3","ms":1}
{"time":"2026-09-05T05:51:51.795Z","event":"request","id":"ac9cbc56-0666-4fb5-9253-70ae9616701c","method":"GET","path":"/storage/audio/cw-fa3f4c82-p4-s0.mp3","ms":1}
{"time":"2026-09-05T05:51:56.754Z","event":"request","id":"bb11cc12-e73b-469d-a4bc-0ee1d154bde7","method":"GET","path":"/storage/audio/cw-fa3f4c82-p3-s2.mp3","ms":0}
{"time":"2026-09-05T05:52:08.626Z","event":"request","id":"5189766a-345c-43d7-bd87-c6daad47b63a","method":"GET","path":"/storage/audio/cw-fa3f4c82-p3-s4.mp3","ms":1}
{"time":"2026-09-05T05:52:12.694Z","event":"request","id":"e178bbd6-410e-4dd6-912f-652576d1ac34","method":"GET","path":"/storage/audio/cw-fa3f4c82-p5-s0.mp3","ms":1}
{"time":"2026-09-05T05:52:16.581Z","event":"request","id":"18cf2790-70f9-4c0b-8c51-bc7779f9d8a3","method":"GET","path":"/search.html","ms":2}
{"time":"2026-09-05T05:52:16.609Z","event":"request","id":"8ab4a55d-f921-4aee-b8fc-702de8839d80","method":"GET","path":"/mdrender.js","ms":1}
{"time":"2026-09-05T05:52:16.609Z","event":"request","id":"028cc8b3-e681-4c30-a234-40a7f1c106ce","method":"GET","path":"/vortex.js","ms":1}
{"time":"2026-09-05T05:52:16.615Z","event":"request","id":"ed7309d3-e8fd-49db-b20f-392b67c42cc5","method":"GET","path":"/lucide-unify.js","ms":0}
{"time":"2026-09-05T05:52:17.115Z","event":"request.error","id":"a49ba69a-b3ff-4fa1-97c7-ab6309cfc7e7","method":"GET","status":404,"code":"NOT_FOUND"}
