{"time":"2026-09-05T05:23:41.341Z","event":"server.started","port":3002,"url":"http://localhost:3002"}
{"time":"2026-09-05T05:23:48.105Z","event":"request","id":"dc273c6d-38ef-49bc-80c8-2cbf51ee818e","method":"GET","path":"/search.html","ms":5}
{"time":"2026-09-05T05:23:48.155Z","event":"request","id":"db54469d-149b-4447-a145-e363e9fb5f5d","method":"POST","path":"/api/v1/courseware/generate","ms":17}
{"time":"2026-09-05T05:24:13.274Z","event":"request","id":"f79524dc-f1e7-4e5a-93c5-360f8f73608e","method":"GET","path":"/api/v1/video/status","ms":1}
{"time":"2026-09-05T05:24:33.319Z","event":"request","id":"ed5986b0-b0a6-460b-9ad8-896a26f0858e","method":"GET","path":"/api/v1/video/status","ms":1}
{"time":"2026-09-05T05:24:53.327Z","event":"request","id":"dc86a895-9bfb-4d2e-bee9-ce604b18fcd8","method":"GET","path":"/api/v1/video/status","ms":0}
{"time":"2026-09-05T05:25:05.928Z","event":"edge_tts.probe","ok":true}
{"time":"2026-09-05T05:25:07.468Z","event":"edge_tts.retry","attempt":1,"message":"edge-tts 退出码 1：Traceback (most recent call last):\r\n  File \"C:\\Users\\ASUS\\AppData\\Local\\Programs\\Python\\Python313\\Lib\\site-packages\\aiohttp\\connector.py\", line 1316, in _wrap_create_connection\r\n    return await self."}
{"time":"2026-09-05T05:25:08.865Z","event":"edge_tts.retry","attempt":2,"message":"edge-tts 退出码 1：Traceback (most recent call last):\r\n  File \"C:\\Users\\ASUS\\AppData\\Local\\Programs\\Python\\Python313\\Lib\\site-packages\\aiohttp\\connector.py\", line 1316, in _wrap_create_connection\r\n    return await self."}
{"time":"2026-09-05T05:25:13.335Z","event":"request","id":"c183a2b9-6352-41fd-8a26-35513ce21de1","method":"GET","path":"/api/v1/video/status","ms":1}
{"time":"2026-09-05T05:25:13.989Z","event":"edge_tts.retry","attempt":1,"message":"edge-tts 退出码 1：Traceback (most recent call last):\r\n  File \"C:\\Users\\ASUS\\AppData\\Local\\Programs\\Python\\Python313\\Lib\\site-packages\\aiohttp\\connector.py\", line 1316, in _wrap_create_connection\r\n    return await self."}
{"time":"2026-09-05T05:25:15.387Z","event":"edge_tts.retry","attempt":2,"message":"edge-tts 退出码 1：Traceback (most recent call last):\r\n  File \"C:\\Users\\ASUS\\AppData\\Local\\Programs\\Python\\Python313\\Lib\\site-packages\\aiohttp\\connector.py\", line 1316, in _wrap_create_connection\r\n    return await self."}
{"time":"2026-09-05T05:25:18.073Z","event":"edge_tts.retry","attempt":3,"message":"edge-tts 退出码 1：Traceback (most recent call last):\r\n  File \"C:\\Users\\ASUS\\AppData\\Local\\Programs\\Python\\Python313\\Lib\\site-packages\\aiohttp\\connector.py\", line 1316, in _wrap_create_connection\r\n    return await self."}
{"time":"2026-09-05T05:25:24.824Z","event":"edge_tts.retry","attempt":1,"message":"edge-tts 退出码 1：Traceback (most recent call last):\r\n  File \"C:\\Users\\ASUS\\AppData\\Local\\Programs\\Python\\Python313\\Lib\\site-packages\\aiohttp\\connector.py\", line 1316, in _wrap_create_connection\r\n    return await self."}
{"time":"2026-09-05T05:25:33.345Z","event":"request","id":"fed838c3-d524-462f-ae4f-a56439c217d6","method":"GET","path":"/api/v1/video/status","ms":1}
{"time":"2026-09-05T05:25:33.884Z","event":"edge_tts.retry","attempt":1,"message":"edge-tts 退出码 1：Traceback (most recent call last):\r\n  File \"C:\\Users\\ASUS\\AppData\\Local\\Programs\\Python\\Python313\\Lib\\site-packages\\aiohttp\\connector.py\", line 1316, in _wrap_create_connection\r\n    return await self."}
{"time":"2026-09-05T05:25:37.980Z","event":"edge_tts.retry","attempt":1,"message":"edge-tts 退出码 1：Traceback (most recent call last):\r\n  File \"C:\\Users\\ASUS\\AppData\\Local\\Programs\\Python\\Python313\\Lib\\site-packages\\aiohttp\\connector.py\", line 1316, in _wrap_create_connection\r\n    return await self."}
{"time":"2026-09-05T05:25:39.505Z","event":"edge_tts.retry","attempt":2,"message":"edge-tts 退出码 1：Traceback (most recent call last):\r\n  File \"C:\\Users\\ASUS\\AppData\\Local\\Programs\\Python\\Python313\\Lib\\site-packages\\aiohttp\\connector.py\", line 1316, in _wrap_create_connection\r\n    return await self."}
{"time":"2026-09-05T05:25:42.243Z","event":"edge_tts.retry","attempt":3,"message":"edge-tts 退出码 1：Traceback (most recent call last):\r\n  File \"C:\\Users\\ASUS\\AppData\\Local\\Programs\\Python\\Python313\\Lib\\site-packages\\aiohttp\\connector.py\", line 1316, in _wrap_create_connection\r\n    return await self."}
{"time":"2026-09-05T05:25:46.169Z","event":"edge_tts.retry","attempt":4,"message":"edge-tts 退出码 1：Traceback (most recent call last):\r\n  File \"C:\\Users\\ASUS\\AppData\\Local\\Programs\\Python\\Python313\\Lib\\site-packages\\aiohttp\\connector.py\", line 1316, in _wrap_create_connection\r\n    return await self."}
{"time":"2026-09-05T05:25:50.272Z","event":"edge_tts.failed","text":"最后，让我们回顾一下本页的重点：学习数据结构、算法、复杂度分析以及实战项目。"}
{"time":"2026-09-05T05:25:51.628Z","event":"edge_tts.retry","attempt":1,"message":"edge-tts 退出码 1：Traceback (most recent call last):\r\n  File \"C:\\Users\\ASUS\\AppData\\Local\\Programs\\Python\\Python313\\Lib\\site-packages\\aiohttp\\connector.py\", line 1316, in _wrap_create_connection\r\n    return await self."}
{"time":"2026-09-05T05:25:53.354Z","event":"request","id":"39ca6efc-a7e6-41b5-8434-4a0cb2259302","method":"GET","path":"/api/v1/video/status","ms":0}
{"time":"2026-09-05T05:26:03.788Z","event":"edge_tts.retry","attempt":1,"message":"edge-tts 退出码 1：Traceback (most recent call last):\r\n  File \"C:\\Users\\ASUS\\AppData\\Local\\Programs\\Python\\Python313\\Lib\\site-packages\\aiohttp\\connector.py\", line 1316, in _wrap_create_connection\r\n    return await self."}
{"time":"2026-09-05T05:26:07.971Z","event":"edge_tts.retry","attempt":1,"message":"edge-tts 退出码 1：Traceback (most recent call last):\r\n  File \"C:\\Users\\ASUS\\AppData\\Local\\Programs\\Python\\Python313\\Lib\\site-packages\\aiohttp\\connector.py\", line 1316, in _wrap_create_connection\r\n    return await self."}
{"time":"2026-09-05T05:26:13.362Z","event":"request","id":"63abd033-7024-488b-b77b-782a7eb38cc9","method":"GET","path":"/api/v1/video/status","ms":0}
{"time":"2026-09-05T05:26:17.309Z","event":"edge_tts.retry","attempt":1,"message":"edge-tts 退出码 1：Traceback (most recent call last):\r\n  File \"C:\\Users\\ASUS\\AppData\\Local\\Programs\\Python\\Python313\\Lib\\site-packages\\aiohttp\\connector.py\", line 1316, in _wrap_create_connection\r\n    return await self."}
{"time":"2026-09-05T05:26:21.156Z","event":"edge_tts.retry","attempt":1,"message":"edge-tts 退出码 1：Traceback (most recent call last):\r\n  File \"C:\\Users\\ASUS\\AppData\\Local\\Programs\\Python\\Python313\\Lib\\site-packages\\aiohttp\\connector.py\", line 1316, in _wrap_create_connection\r\n    return await self."}
{"time":"2026-09-05T05:26:22.650Z","event":"edge_tts.retry","attempt":2,"message":"edge-tts 退出码 1：Traceback (most recent call last):\r\n  File \"C:\\Users\\ASUS\\AppData\\Local\\Programs\\Python\\Python313\\Lib\\site-packages\\aiohttp\\connector.py\", line 1316, in _wrap_create_connection\r\n    return await self."}
{"time":"2026-09-05T05:26:28.124Z","event":"edge_tts.retry","attempt":1,"message":"edge-tts 退出码 1：Traceback (most recent call last):\r\n  File \"C:\\Users\\ASUS\\AppData\\Local\\Programs\\Python\\Python313\\Lib\\site-packages\\aiohttp\\connector.py\", line 1316, in _wrap_create_connection\r\n    return await self."}
{"time":"2026-09-05T05:26:33.374Z","event":"request","id":"b0a4dc1f-adff-481c-8405-49bd85fc7a07","method":"GET","path":"/api/v1/video/status","ms":1}
{"time":"2026-09-05T05:26:40.002Z","event":"edge_tts.retry","attempt":1,"message":"edge-tts 退出码 1：Traceback (most recent call last):\r\n  File \"C:\\Users\\ASUS\\AppData\\Local\\Programs\\Python\\Python313\\Lib\\site-packages\\aiohttp\\connector.py\", line 1316, in _wrap_create_connection\r\n    return await self."}
{"time":"2026-09-05T05:26:46.561Z","event":"edge_tts.retry","attempt":1,"message":"edge-tts 退出码 1：Traceback (most recent call last):\r\n  File \"C:\\Users\\ASUS\\AppData\\Local\\Programs\\Python\\Python313\\Lib\\site-packages\\aiohttp\\connector.py\", line 1316, in _wrap_create_connection\r\n    return await self."}
{"time":"2026-09-05T05:26:47.994Z","event":"edge_tts.retry","attempt":2,"message":"edge-tts 退出码 1：Traceback (most recent call last):\r\n  File \"C:\\Users\\ASUS\\AppData\\Local\\Programs\\Python\\Python313\\Lib\\site-packages\\aiohttp\\connector.py\", line 1316, in _wrap_create_connection\r\n    return await self."}
{"time":"2026-09-05T05:26:50.630Z","event":"edge_tts.retry","attempt":3,"message":"edge-tts 退出码 1：Traceback (most recent call last):\r\n  File \"C:\\Users\\ASUS\\AppData\\Local\\Programs\\Python\\Python313\\Lib\\site-packages\\aiohttp\\connector.py\", line 1316, in _wrap_create_connection\r\n    return await self."}
{"time":"2026-09-05T05:26:53.384Z","event":"request","id":"6fb127ff-cac6-4c61-9ff2-c8785df651bf","method":"GET","path":"/api/v1/video/status","ms":0}
{"time":"2026-09-05T05:27:04.708Z","event":"edge_tts.retry","attempt":1,"message":"edge-tts 退出码 1：Traceback (most recent call last):\r\n  File \"C:\\Users\\ASUS\\AppData\\Local\\Programs\\Python\\Python313\\Lib\\site-packages\\aiohttp\\connector.py\", line 1316, in _wrap_create_connection\r\n    return await self."}
{"time":"2026-09-05T05:27:09.207Z","event":"edge_tts.retry","attempt":1,"message":"edge-tts 退出码 1：Traceback (most recent call last):\r\n  File \"C:\\Users\\ASUS\\AppData\\Local\\Programs\\Python\\Python313\\Lib\\site-packages\\aiohttp\\connector.py\", line 1316, in _wrap_create_connection\r\n    return await self."}
{"time":"2026-09-05T05:27:10.633Z","event":"edge_tts.retry","attempt":2,"message":"edge-tts 退出码 1：Traceback (most recent call last):\r\n  File \"C:\\Users\\ASUS\\AppData\\Local\\Programs\\Python\\Python313\\Lib\\site-packages\\aiohttp\\connector.py\", line 1316, in _wrap_create_connection\r\n    return await self."}
{"time":"2026-09-05T05:27:13.249Z","event":"edge_tts.retry","attempt":3,"message":"edge-tts 退出码 1：Traceback (most recent call last):\r\n  File \"C:\\Users\\ASUS\\AppData\\Local\\Programs\\Python\\Python313\\Lib\\site-packages\\aiohttp\\connector.py\", line 1316, in _wrap_create_connection\r\n    return await self."}
{"time":"2026-09-05T05:27:13.396Z","event":"request","id":"5341da45-ef5c-4e58-ba05-883da797edbc","method":"GET","path":"/api/v1/video/status","ms":1}
{"time":"2026-09-05T05:27:17.047Z","event":"edge_tts.retry","attempt":4,"message":"edge-tts 退出码 1：Traceback (most recent call last):\r\n  File \"C:\\Users\\ASUS\\AppData\\Local\\Programs\\Python\\Python313\\Lib\\site-packages\\aiohttp\\connector.py\", line 1316, in _wrap_create_connection\r\n    return await self."}
{"time":"2026-09-05T05:27:21.151Z","event":"edge_tts.failed","text":"首先记住几个关键点：得是有序数组，每次都是找中间的数。"}
{"time":"2026-09-05T05:27:24.969Z","event":"edge_tts.retry","attempt":1,"message":"edge-tts 退出码 1：Traceback (most recent call last):\r\n  File \"C:\\Users\\ASUS\\AppData\\Local\\Programs\\Python\\Python313\\Lib\\site-packages\\aiohttp\\connector.py\", line 1316, in _wrap_create_connection\r\n    return await self."}
{"time":"2026-09-05T05:27:26.364Z","event":"edge_tts.retry","attempt":2,"message":"edge-tts 退出码 1：Traceback (most recent call last):\r\n  File \"C:\\Users\\ASUS\\AppData\\Local\\Programs\\Python\\Python313\\Lib\\site-packages\\aiohttp\\connector.py\", line 1316, in _wrap_create_connection\r\n    return await self."}
{"time":"2026-09-05T05:27:31.686Z","event":"edge_tts.retry","attempt":1,"message":"edge-tts 退出码 1：Traceback (most recent call last):\r\n  File \"C:\\Users\\ASUS\\AppData\\Local\\Programs\\Python\\Python313\\Lib\\site-packages\\aiohttp\\connector.py\", line 1316, in _wrap_create_connection\r\n    return await self."}
{"time":"2026-09-05T05:27:33.412Z","event":"request","id":"c742ab80-9d52-4e66-a448-f00666ea2abd","method":"GET","path":"/api/v1/video/status","ms":1}
{"time":"2026-09-05T05:27:38.180Z","event":"edge_tts.retry","attempt":1,"message":"edge-tts 退出码 1：Traceback (most recent call last):\r\n  File \"C:\\Users\\ASUS\\AppData\\Local\\Programs\\Python\\Python313\\Lib\\site-packages\\aiohttp\\connector.py\", line 1316, in _wrap_create_connection\r\n    return await self."}
{"time":"2026-09-05T05:27:39.626Z","event":"edge_tts.retry","attempt":2,"message":"edge-tts 退出码 1：Traceback (most recent call last):\r\n  File \"C:\\Users\\ASUS\\AppData\\Local\\Programs\\Python\\Python313\\Lib\\site-packages\\aiohttp\\connector.py\", line 1316, in _wrap_create_connection\r\n    return await self."}
{"time":"2026-09-05T05:27:42.280Z","event":"edge_tts.retry","attempt":3,"message":"edge-tts 退出码 1：Traceback (most recent call last):\r\n  File \"C:\\Users\\ASUS\\AppData\\Local\\Programs\\Python\\Python313\\Lib\\site-packages\\aiohttp\\connector.py\", line 1316, in _wrap_create_connection\r\n    return await self."}
{"time":"2026-09-05T05:27:46.109Z","event":"edge_tts.retry","attempt":4,"message":"edge-tts 退出码 1：Traceback (most recent call last):\r\n  File \"C:\\Users\\ASUS\\AppData\\Local\\Programs\\Python\\Python313\\Lib\\site-packages\\aiohttp\\connector.py\", line 1316, in _wrap_create_connection\r\n    return await self."}
{"time":"2026-09-05T05:27:50.219Z","event":"edge_tts.failed","text":"总之，二分查找既高效又简洁，记住了吗？"}
{"time":"2026-09-05T05:27:51.464Z","event":"edge_tts.retry","attempt":1,"message":"edge-tts 退出码 1：Traceback (most recent call last):\r\n  File \"C:\\Users\\ASUS\\AppData\\Local\\Programs\\Python\\Python313\\Lib\\site-packages\\aiohttp\\connector.py\", line 1316, in _wrap_create_connection\r\n    return await self."}
{"time":"2026-09-05T05:27:52.900Z","event":"edge_tts.retry","attempt":2,"message":"edge-tts 退出码 1：Traceback (most recent call last):\r\n  File \"C:\\Users\\ASUS\\AppData\\Local\\Programs\\Python\\Python313\\Lib\\site-packages\\aiohttp\\connector.py\", line 1316, in _wrap_create_connection\r\n    return await self."}
{"time":"2026-09-05T05:27:53.430Z","event":"request","id":"5b0ea143-dadd-42d0-a410-7fd335b6ede9","method":"GET","path":"/api/v1/video/status","ms":1}
{"time":"2026-09-05T05:27:55.535Z","event":"edge_tts.retry","attempt":3,"message":"edge-tts 退出码 1：Traceback (most recent call last):\r\n  File \"C:\\Users\\ASUS\\AppData\\Local\\Programs\\Python\\Python313\\Lib\\site-packages\\aiohttp\\connector.py\", line 1316, in _wrap_create_connection\r\n    return await self."}
{"time":"2026-09-05T05:27:59.360Z","event":"edge_tts.retry","attempt":4,"message":"edge-tts 退出码 1：Traceback (most recent call last):\r\n  File \"C:\\Users\\ASUS\\AppData\\Local\\Programs\\Python\\Python313\\Lib\\site-packages\\aiohttp\\connector.py\", line 1316, in _wrap_create_connection\r\n    return await self."}
{"time":"2026-09-05T05:28:03.466Z","event":"edge_tts.failed","text":"咱们先来看看数组和链表在不同操作下的表现差异。"}
{"time":"2026-09-05T05:28:04.764Z","event":"edge_tts.retry","attempt":1,"message":"edge-tts 退出码 1：Traceback (most recent call last):\r\n  File \"C:\\Users\\ASUS\\AppData\\Local\\Programs\\Python\\Python313\\Lib\\site-packages\\aiohttp\\connector.py\", line 1316, in _wrap_create_connection\r\n    return await self."}
{"time":"2026-09-05T05:28:06.213Z","event":"edge_tts.retry","attempt":2,"message":"edge-tts 退出码 1：Traceback (most recent call last):\r\n  File \"C:\\Users\\ASUS\\AppData\\Local\\Programs\\Python\\Python313\\Lib\\site-packages\\aiohttp\\connector.py\", line 1316, in _wrap_create_connection\r\n    return await self."}
{"time":"2026-09-05T05:28:08.881Z","event":"edge_tts.retry","attempt":3,"message":"edge-tts 退出码 1：Traceback (most recent call last):\r\n  File \"C:\\Users\\ASUS\\AppData\\Local\\Programs\\Python\\Python313\\Lib\\site-packages\\aiohttp\\connector.py\", line 1316, in _wrap_create_connection\r\n    return await self."}
{"time":"2026-09-05T05:28:12.784Z","event":"edge_tts.retry","attempt":4,"message":"edge-tts 退出码 1：Traceback (most recent call last):\r\n  File \"C:\\Users\\ASUS\\AppData\\Local\\Programs\\Python\\Python313\\Lib\\site-packages\\aiohttp\\connector.py\", line 1316, in _wrap_create_connection\r\n    return await self."}
{"time":"2026-09-05T05:28:13.436Z","event":"request","id":"a07e1fca-6336-4703-8d3d-4c2d7d506f41","method":"GET","path":"/api/v1/video/status","ms":0}
{"time":"2026-09-05T05:28:16.889Z","event":"edge_tts.failed","text":"注意到随机访问时，数组非常快，只需要O(1)的时间。"}
{"time":"2026-09-05T05:28:21.307Z","event":"edge_tts.retry","attempt":1,"message":"edge-tts 退出码 1：Traceback (most recent call last):\r\n  File \"C:\\Users\\ASUS\\AppData\\Local\\Programs\\Python\\Python313\\Lib\\site-packages\\aiohttp\\connector.py\", line 1316, in _wrap_create_connection\r\n    return await self."}
{"time":"2026-09-05T05:28:25.467Z","event":"edge_tts.retry","attempt":1,"message":"edge-tts 退出码 1：Traceback (most recent call last):\r\n  File \"C:\\Users\\ASUS\\AppData\\Local\\Programs\\Python\\Python313\\Lib\\site-packages\\aiohttp\\connector.py\", line 1316, in _wrap_create_connection\r\n    return await self."}
{"time":"2026-09-05T05:28:33.450Z","event":"request","id":"562bd915-5ed9-43a4-8aec-65fa89182309","method":"GET","path":"/api/v1/video/status","ms":1}
{"time":"2026-09-05T05:28:37.682Z","event":"edge_tts.retry","attempt":1,"message":"edge-tts 退出码 1：Traceback (most recent call last):\r\n  File \"C:\\Users\\ASUS\\AppData\\Local\\Programs\\Python\\Python313\\Lib\\site-packages\\aiohttp\\connector.py\", line 1316, in _wrap_create_connection\r\n    return await self."}
{"time":"2026-09-05T05:28:44.407Z","event":"edge_tts.retry","attempt":1,"message":"edge-tts 退出码 1：Traceback (most recent call last):\r\n  File \"C:\\Users\\ASUS\\AppData\\Local\\Programs\\Python\\Python313\\Lib\\site-packages\\aiohttp\\connector.py\", line 1316, in _wrap_create_connection\r\n    return await self."}
{"time":"2026-09-05T05:28:45.801Z","event":"edge_tts.retry","attempt":2,"message":"edge-tts 退出码 1：Traceback (most recent call last):\r\n  File \"C:\\Users\\ASUS\\AppData\\Local\\Programs\\Python\\Python313\\Lib\\site-packages\\aiohttp\\connector.py\", line 1316, in _wrap_create_connection\r\n    return await self."}
{"time":"2026-09-05T05:28:48.403Z","event":"edge_tts.retry","attempt":3,"message":"edge-tts 退出码 1：Traceback (most recent call last):\r\n  File \"C:\\Users\\ASUS\\AppData\\Local\\Programs\\Python\\Python313\\Lib\\site-packages\\aiohttp\\connector.py\", line 1316, in _wrap_create_connection\r\n    return await self."}
{"time":"2026-09-05T05:28:52.222Z","event":"edge_tts.retry","attempt":4,"message":"edge-tts 退出码 1：Traceback (most recent call last):\r\n  File \"C:\\Users\\ASUS\\AppData\\Local\\Programs\\Python\\Python313\\Lib\\site-packages\\aiohttp\\connector.py\", line 1316, in _wrap_create_connection\r\n    return await self."}
{"time":"2026-09-05T05:28:53.467Z","event":"request","id":"8ac74fe2-75ca-4c67-9054-50b10e8f83a8","method":"GET","path":"/api/v1/video/status","ms":1}
{"time":"2026-09-05T05:28:56.335Z","event":"edge_tts.failed","text":"看看这个图表，不同操作的时间复杂度对比一目了然。"}
{"time":"2026-09-05T05:28:57.616Z","event":"edge_tts.retry","attempt":1,"message":"edge-tts 退出码 1：Traceback (most recent call last):\r\n  File \"C:\\Users\\ASUS\\AppData\\Local\\Programs\\Python\\Python313\\Lib\\site-packages\\aiohttp\\connector.py\", line 1316, in _wrap_create_connection\r\n    return await self."}
{"time":"2026-09-05T05:28:59.051Z","event":"edge_tts.retry","attempt":2,"message":"edge-tts 退出码 1：Traceback (most recent call last):\r\n  File \"C:\\Users\\ASUS\\AppData\\Local\\Programs\\Python\\Python313\\Lib\\site-packages\\aiohttp\\connector.py\", line 1316, in _wrap_create_connection\r\n    return await self."}
{"time":"2026-09-05T05:29:04.340Z","event":"edge_tts.retry","attempt":1,"message":"edge-tts 退出码 1：Traceback (most recent call last):\r\n  File \"C:\\Users\\ASUS\\AppData\\Local\\Programs\\Python\\Python313\\Lib\\site-packages\\aiohttp\\connector.py\", line 1316, in _wrap_create_connection\r\n    return await self."}
{"time":"2026-09-05T05:29:05.837Z","event":"edge_tts.retry","attempt":2,"message":"edge-tts 退出码 1：Traceback (most recent call last):\r\n  File \"C:\\Users\\ASUS\\AppData\\Local\\Programs\\Python\\Python313\\Lib\\site-packages\\aiohttp\\connector.py\", line 1316, in _wrap_create_connection\r\n    return await self."}
{"time":"2026-09-05T05:29:11.143Z","event":"edge_tts.retry","attempt":1,"message":"edge-tts 退出码 1：Traceback (most recent call last):\r\n  File \"C:\\Users\\ASUS\\AppData\\Local\\Programs\\Python\\Python313\\Lib\\site-packages\\aiohttp\\connector.py\", line 1316, in _wrap_create_connection\r\n    return await self."}
{"time":"2026-09-05T05:29:12.611Z","event":"edge_tts.retry","attempt":2,"message":"edge-tts 退出码 1：Traceback (most recent call last):\r\n  File \"C:\\Users\\ASUS\\AppData\\Local\\Programs\\Python\\Python313\\Lib\\site-packages\\aiohttp\\connector.py\", line 1316, in _wrap_create_connection\r\n    return await self."}
{"time":"2026-09-05T05:29:13.484Z","event":"request","id":"308137d7-21fa-4903-9d22-cc79fb46ed30","method":"GET","path":"/api/v1/video/status","ms":1}
{"time":"2026-09-05T05:29:15.313Z","event":"edge_tts.retry","attempt":3,"message":"edge-tts 退出码 1：Traceback (most recent call last):\r\n  File \"C:\\Users\\ASUS\\AppData\\Local\\Programs\\Python\\Python313\\Lib\\site-packages\\aiohttp\\connector.py\", line 1316, in _wrap_create_connection\r\n    return await self."}
{"time":"2026-09-05T05:29:22.386Z","event":"edge_tts.retry","attempt":1,"message":"edge-tts 退出码 1：Traceback (most recent call last):\r\n  File \"C:\\Users\\ASUS\\AppData\\Local\\Programs\\Python\\Python313\\Lib\\site-packages\\aiohttp\\connector.py\", line 1316, in _wrap_create_connection\r\n    return await self."}
{"time":"2026-09-05T05:29:23.781Z","event":"edge_tts.retry","attempt":2,"message":"edge-tts 退出码 1：Traceback (most recent call last):\r\n  File \"C:\\Users\\ASUS\\AppData\\Local\\Programs\\Python\\Python313\\Lib\\site-packages\\aiohttp\\connector.py\", line 1316, in _wrap_create_connection\r\n    return await self."}
{"time":"2026-09-05T05:29:31.834Z","event":"edge_tts.retry","attempt":1,"message":"edge-tts 退出码 1：Traceback (most recent call last):\r\n  File \"C:\\Users\\ASUS\\AppData\\Local\\Programs\\Python\\Python313\\Lib\\site-packages\\aiohttp\\connector.py\", line 1316, in _wrap_create_connection\r\n    return await self."}
{"time":"2026-09-05T05:29:33.493Z","event":"request","id":"19e1409c-7e62-422a-8b05-99c398543e46","method":"GET","path":"/api/v1/video/status","ms":0}
{"time":"2026-09-05T05:29:38.629Z","event":"edge_tts.retry","attempt":1,"message":"edge-tts 退出码 1：Traceback (most recent call last):\r\n  File \"C:\\Users\\ASUS\\AppData\\Local\\Programs\\Python\\Python313\\Lib\\site-packages\\aiohttp\\connector.py\", line 1316, in _wrap_create_connection\r\n    return await self."}
{"time":"2026-09-05T05:29:45.274Z","event":"edge_tts.retry","attempt":1,"message":"edge-tts 退出码 1：Traceback (most recent call last):\r\n  File \"C:\\Users\\ASUS\\AppData\\Local\\Programs\\Python\\Python313\\Lib\\site-packages\\aiohttp\\connector.py\", line 1316, in _wrap_create_connection\r\n    return await self."}
{"time":"2026-09-05T05:29:46.712Z","event":"edge_tts.retry","attempt":2,"message":"edge-tts 退出码 1：Traceback (most recent call last):\r\n  File \"C:\\Users\\ASUS\\AppData\\Local\\Programs\\Python\\Python313\\Lib\\site-packages\\aiohttp\\connector.py\", line 1316, in _wrap_create_connection\r\n    return await self."}
{"time":"2026-09-05T05:29:49.346Z","event":"edge_tts.retry","attempt":3,"message":"edge-tts 退出码 1：Traceback (most recent call last):\r\n  File \"C:\\Users\\ASUS\\AppData\\Local\\Programs\\Python\\Python313\\Lib\\site-packages\\aiohttp\\connector.py\", line 1316, in _wrap_create_connection\r\n    return await self."}
{"time":"2026-09-05T05:29:53.228Z","event":"edge_tts.retry","attempt":4,"message":"edge-tts 退出码 1：Traceback (most recent call last):\r\n  File \"C:\\Users\\ASUS\\AppData\\Local\\Programs\\Python\\Python313\\Lib\\site-packages\\aiohttp\\connector.py\", line 1316, in _wrap_create_connection\r\n    return await self."}
{"time":"2026-09-05T05:29:53.501Z","event":"request","id":"a6d3a37e-6dd8-418c-86aa-f4353c99fee6","method":"GET","path":"/api/v1/video/status","ms":1}
{"time":"2026-09-05T05:29:57.338Z","event":"edge_tts.failed","text":"算法选择直接决定了程序跑得快不快，用起来爽不爽。"}
{"time":"2026-09-05T05:29:58.621Z","event":"edge_tts.retry","attempt":1,"message":"edge-tts 退出码 1：Traceback (most recent call last):\r\n  File \"C:\\Users\\ASUS\\AppData\\Local\\Programs\\Python\\Python313\\Lib\\site-packages\\aiohttp\\connector.py\", line 1316, in _wrap_create_connection\r\n    return await self."}
{"time":"2026-09-05T05:30:00.113Z","event":"edge_tts.retry","attempt":2,"message":"edge-tts 退出码 1：Traceback (most recent call last):\r\n  File \"C:\\Users\\ASUS\\AppData\\Local\\Programs\\Python\\Python313\\Lib\\site-packages\\aiohttp\\connector.py\", line 1316, in _wrap_create_connection\r\n    return await self."}
{"time":"2026-09-05T05:30:05.526Z","event":"edge_tts.retry","attempt":1,"message":"edge-tts 退出码 1：Traceback (most recent call last):\r\n  File \"C:\\Users\\ASUS\\AppData\\Local\\Programs\\Python\\Python313\\Lib\\site-packages\\aiohttp\\connector.py\", line 1316, in _wrap_create_connection\r\n    return await self."}
{"time":"2026-09-05T05:30:07.079Z","event":"edge_tts.retry","attempt":2,"message":"edge-tts 退出码 1：Traceback (most recent call last):\r\n  File \"C:\\Users\\ASUS\\AppData\\Local\\Programs\\Python\\Python313\\Lib\\site-packages\\aiohttp\\connector.py\", line 1316, in _wrap_create_connection\r\n    return await self."}
{"time":"2026-09-05T05:30:09.762Z","event":"edge_tts.retry","attempt":3,"message":"edge-tts 退出码 1：Traceback (most recent call last):\r\n  File \"C:\\Users\\ASUS\\AppData\\Local\\Programs\\Python\\Python313\\Lib\\site-packages\\aiohttp\\connector.py\", line 1316, in _wrap_create_connection\r\n    return await self."}
{"time":"2026-09-05T05:30:12.401Z","event":"request","id":"c358963f-7600-4422-820d-05fb41a1120b","method":"GET","path":"/api/v1/video/status","ms":1}
{"time":"2026-09-05T05:30:13.521Z","event":"request","id":"9b12a376-8d7c-4a83-b648-19838e243fd8","method":"GET","path":"/api/v1/video/status","ms":1}
{"time":"2026-09-05T05:30:16.480Z","event":"edge_tts.retry","attempt":1,"message":"edge-tts 退出码 1：Traceback (most recent call last):\r\n  File \"C:\\Users\\ASUS\\AppData\\Local\\Programs\\Python\\Python313\\Lib\\site-packages\\aiohttp\\connector.py\", line 1316, in _wrap_create_connection\r\n    return await self."}
{"time":"2026-09-05T05:30:20.847Z","event":"edge_tts.retry","attempt":1,"message":"edge-tts 退出码 1：Traceback (most recent call last):\r\n  File \"C:\\Users\\ASUS\\AppData\\Local\\Programs\\Python\\Python313\\Lib\\site-packages\\aiohttp\\connector.py\", line 1316, in _wrap_create_connection\r\n    return await self."}
{"time":"2026-09-05T05:30:25.581Z","event":"edge_tts.retry","attempt":1,"message":"edge-tts 退出码 1：Traceback (most recent call last):\r\n  File \"C:\\Users\\ASUS\\AppData\\Local\\Programs\\Python\\Python313\\Lib\\site-packages\\aiohttp\\connector.py\", line 1316, in _wrap_create_connection\r\n    return await self."}
{"time":"2026-09-05T05:30:27.095Z","event":"edge_tts.retry","attempt":2,"message":"edge-tts 退出码 1：Traceback (most recent call last):\r\n  File \"C:\\Users\\ASUS\\AppData\\Local\\Programs\\Python\\Python313\\Lib\\site-packages\\aiohttp\\connector.py\", line 1316, in _wrap_create_connection\r\n    return await self."}
{"time":"2026-09-05T05:30:32.329Z","event":"edge_tts.retry","attempt":1,"message":"edge-tts 退出码 1：Traceback (most recent call last):\r\n  File \"C:\\Users\\ASUS\\AppData\\Local\\Programs\\Python\\Python313\\Lib\\site-packages\\aiohttp\\connector.py\", line 1316, in _wrap_create_connection\r\n    return await self."}
{"time":"2026-09-05T05:30:33.524Z","event":"request","id":"d2a5561b-f307-48fc-922c-81aea80ee36d","method":"GET","path":"/api/v1/video/status","ms":0}
{"time":"2026-09-05T05:30:53.533Z","event":"request","id":"6cd6f929-dd23-45c8-8d28-23f00e8988c0","method":"GET","path":"/api/v1/video/status","ms":0}
{"time":"2026-09-05T05:31:47.966Z","event":"request","id":"56c48610-4175-4ad0-858e-74615d64bec2","method":"GET","path":"/api/v1/video/status","ms":0}
{"time":"2026-09-05T05:31:56.807Z","event":"request","id":"09b0a732-9a31-4780-b1b2-f17909b8f8f5","method":"GET","path":"/api/v1/video/status","ms":1}
