{"time":"2026-09-05T05:01:36.462Z","event":"server.started","port":3002,"url":"http://localhost:3002"}
{"time":"2026-09-05T05:01:43.094Z","event":"request","id":"a4698ad4-8a03-4ec7-834b-ce28653f182e","method":"GET","path":"/search.html","ms":2}
{"time":"2026-09-05T05:01:43.127Z","event":"request","id":"80675dfe-6aa3-4f84-ba05-02abb77fad8c","method":"POST","path":"/api/v1/courseware/generate","ms":12}
{"time":"2026-09-05T05:02:07.091Z","event":"request","id":"21731d90-419c-4277-b2b5-3c69e6a2e519","method":"GET","path":"/api/v1/video/status","ms":1}
{"time":"2026-09-05T05:02:27.150Z","event":"request","id":"c7e26041-ea62-4ee4-a353-c06fe5a3e4dd","method":"GET","path":"/api/v1/video/status","ms":1}
{"time":"2026-09-05T05:02:47.162Z","event":"request","id":"259d9a48-4904-4cbe-8d6f-ca6648d2b9e0","method":"GET","path":"/api/v1/video/status","ms":0}
{"time":"2026-09-05T05:03:07.173Z","event":"request","id":"cfee39bd-bc0f-4ce2-a035-d9ba0ac05356","method":"GET","path":"/api/v1/video/status","ms":0}
{"time":"2026-09-05T05:03:09.862Z","event":"edge_tts.probe","ok":true}
{"time":"2026-09-05T05:03:21.490Z","event":"edge_tts.retry","attempt":1,"message":"edge-tts 退出码 1：Traceback (most recent call last):\r\n  File \"C:\\Users\\ASUS\\AppData\\Local\\Programs\\Python\\Python313\\Lib\\site-packages\\aiohttp\\connector.py\", line 1316, in _wrap_create_connection\r\n    return await self."}
{"time":"2026-09-05T05:03:22.989Z","event":"edge_tts.retry","attempt":2,"message":"edge-tts 退出码 1：Traceback (most recent call last):\r\n  File \"C:\\Users\\ASUS\\AppData\\Local\\Programs\\Python\\Python313\\Lib\\site-packages\\aiohttp\\connector.py\", line 1316, in _wrap_create_connection\r\n    return await self."}
{"time":"2026-09-05T05:03:27.186Z","event":"request","id":"9f1647a1-dfc0-4866-af68-5279ff9b4c25","method":"GET","path":"/api/v1/video/status","ms":0}
{"time":"2026-09-05T05:03:28.568Z","event":"edge_tts.retry","attempt":1,"message":"edge-tts 退出码 1：Traceback (most recent call last):\r\n  File \"C:\\Users\\ASUS\\AppData\\Local\\Programs\\Python\\Python313\\Lib\\site-packages\\aiohttp\\connector.py\", line 1316, in _wrap_create_connection\r\n    return await self."}
{"time":"2026-09-05T05:03:43.805Z","event":"edge_tts.retry","attempt":1,"message":"edge-tts 退出码 1：Traceback (most recent call last):\r\n  File \"C:\\Users\\ASUS\\AppData\\Local\\Programs\\Python\\Python313\\Lib\\site-packages\\aiohttp\\connector.py\", line 1316, in _wrap_create_connection\r\n    return await self."}
{"time":"2026-09-05T05:03:45.282Z","event":"edge_tts.retry","attempt":2,"message":"edge-tts 退出码 1：Traceback (most recent call last):\r\n  File \"C:\\Users\\ASUS\\AppData\\Local\\Programs\\Python\\Python313\\Lib\\site-packages\\aiohttp\\connector.py\", line 1316, in _wrap_create_connection\r\n    return await self."}
{"time":"2026-09-05T05:03:47.204Z","event":"request","id":"0ea559f4-7650-4100-88ef-592033191697","method":"GET","path":"/api/v1/video/status","ms":1}
{"time":"2026-09-05T05:04:01.336Z","event":"edge_tts.retry","attempt":1,"message":"edge-tts 退出码 1：Traceback (most recent call last):\r\n  File \"C:\\Users\\ASUS\\AppData\\Local\\Programs\\Python\\Python313\\Lib\\site-packages\\aiohttp\\connector.py\", line 1316, in _wrap_create_connection\r\n    return await self."}
{"time":"2026-09-05T05:04:02.824Z","event":"edge_tts.retry","attempt":2,"message":"edge-tts 退出码 1：Traceback (most recent call last):\r\n  File \"C:\\Users\\ASUS\\AppData\\Local\\Programs\\Python\\Python313\\Lib\\site-packages\\aiohttp\\connector.py\", line 1316, in _wrap_create_connection\r\n    return await self."}
{"time":"2026-09-05T05:04:05.492Z","event":"edge_tts.retry","attempt":3,"message":"edge-tts 退出码 1：Traceback (most recent call last):\r\n  File \"C:\\Users\\ASUS\\AppData\\Local\\Programs\\Python\\Python313\\Lib\\site-packages\\aiohttp\\connector.py\", line 1316, in _wrap_create_connection\r\n    return await self."}
{"time":"2026-09-05T05:04:07.215Z","event":"request","id":"25b0b3cb-9a4b-45a5-af55-241de359731e","method":"GET","path":"/api/v1/video/status","ms":0}
{"time":"2026-09-05T05:04:12.038Z","event":"edge_tts.retry","attempt":1,"message":"edge-tts 退出码 1：Traceback (most recent call last):\r\n  File \"C:\\Users\\ASUS\\AppData\\Local\\Programs\\Python\\Python313\\Lib\\site-packages\\aiohttp\\connector.py\", line 1316, in _wrap_create_connection\r\n    return await self."}
{"time":"2026-09-05T05:04:15.936Z","event":"edge_tts.retry","attempt":1,"message":"edge-tts 退出码 1：Traceback (most recent call last):\r\n  File \"C:\\Users\\ASUS\\AppData\\Local\\Programs\\Python\\Python313\\Lib\\site-packages\\aiohttp\\connector.py\", line 1316, in _wrap_create_connection\r\n    return await self."}
{"time":"2026-09-05T05:04:17.413Z","event":"edge_tts.retry","attempt":2,"message":"edge-tts 退出码 1：Traceback (most recent call last):\r\n  File \"C:\\Users\\ASUS\\AppData\\Local\\Programs\\Python\\Python313\\Lib\\site-packages\\aiohttp\\connector.py\", line 1316, in _wrap_create_connection\r\n    return await self."}
{"time":"2026-09-05T05:04:20.098Z","event":"edge_tts.retry","attempt":3,"message":"edge-tts 退出码 1：Traceback (most recent call last):\r\n  File \"C:\\Users\\ASUS\\AppData\\Local\\Programs\\Python\\Python313\\Lib\\site-packages\\aiohttp\\connector.py\", line 1316, in _wrap_create_connection\r\n    return await self."}
{"time":"2026-09-05T05:04:27.233Z","event":"request","id":"b31a1f92-d7dc-4995-ac72-b1f796c30abb","method":"GET","path":"/api/v1/video/status","ms":0}
{"time":"2026-09-05T05:04:29.822Z","event":"edge_tts.retry","attempt":1,"message":"edge-tts 退出码 1：Traceback (most recent call last):\r\n  File \"C:\\Users\\ASUS\\AppData\\Local\\Programs\\Python\\Python313\\Lib\\site-packages\\aiohttp\\connector.py\", line 1316, in _wrap_create_connection\r\n    return await self."}
{"time":"2026-09-05T05:04:31.299Z","event":"edge_tts.retry","attempt":2,"message":"edge-tts 退出码 1：Traceback (most recent call last):\r\n  File \"C:\\Users\\ASUS\\AppData\\Local\\Programs\\Python\\Python313\\Lib\\site-packages\\aiohttp\\connector.py\", line 1316, in _wrap_create_connection\r\n    return await self."}
{"time":"2026-09-05T05:04:33.968Z","event":"edge_tts.retry","attempt":3,"message":"edge-tts 退出码 1：Traceback (most recent call last):\r\n  File \"C:\\Users\\ASUS\\AppData\\Local\\Programs\\Python\\Python313\\Lib\\site-packages\\aiohttp\\connector.py\", line 1316, in _wrap_create_connection\r\n    return await self."}
{"time":"2026-09-05T05:04:40.507Z","event":"edge_tts.retry","attempt":1,"message":"edge-tts 退出码 1：Traceback (most recent call last):\r\n  File \"C:\\Users\\ASUS\\AppData\\Local\\Programs\\Python\\Python313\\Lib\\site-packages\\aiohttp\\connector.py\", line 1316, in _wrap_create_connection\r\n    return await self."}
{"time":"2026-09-05T05:04:42.012Z","event":"edge_tts.retry","attempt":2,"message":"edge-tts 退出码 1：Traceback (most recent call last):\r\n  File \"C:\\Users\\ASUS\\AppData\\Local\\Programs\\Python\\Python313\\Lib\\site-packages\\aiohttp\\connector.py\", line 1316, in _wrap_create_connection\r\n    return await self."}
{"time":"2026-09-05T05:04:44.690Z","event":"edge_tts.retry","attempt":3,"message":"edge-tts 退出码 1：Traceback (most recent call last):\r\n  File \"C:\\Users\\ASUS\\AppData\\Local\\Programs\\Python\\Python313\\Lib\\site-packages\\aiohttp\\connector.py\", line 1316, in _wrap_create_connection\r\n    return await self."}
{"time":"2026-09-05T05:04:47.241Z","event":"request","id":"22e95213-830c-43bc-9b6f-a141aaf9537d","method":"GET","path":"/api/v1/video/status","ms":1}
{"time":"2026-09-05T05:04:53.522Z","event":"edge_tts.retry","attempt":1,"message":"edge-tts 退出码 1：Traceback (most recent call last):\r\n  File \"C:\\Users\\ASUS\\AppData\\Local\\Programs\\Python\\Python313\\Lib\\site-packages\\aiohttp\\connector.py\", line 1316, in _wrap_create_connection\r\n    return await self."}
{"time":"2026-09-05T05:05:00.341Z","event":"edge_tts.retry","attempt":1,"message":"edge-tts 退出码 1：Traceback (most recent call last):\r\n  File \"C:\\Users\\ASUS\\AppData\\Local\\Programs\\Python\\Python313\\Lib\\site-packages\\aiohttp\\connector.py\", line 1316, in _wrap_create_connection\r\n    return await self."}
{"time":"2026-09-05T05:05:07.150Z","event":"edge_tts.retry","attempt":1,"message":"edge-tts 退出码 1：Traceback (most recent call last):\r\n  File \"C:\\Users\\ASUS\\AppData\\Local\\Programs\\Python\\Python313\\Lib\\site-packages\\aiohttp\\connector.py\", line 1316, in _wrap_create_connection\r\n    return await self."}
{"time":"2026-09-05T05:05:07.257Z","event":"request","id":"cbe2f748-dab5-40df-a167-e0129ba86f57","method":"GET","path":"/api/v1/video/status","ms":1}
{"time":"2026-09-05T05:05:08.630Z","event":"edge_tts.retry","attempt":2,"message":"edge-tts 退出码 1：Traceback (most recent call last):\r\n  File \"C:\\Users\\ASUS\\AppData\\Local\\Programs\\Python\\Python313\\Lib\\site-packages\\aiohttp\\connector.py\", line 1316, in _wrap_create_connection\r\n    return await self."}
{"time":"2026-09-05T05:05:11.325Z","event":"edge_tts.retry","attempt":3,"message":"edge-tts 退出码 1：Traceback (most recent call last):\r\n  File \"C:\\Users\\ASUS\\AppData\\Local\\Programs\\Python\\Python313\\Lib\\site-packages\\aiohttp\\connector.py\", line 1316, in _wrap_create_connection\r\n    return await self."}
{"time":"2026-09-05T05:05:15.218Z","event":"edge_tts.retry","attempt":4,"message":"edge-tts 退出码 1：Traceback (most recent call last):\r\n  File \"C:\\Users\\ASUS\\AppData\\Local\\Programs\\Python\\Python313\\Lib\\site-packages\\aiohttp\\connector.py\", line 1316, in _wrap_create_connection\r\n    return await self."}
{"time":"2026-09-05T05:05:19.321Z","event":"edge_tts.failed","text":"注意这个可视化卡片，这里展示了一个快速排序的基本步骤。"}
{"time":"2026-09-05T05:05:26.118Z","event":"edge_tts.retry","attempt":1,"message":"edge-tts 退出码 1：Traceback (most recent call last):\r\n  File \"C:\\Users\\ASUS\\AppData\\Local\\Programs\\Python\\Python313\\Lib\\site-packages\\aiohttp\\connector.py\", line 1316, in _wrap_create_connection\r\n    return await self."}
{"time":"2026-09-05T05:05:27.263Z","event":"request","id":"40d85f8b-bf6c-4565-8d1d-9a18f4dd74b4","method":"GET","path":"/api/v1/video/status","ms":0}
{"time":"2026-09-05T05:05:30.279Z","event":"edge_tts.retry","attempt":1,"message":"edge-tts 退出码 1：Traceback (most recent call last):\r\n  File \"C:\\Users\\ASUS\\AppData\\Local\\Programs\\Python\\Python313\\Lib\\site-packages\\aiohttp\\connector.py\", line 1316, in _wrap_create_connection\r\n    return await self."}
{"time":"2026-09-05T05:05:31.759Z","event":"edge_tts.retry","attempt":2,"message":"edge-tts 退出码 1：Traceback (most recent call last):\r\n  File \"C:\\Users\\ASUS\\AppData\\Local\\Programs\\Python\\Python313\\Lib\\site-packages\\aiohttp\\connector.py\", line 1316, in _wrap_create_connection\r\n    return await self."}
{"time":"2026-09-05T05:05:37.126Z","event":"edge_tts.retry","attempt":1,"message":"edge-tts 退出码 1：Traceback (most recent call last):\r\n  File \"C:\\Users\\ASUS\\AppData\\Local\\Programs\\Python\\Python313\\Lib\\site-packages\\aiohttp\\connector.py\", line 1316, in _wrap_create_connection\r\n    return await self."}
{"time":"2026-09-05T05:05:44.049Z","event":"edge_tts.retry","attempt":1,"message":"edge-tts 退出码 1：Traceback (most recent call last):\r\n  File \"C:\\Users\\ASUS\\AppData\\Local\\Programs\\Python\\Python313\\Lib\\site-packages\\aiohttp\\connector.py\", line 1316, in _wrap_create_connection\r\n    return await self."}
{"time":"2026-09-05T05:05:47.274Z","event":"request","id":"a0903b0d-2971-4c54-9b7f-9dd00ea0c5b9","method":"GET","path":"/api/v1/video/status","ms":0}
{"time":"2026-09-05T05:06:04.830Z","event":"edge_tts.retry","attempt":1,"message":"edge-tts 退出码 1：Traceback (most recent call last):\r\n  File \"C:\\Users\\ASUS\\AppData\\Local\\Programs\\Python\\Python313\\Lib\\site-packages\\aiohttp\\connector.py\", line 1316, in _wrap_create_connection\r\n    return await self."}
{"time":"2026-09-05T05:06:06.339Z","event":"edge_tts.retry","attempt":2,"message":"edge-tts 退出码 1：Traceback (most recent call last):\r\n  File \"C:\\Users\\ASUS\\AppData\\Local\\Programs\\Python\\Python313\\Lib\\site-packages\\aiohttp\\connector.py\", line 1316, in _wrap_create_connection\r\n    return await self."}
{"time":"2026-09-05T05:06:07.290Z","event":"request","id":"52a9901b-77fa-42d1-9280-46818e965249","method":"GET","path":"/api/v1/video/status","ms":0}
{"time":"2026-09-05T05:06:09.058Z","event":"edge_tts.retry","attempt":3,"message":"edge-tts 退出码 1：Traceback (most recent call last):\r\n  File \"C:\\Users\\ASUS\\AppData\\Local\\Programs\\Python\\Python313\\Lib\\site-packages\\aiohttp\\connector.py\", line 1316, in _wrap_create_connection\r\n    return await self."}
{"time":"2026-09-05T05:06:15.813Z","event":"edge_tts.retry","attempt":1,"message":"edge-tts 退出码 1：Traceback (most recent call last):\r\n  File \"C:\\Users\\ASUS\\AppData\\Local\\Programs\\Python\\Python313\\Lib\\site-packages\\aiohttp\\connector.py\", line 1316, in _wrap_create_connection\r\n    return await self."}
{"time":"2026-09-05T05:06:23.174Z","event":"edge_tts.retry","attempt":1,"message":"edge-tts 退出码 1：Traceback (most recent call last):\r\n  File \"C:\\Users\\ASUS\\AppData\\Local\\Programs\\Python\\Python313\\Lib\\site-packages\\aiohttp\\connector.py\", line 1316, in _wrap_create_connection\r\n    return await self."}
{"time":"2026-09-05T05:06:27.308Z","event":"request","id":"c8874f38-0653-4313-bfdc-95f889b4a9a7","method":"GET","path":"/api/v1/video/status","ms":1}
{"time":"2026-09-05T05:06:30.605Z","event":"edge_tts.retry","attempt":1,"message":"edge-tts 退出码 1：Traceback (most recent call last):\r\n  File \"C:\\Users\\ASUS\\AppData\\Local\\Programs\\Python\\Python313\\Lib\\site-packages\\aiohttp\\connector.py\", line 1316, in _wrap_create_connection\r\n    return await self."}
{"time":"2026-09-05T05:06:40.571Z","event":"edge_tts.retry","attempt":1,"message":"edge-tts 退出码 1：Traceback (most recent call last):\r\n  File \"C:\\Users\\ASUS\\AppData\\Local\\Programs\\Python\\Python313\\Lib\\site-packages\\aiohttp\\connector.py\", line 1316, in _wrap_create_connection\r\n    return await self."}
{"time":"2026-09-05T05:06:47.135Z","event":"edge_tts.retry","attempt":1,"message":"edge-tts 退出码 1：Traceback (most recent call last):\r\n  File \"C:\\Users\\ASUS\\AppData\\Local\\Programs\\Python\\Python313\\Lib\\site-packages\\aiohttp\\connector.py\", line 1316, in _wrap_create_connection\r\n    return await self."}
{"time":"2026-09-05T05:06:47.325Z","event":"request","id":"7880588b-b698-4316-9c16-3d3ea0a0ec46","method":"GET","path":"/api/v1/video/status","ms":0}
{"time":"2026-09-05T05:06:48.618Z","event":"edge_tts.retry","attempt":2,"message":"edge-tts 退出码 1：Traceback (most recent call last):\r\n  File \"C:\\Users\\ASUS\\AppData\\Local\\Programs\\Python\\Python313\\Lib\\site-packages\\aiohttp\\connector.py\", line 1316, in _wrap_create_connection\r\n    return await self."}
{"time":"2026-09-05T05:06:53.904Z","event":"edge_tts.retry","attempt":1,"message":"edge-tts 退出码 1：Traceback (most recent call last):\r\n  File \"C:\\Users\\ASUS\\AppData\\Local\\Programs\\Python\\Python313\\Lib\\site-packages\\aiohttp\\connector.py\", line 1316, in _wrap_create_connection\r\n    return await self."}
{"time":"2026-09-05T05:06:55.405Z","event":"edge_tts.retry","attempt":2,"message":"edge-tts 退出码 1：Traceback (most recent call last):\r\n  File \"C:\\Users\\ASUS\\AppData\\Local\\Programs\\Python\\Python313\\Lib\\site-packages\\aiohttp\\connector.py\", line 1316, in _wrap_create_connection\r\n    return await self."}
{"time":"2026-09-05T05:06:58.073Z","event":"edge_tts.retry","attempt":3,"message":"edge-tts 退出码 1：Traceback (most recent call last):\r\n  File \"C:\\Users\\ASUS\\AppData\\Local\\Programs\\Python\\Python313\\Lib\\site-packages\\aiohttp\\connector.py\", line 1316, in _wrap_create_connection\r\n    return await self."}
{"time":"2026-09-05T05:07:07.336Z","event":"request","id":"93075f2e-b77c-4e07-baad-7ccab3dced66","method":"GET","path":"/api/v1/video/status","ms":0}
{"time":"2026-09-05T05:07:15.668Z","event":"edge_tts.retry","attempt":1,"message":"edge-tts 退出码 1：Traceback (most recent call last):\r\n  File \"C:\\Users\\ASUS\\AppData\\Local\\Programs\\Python\\Python313\\Lib\\site-packages\\aiohttp\\connector.py\", line 1316, in _wrap_create_connection\r\n    return await self."}
{"time":"2026-09-05T05:07:19.588Z","event":"edge_tts.retry","attempt":1,"message":"edge-tts 退出码 1：Traceback (most recent call last):\r\n  File \"C:\\Users\\ASUS\\AppData\\Local\\Programs\\Python\\Python313\\Lib\\site-packages\\aiohttp\\connector.py\", line 1316, in _wrap_create_connection\r\n    return await self."}
{"time":"2026-09-05T05:07:21.055Z","event":"edge_tts.retry","attempt":2,"message":"edge-tts 退出码 1：Traceback (most recent call last):\r\n  File \"C:\\Users\\ASUS\\AppData\\Local\\Programs\\Python\\Python313\\Lib\\site-packages\\aiohttp\\connector.py\", line 1316, in _wrap_create_connection\r\n    return await self."}
{"time":"2026-09-05T05:07:26.739Z","event":"edge_tts.retry","attempt":1,"message":"edge-tts 退出码 1：Traceback (most recent call last):\r\n  File \"C:\\Users\\ASUS\\AppData\\Local\\Programs\\Python\\Python313\\Lib\\site-packages\\aiohttp\\connector.py\", line 1316, in _wrap_create_connection\r\n    return await self."}
{"time":"2026-09-05T05:07:27.343Z","event":"request","id":"8248b3d1-69c1-4cd1-ab51-cc111fbf8491","method":"GET","path":"/api/v1/video/status","ms":1}
{"time":"2026-09-05T05:07:36.263Z","event":"edge_tts.retry","attempt":1,"message":"edge-tts 退出码 1：Traceback (most recent call last):\r\n  File \"C:\\Users\\ASUS\\AppData\\Local\\Programs\\Python\\Python313\\Lib\\site-packages\\aiohttp\\connector.py\", line 1316, in _wrap_create_connection\r\n    return await self."}
{"time":"2026-09-05T05:07:37.740Z","event":"edge_tts.retry","attempt":2,"message":"edge-tts 退出码 1：Traceback (most recent call last):\r\n  File \"C:\\Users\\ASUS\\AppData\\Local\\Programs\\Python\\Python313\\Lib\\site-packages\\aiohttp\\connector.py\", line 1316, in _wrap_create_connection\r\n    return await self."}
{"time":"2026-09-05T05:07:40.416Z","event":"edge_tts.retry","attempt":3,"message":"edge-tts 退出码 1：Traceback (most recent call last):\r\n  File \"C:\\Users\\ASUS\\AppData\\Local\\Programs\\Python\\Python313\\Lib\\site-packages\\aiohttp\\connector.py\", line 1316, in _wrap_create_connection\r\n    return await self."}
{"time":"2026-09-05T05:07:47.356Z","event":"request","id":"3dc7923b-74a9-4b6d-af0b-63f3baf1aaf7","method":"GET","path":"/api/v1/video/status","ms":1}
{"time":"2026-09-05T05:11:21.568Z","event":"request","id":"91c98b55-27f8-40c3-817f-09ef07bdaaed","method":"GET","path":"/search.html","ms":2}
{"time":"2026-09-05T05:11:21.598Z","event":"request","id":"bc069d5b-34c6-4a68-b647-99322b48dbd8","method":"GET","path":"/mdrender.js","ms":2}
{"time":"2026-09-05T05:11:21.598Z","event":"request","id":"5bb67962-397b-4df2-af1f-08d2f42d79bf","method":"GET","path":"/vortex.js","ms":1}
{"time":"2026-09-05T05:11:21.602Z","event":"request","id":"b84ac767-12d3-48f8-a08b-41333b033d46","method":"GET","path":"/lucide-unify.js","ms":1}
{"time":"2026-09-05T05:11:21.980Z","event":"request.error","id":"789c91b8-2f57-45f4-92f7-e3a9f7dd048b","method":"GET","status":404,"code":"NOT_FOUND"}
{"time":"2026-09-05T05:11:27.801Z","event":"request","id":"c2c82011-fa6f-43e1-946b-149cc86e4ee3","method":"POST","path":"/api/v1/courseware/generate","ms":11}
{"time":"2026-09-05T05:11:27.813Z","event":"request","id":"5ebaaae8-1551-4776-aafe-aac511fd9fbb","method":"GET","path":"/api/v1/video/status","ms":0}
{"time":"2026-09-05T05:11:29.821Z","event":"request","id":"0558bf96-9069-4f49-933d-706cf3cd8fce","method":"GET","path":"/api/v1/video/status","ms":0}
{"time":"2026-09-05T05:11:32.098Z","event":"request","id":"77fc17e8-9bad-41ad-a5e6-72a0e746e148","method":"GET","path":"/api/v1/video/status","ms":0}
{"time":"2026-09-05T05:11:34.109Z","event":"request","id":"85a1f2aa-9414-435c-b895-03425cccc24a","method":"GET","path":"/api/v1/video/status","ms":0}
{"time":"2026-09-05T05:11:37.102Z","event":"request","id":"51ee850d-82c6-4e90-a3a0-9abe63676414","method":"GET","path":"/api/v1/video/status","ms":0}
{"time":"2026-09-05T05:11:40.107Z","event":"request","id":"80763451-c7a7-457e-aa31-3dee66902f32","method":"GET","path":"/api/v1/video/status","ms":1}
{"time":"2026-09-05T05:11:43.098Z","event":"request","id":"a87d9ee9-285c-41f8-af7e-c020c740d0a1","method":"GET","path":"/api/v1/video/status","ms":0}
