{"time":"2026-09-05T04:52:47.509Z","event":"server.started","port":3002,"url":"http://localhost:3002"}
{"time":"2026-09-05T04:52:54.363Z","event":"request","id":"32fd1d7d-1ca4-4515-85bd-648c60684c65","method":"GET","path":"/search.html","ms":4}
{"time":"2026-09-05T04:52:54.399Z","event":"request","id":"85d5ec2d-861c-47c4-93e8-a163d6dcb553","method":"POST","path":"/api/v1/courseware/generate","ms":15}
{"time":"2026-09-05T04:53:18.236Z","event":"request","id":"ab13b3bb-216c-49bc-8c8e-e3311ba16b67","method":"GET","path":"/api/v1/video/status","ms":0}
{"time":"2026-09-05T04:53:38.313Z","event":"request","id":"4ace4c77-705c-4261-8cb4-e3e1a0e1331a","method":"GET","path":"/api/v1/video/status","ms":1}
{"time":"2026-09-05T04:53:58.320Z","event":"request","id":"13f9a3bc-f03f-4518-935c-dcb8217918c2","method":"GET","path":"/api/v1/video/status","ms":0}
{"time":"2026-09-05T04:54:18.330Z","event":"request","id":"8a45cf64-9568-45a5-9450-ac173e6a72ff","method":"GET","path":"/api/v1/video/status","ms":1}
{"time":"2026-09-05T04:54:36.236Z","event":"courseware.page.failed","idx":6,"message":"Unterminated string in JSON at position 3417 (line 28 column 2665)"}
{"time":"2026-09-05T04:54:38.342Z","event":"request","id":"67fb02a6-111d-464a-9f44-0de7c8db322d","method":"GET","path":"/api/v1/video/status","ms":0}
{"time":"2026-09-05T04:54:58.346Z","event":"request","id":"b727186f-e26d-4390-be56-3a25e182ff36","method":"GET","path":"/api/v1/video/status","ms":0}
{"time":"2026-09-05T04:54:59.205Z","event":"edge_tts.probe","ok":true}
{"time":"2026-09-05T04:55:00.173Z","event":"edge_tts.retry","attempt":1,"message":"edge-tts 退出码 1：Traceback (most recent call last):\r\n  File \"C:\\Users\\ASUS\\AppData\\Local\\Programs\\Python\\Python313\\Lib\\asyncio\\windows_events.py\", line 463, in finish_socket_func\r\n    return ov.getresult()\r\n          "}
{"time":"2026-09-05T04:55:05.852Z","event":"edge_tts.retry","attempt":1,"message":"edge-tts 退出码 1：Traceback (most recent call last):\r\n  File \"C:\\Users\\ASUS\\AppData\\Local\\Programs\\Python\\Python313\\Lib\\asyncio\\windows_events.py\", line 463, in finish_socket_func\r\n    return ov.getresult()\r\n          "}
{"time":"2026-09-05T04:55:07.847Z","event":"edge_tts.retry","attempt":2,"message":"edge-tts 退出码 1：Traceback (most recent call last):\r\n  File \"C:\\Users\\ASUS\\AppData\\Local\\Programs\\Python\\Python313\\Lib\\asyncio\\windows_events.py\", line 463, in finish_socket_func\r\n    return ov.getresult()\r\n          "}
{"time":"2026-09-05T04:55:18.361Z","event":"request","id":"d371cc36-7cbc-43e8-b826-c0eb71871fb5","method":"GET","path":"/api/v1/video/status","ms":0}
{"time":"2026-09-05T04:55:23.782Z","event":"edge_tts.retry","attempt":1,"message":"edge-tts 退出码 1：Traceback (most recent call last):\r\n  File \"<frozen runpy>\", line 198, in _run_module_as_main\r\n  File \"<frozen runpy>\", line 88, in _run_code\r\n  File \"C:\\Users\\ASUS\\AppData\\Local\\Programs\\Python\\Pytho"}
{"time":"2026-09-05T04:55:25.760Z","event":"edge_tts.retry","attempt":2,"message":"edge-tts 退出码 1：Traceback (most recent call last):\r\n  File \"C:\\Users\\ASUS\\AppData\\Local\\Programs\\Python\\Python313\\Lib\\asyncio\\windows_events.py\", line 463, in finish_socket_func\r\n    return ov.getresult()\r\n          "}
{"time":"2026-09-05T04:55:31.601Z","event":"edge_tts.retry","attempt":1,"message":"edge-tts 退出码 1：Traceback (most recent call last):\r\n  File \"C:\\Users\\ASUS\\AppData\\Local\\Programs\\Python\\Python313\\Lib\\asyncio\\windows_events.py\", line 463, in finish_socket_func\r\n    return ov.getresult()\r\n          "}
{"time":"2026-09-05T04:55:33.586Z","event":"edge_tts.retry","attempt":2,"message":"edge-tts 退出码 1：Traceback (most recent call last):\r\n  File \"C:\\Users\\ASUS\\AppData\\Local\\Programs\\Python\\Python313\\Lib\\asyncio\\windows_events.py\", line 463, in finish_socket_func\r\n    return ov.getresult()\r\n          "}
{"time":"2026-09-05T04:55:38.366Z","event":"request","id":"3bf05eae-32fa-42b9-9bf2-9aeea272ad08","method":"GET","path":"/api/v1/video/status","ms":1}
{"time":"2026-09-05T04:55:39.312Z","event":"edge_tts.retry","attempt":1,"message":"edge-tts 退出码 1：Traceback (most recent call last):\r\n  File \"C:\\Users\\ASUS\\AppData\\Local\\Programs\\Python\\Python313\\Lib\\asyncio\\windows_events.py\", line 463, in finish_socket_func\r\n    return ov.getresult()\r\n          "}
{"time":"2026-09-05T04:55:41.301Z","event":"edge_tts.retry","attempt":2,"message":"edge-tts 退出码 1：Traceback (most recent call last):\r\n  File \"C:\\Users\\ASUS\\AppData\\Local\\Programs\\Python\\Python313\\Lib\\asyncio\\windows_events.py\", line 463, in finish_socket_func\r\n    return ov.getresult()\r\n          "}
{"time":"2026-09-05T04:55:44.273Z","event":"edge_tts.retry","attempt":3,"message":"edge-tts 退出码 1：Traceback (most recent call last):\r\n  File \"C:\\Users\\ASUS\\AppData\\Local\\Programs\\Python\\Python313\\Lib\\asyncio\\windows_events.py\", line 463, in finish_socket_func\r\n    return ov.getresult()\r\n          "}
{"time":"2026-09-05T04:55:44.273Z","event":"edge_tts.failed","text":"我们来看一下这页的标题，核心思想。"}
{"time":"2026-09-05T04:55:56.414Z","event":"edge_tts.retry","attempt":1,"message":"edge-tts 退出码 1：Traceback (most recent call last):\r\n  File \"<frozen runpy>\", line 198, in _run_module_as_main\r\n  File \"<frozen runpy>\", line 88, in _run_code\r\n  File \"C:\\Users\\ASUS\\AppData\\Local\\Programs\\Python\\Pytho"}
{"time":"2026-09-05T04:55:58.374Z","event":"request","id":"e387375d-e86f-4809-8fd5-e787108e8461","method":"GET","path":"/api/v1/video/status","ms":1}
{"time":"2026-09-05T04:56:00.921Z","event":"edge_tts.retry","attempt":1,"message":"edge-tts 退出码 1：Traceback (most recent call last):\r\n  File \"C:\\Users\\ASUS\\AppData\\Local\\Programs\\Python\\Python313\\Lib\\asyncio\\windows_events.py\", line 463, in finish_socket_func\r\n    return ov.getresult()\r\n          "}
{"time":"2026-09-05T04:56:02.890Z","event":"edge_tts.retry","attempt":2,"message":"edge-tts 退出码 1：Traceback (most recent call last):\r\n  File \"C:\\Users\\ASUS\\AppData\\Local\\Programs\\Python\\Python313\\Lib\\asyncio\\windows_events.py\", line 463, in finish_socket_func\r\n    return ov.getresult()\r\n          "}
{"time":"2026-09-05T04:56:12.163Z","event":"edge_tts.retry","attempt":1,"message":"edge-tts 退出码 1：Traceback (most recent call last):\r\n  File \"<frozen runpy>\", line 198, in _run_module_as_main\r\n  File \"<frozen runpy>\", line 88, in _run_code\r\n  File \"C:\\Users\\ASUS\\AppData\\Local\\Programs\\Python\\Pytho"}
{"time":"2026-09-05T04:56:17.001Z","event":"edge_tts.retry","attempt":1,"message":"edge-tts 退出码 1：Traceback (most recent call last):\r\n  File \"C:\\Users\\ASUS\\AppData\\Local\\Programs\\Python\\Python313\\Lib\\asyncio\\windows_events.py\", line 463, in finish_socket_func\r\n    return ov.getresult()\r\n          "}
{"time":"2026-09-05T04:56:18.388Z","event":"request","id":"78386b62-9320-478c-a585-03876084a6b2","method":"GET","path":"/api/v1/video/status","ms":1}
{"time":"2026-09-05T04:56:30.796Z","event":"edge_tts.retry","attempt":1,"message":"edge-tts 退出码 1：Traceback (most recent call last):\r\n  File \"C:\\Users\\ASUS\\AppData\\Local\\Programs\\Python\\Python313\\Lib\\asyncio\\windows_events.py\", line 463, in finish_socket_func\r\n    return ov.getresult()\r\n          "}
{"time":"2026-09-05T04:56:38.395Z","event":"request","id":"e491314b-906d-44f1-a34a-eb6096ba8824","method":"GET","path":"/api/v1/video/status","ms":0}
{"time":"2026-09-05T04:56:38.570Z","event":"edge_tts.retry","attempt":1,"message":"edge-tts 退出码 1：Traceback (most recent call last):\r\n  File \"C:\\Users\\ASUS\\AppData\\Local\\Programs\\Python\\Python313\\Lib\\asyncio\\windows_events.py\", line 463, in finish_socket_func\r\n    return ov.getresult()\r\n          "}
{"time":"2026-09-05T04:56:40.552Z","event":"edge_tts.retry","attempt":2,"message":"edge-tts 退出码 1：Traceback (most recent call last):\r\n  File \"C:\\Users\\ASUS\\AppData\\Local\\Programs\\Python\\Python313\\Lib\\asyncio\\windows_events.py\", line 463, in finish_socket_func\r\n    return ov.getresult()\r\n          "}
{"time":"2026-09-05T04:56:52.966Z","event":"edge_tts.retry","attempt":1,"message":"edge-tts 退出码 1：Traceback (most recent call last):\r\n  File \"C:\\Users\\ASUS\\AppData\\Local\\Programs\\Python\\Python313\\Lib\\asyncio\\windows_events.py\", line 463, in finish_socket_func\r\n    return ov.getresult()\r\n          "}
{"time":"2026-09-05T04:56:54.943Z","event":"edge_tts.retry","attempt":2,"message":"edge-tts 退出码 1：Traceback (most recent call last):\r\n  File \"C:\\Users\\ASUS\\AppData\\Local\\Programs\\Python\\Python313\\Lib\\asyncio\\windows_events.py\", line 463, in finish_socket_func\r\n    return ov.getresult()\r\n          "}
{"time":"2026-09-05T04:56:57.921Z","event":"edge_tts.retry","attempt":3,"message":"edge-tts 退出码 1：Traceback (most recent call last):\r\n  File \"C:\\Users\\ASUS\\AppData\\Local\\Programs\\Python\\Python313\\Lib\\asyncio\\windows_events.py\", line 463, in finish_socket_func\r\n    return ov.getresult()\r\n          "}
{"time":"2026-09-05T04:56:57.921Z","event":"edge_tts.failed","text":"注意这里的要点部分，数组是[1, 3, 5, 7, 9, 11, 13, 15]"}
{"time":"2026-09-05T04:56:58.399Z","event":"request","id":"c9e97171-032c-46dc-ac58-c7c9ad8a4bb1","method":"GET","path":"/api/v1/video/status","ms":1}
{"time":"2026-09-05T04:57:01.701Z","event":"edge_tts.retry","attempt":1,"message":"edge-tts 退出码 1：Traceback (most recent call last):\r\n  File \"C:\\Users\\ASUS\\AppData\\Local\\Programs\\Python\\Python313\\Lib\\asyncio\\windows_events.py\", line 463, in finish_socket_func\r\n    return ov.getresult()\r\n          "}
{"time":"2026-09-05T04:57:12.341Z","event":"edge_tts.retry","attempt":1,"message":"edge-tts 退出码 1：Traceback (most recent call last):\r\n  File \"C:\\Users\\ASUS\\AppData\\Local\\Programs\\Python\\Python313\\Lib\\asyncio\\windows_events.py\", line 463, in finish_socket_func\r\n    return ov.getresult()\r\n          "}
{"time":"2026-09-05T04:57:14.327Z","event":"edge_tts.retry","attempt":2,"message":"edge-tts 退出码 1：Traceback (most recent call last):\r\n  File \"C:\\Users\\ASUS\\AppData\\Local\\Programs\\Python\\Python313\\Lib\\asyncio\\windows_events.py\", line 463, in finish_socket_func\r\n    return ov.getresult()\r\n          "}
{"time":"2026-09-05T04:57:17.308Z","event":"edge_tts.retry","attempt":3,"message":"edge-tts 退出码 1：Traceback (most recent call last):\r\n  File \"C:\\Users\\ASUS\\AppData\\Local\\Programs\\Python\\Python313\\Lib\\asyncio\\windows_events.py\", line 463, in finish_socket_func\r\n    return ov.getresult()\r\n          "}
{"time":"2026-09-05T04:57:17.308Z","event":"edge_tts.failed","text":"副标题这里，我们要具体讨论二分查找的时间与空间效率。"}
{"time":"2026-09-05T04:57:18.408Z","event":"request","id":"78d42f70-2bef-46cf-b85f-336d47374544","method":"GET","path":"/api/v1/video/status","ms":0}
{"time":"2026-09-05T04:57:20.807Z","event":"edge_tts.retry","attempt":1,"message":"edge-tts 退出码 1：Traceback (most recent call last):\r\n  File \"C:\\Users\\ASUS\\AppData\\Local\\Programs\\Python\\Python313\\Lib\\asyncio\\windows_events.py\", line 463, in finish_socket_func\r\n    return ov.getresult()\r\n          "}
{"time":"2026-09-05T04:57:22.775Z","event":"edge_tts.retry","attempt":2,"message":"edge-tts 退出码 1：Traceback (most recent call last):\r\n  File \"C:\\Users\\ASUS\\AppData\\Local\\Programs\\Python\\Python313\\Lib\\asyncio\\windows_events.py\", line 463, in finish_socket_func\r\n    return ov.getresult()\r\n          "}
{"time":"2026-09-05T04:57:31.721Z","event":"edge_tts.retry","attempt":1,"message":"edge-tts 退出码 1：Traceback (most recent call last):\r\n  File \"<frozen runpy>\", line 198, in _run_module_as_main\r\n  File \"<frozen runpy>\", line 88, in _run_code\r\n  File \"C:\\Users\\ASUS\\AppData\\Local\\Programs\\Python\\Pytho"}
{"time":"2026-09-05T04:57:33.705Z","event":"edge_tts.retry","attempt":2,"message":"edge-tts 退出码 1：Traceback (most recent call last):\r\n  File \"C:\\Users\\ASUS\\AppData\\Local\\Programs\\Python\\Python313\\Lib\\asyncio\\windows_events.py\", line 463, in finish_socket_func\r\n    return ov.getresult()\r\n          "}
{"time":"2026-09-05T04:57:38.430Z","event":"request","id":"8717d141-3b9e-470a-a064-bb39472d94f6","method":"GET","path":"/api/v1/video/status","ms":0}
{"time":"2026-09-05T04:57:46.677Z","event":"edge_tts.retry","attempt":1,"message":"edge-tts 退出码 1：Traceback (most recent call last):\r\n  File \"C:\\Users\\ASUS\\AppData\\Local\\Programs\\Python\\Python313\\Lib\\asyncio\\windows_events.py\", line 463, in finish_socket_func\r\n    return ov.getresult()\r\n          "}
{"time":"2026-09-05T04:57:48.668Z","event":"edge_tts.retry","attempt":2,"message":"edge-tts 退出码 1：Traceback (most recent call last):\r\n  File \"C:\\Users\\ASUS\\AppData\\Local\\Programs\\Python\\Python313\\Lib\\asyncio\\windows_events.py\", line 463, in finish_socket_func\r\n    return ov.getresult()\r\n          "}
{"time":"2026-09-05T04:57:51.644Z","event":"edge_tts.retry","attempt":3,"message":"edge-tts 退出码 1：Traceback (most recent call last):\r\n  File \"C:\\Users\\ASUS\\AppData\\Local\\Programs\\Python\\Python313\\Lib\\asyncio\\windows_events.py\", line 463, in finish_socket_func\r\n    return ov.getresult()\r\n          "}
{"time":"2026-09-05T04:57:51.644Z","event":"edge_tts.failed","text":"核心要点里提到了这两种算法的时间复杂度，大家注意看下区别。"}
{"time":"2026-09-05T04:57:52.641Z","event":"edge_tts.retry","attempt":1,"message":"edge-tts 退出码 1：Traceback (most recent call last):\r\n  File \"C:\\Users\\ASUS\\AppData\\Local\\Programs\\Python\\Python313\\Lib\\asyncio\\windows_events.py\", line 463, in finish_socket_func\r\n    return ov.getresult()\r\n          "}
{"time":"2026-09-05T04:57:54.619Z","event":"edge_tts.retry","attempt":2,"message":"edge-tts 退出码 1：Traceback (most recent call last):\r\n  File \"C:\\Users\\ASUS\\AppData\\Local\\Programs\\Python\\Python313\\Lib\\asyncio\\windows_events.py\", line 463, in finish_socket_func\r\n    return ov.getresult()\r\n          "}
{"time":"2026-09-05T04:57:57.606Z","event":"edge_tts.retry","attempt":3,"message":"edge-tts 退出码 1：Traceback (most recent call last):\r\n  File \"C:\\Users\\ASUS\\AppData\\Local\\Programs\\Python\\Python313\\Lib\\asyncio\\windows_events.py\", line 463, in finish_socket_func\r\n    return ov.getresult()\r\n          "}
{"time":"2026-09-05T04:57:57.606Z","event":"edge_tts.failed","text":"正文部分详细解释了，在不同大小的数据集上它们的表现差异。"}
{"time":"2026-09-05T04:57:58.446Z","event":"request","id":"88bb4838-4328-40bd-ac10-cbc4f646c1f4","method":"GET","path":"/api/v1/video/status","ms":0}
{"time":"2026-09-05T04:57:58.583Z","event":"edge_tts.retry","attempt":1,"message":"edge-tts 退出码 1：Traceback (most recent call last):\r\n  File \"C:\\Users\\ASUS\\AppData\\Local\\Programs\\Python\\Python313\\Lib\\asyncio\\windows_events.py\", line 463, in finish_socket_func\r\n    return ov.getresult()\r\n          "}
{"time":"2026-09-05T04:58:00.563Z","event":"edge_tts.retry","attempt":2,"message":"edge-tts 退出码 1：Traceback (most recent call last):\r\n  File \"C:\\Users\\ASUS\\AppData\\Local\\Programs\\Python\\Python313\\Lib\\asyncio\\windows_events.py\", line 463, in finish_socket_func\r\n    return ov.getresult()\r\n          "}
{"time":"2026-09-05T04:58:12.766Z","event":"edge_tts.retry","attempt":1,"message":"edge-tts 退出码 1：Traceback (most recent call last):\r\n  File \"C:\\Users\\ASUS\\AppData\\Local\\Programs\\Python\\Python313\\Lib\\asyncio\\windows_events.py\", line 463, in finish_socket_func\r\n    return ov.getresult()\r\n          "}
{"time":"2026-09-05T04:58:18.457Z","event":"request","id":"2a11f1fa-ba9c-4835-b32f-cb7bbdb87d43","method":"GET","path":"/api/v1/video/status","ms":0}
{"time":"2026-09-05T04:58:20.092Z","event":"edge_tts.retry","attempt":1,"message":"edge-tts 退出码 1：Traceback (most recent call last):\r\n  File \"C:\\Users\\ASUS\\AppData\\Local\\Programs\\Python\\Python313\\Lib\\asyncio\\windows_events.py\", line 463, in finish_socket_func\r\n    return ov.getresult()\r\n          "}
{"time":"2026-09-05T04:58:38.467Z","event":"request","id":"e636937b-a742-49ac-b6b5-ac74a57315b4","method":"GET","path":"/api/v1/video/status","ms":1}
{"time":"2026-09-05T04:58:47.054Z","event":"edge_tts.retry","attempt":1,"message":"edge-tts 退出码 1：Traceback (most recent call last):\r\n  File \"C:\\Users\\ASUS\\AppData\\Local\\Programs\\Python\\Python313\\Lib\\asyncio\\windows_events.py\", line 463, in finish_socket_func\r\n    return ov.getresult()\r\n          "}
{"time":"2026-09-05T04:58:49.053Z","event":"edge_tts.retry","attempt":2,"message":"edge-tts 退出码 1：Traceback (most recent call last):\r\n  File \"C:\\Users\\ASUS\\AppData\\Local\\Programs\\Python\\Python313\\Lib\\asyncio\\windows_events.py\", line 463, in finish_socket_func\r\n    return ov.getresult()\r\n          "}
{"time":"2026-09-05T04:58:55.075Z","event":"edge_tts.retry","attempt":1,"message":"edge-tts 退出码 1：Traceback (most recent call last):\r\n  File \"C:\\Users\\ASUS\\AppData\\Local\\Programs\\Python\\Python313\\Lib\\asyncio\\windows_events.py\", line 463, in finish_socket_func\r\n    return ov.getresult()\r\n          "}
{"time":"2026-09-05T04:58:57.046Z","event":"edge_tts.retry","attempt":2,"message":"edge-tts 退出码 1：Traceback (most recent call last):\r\n  File \"C:\\Users\\ASUS\\AppData\\Local\\Programs\\Python\\Python313\\Lib\\asyncio\\windows_events.py\", line 463, in finish_socket_func\r\n    return ov.getresult()\r\n          "}
{"time":"2026-09-05T04:58:58.480Z","event":"request","id":"0cc995bd-0182-4fc0-8d64-0b0b3c950c1f","method":"GET","path":"/api/v1/video/status","ms":1}
{"time":"2026-09-05T04:59:03.246Z","event":"edge_tts.retry","attempt":1,"message":"edge-tts 退出码 1：Traceback (most recent call last):\r\n  File \"C:\\Users\\ASUS\\AppData\\Local\\Programs\\Python\\Python313\\Lib\\asyncio\\windows_events.py\", line 463, in finish_socket_func\r\n    return ov.getresult()\r\n          "}
{"time":"2026-09-05T04:59:18.485Z","event":"request","id":"9d3bf62f-1c19-48e6-bf30-9431a1fd2027","method":"GET","path":"/api/v1/video/status","ms":0}
