{"time":"2026-09-05T04:46:54.282Z","event":"server.started","port":3002,"url":"http://localhost:3002"}
{"time":"2026-09-05T04:46:59.779Z","event":"request","id":"fa758d41-5e5c-4fe3-988a-61ff67055ff3","method":"GET","path":"/search.html","ms":2}
{"time":"2026-09-05T04:46:59.803Z","event":"request","id":"595cf5cc-bfff-4d72-9948-c12cd144ee63","method":"POST","path":"/api/v1/courseware/generate","ms":10}
{"time":"2026-09-05T04:47:19.333Z","event":"request","id":"bff26565-df67-4a22-88f4-15405125e324","method":"GET","path":"/api/v1/video/status","ms":0}
{"time":"2026-09-05T04:47:34.391Z","event":"request","id":"938fe64a-84a7-488e-b86a-84ca330c720e","method":"GET","path":"/api/v1/video/status","ms":0}
{"time":"2026-09-05T04:47:49.405Z","event":"request","id":"4f036b95-63b3-4e19-84ff-0adb04dbc149","method":"GET","path":"/api/v1/video/status","ms":0}
{"time":"2026-09-05T04:48:04.423Z","event":"request","id":"92a5cc15-f2a7-454a-a1f2-6a2665e2d671","method":"GET","path":"/api/v1/video/status","ms":1}
{"time":"2026-09-05T04:48:19.427Z","event":"request","id":"71262671-08d0-45b0-b55b-b70a92e98af8","method":"GET","path":"/api/v1/video/status","ms":0}
{"time":"2026-09-05T04:48:34.432Z","event":"request","id":"2330e6e7-8b00-4c38-96cb-943ab27fd5a6","method":"GET","path":"/api/v1/video/status","ms":1}
{"time":"2026-09-05T04:48:49.444Z","event":"request","id":"fd90f1fc-e49d-4382-8e30-452834fc0f52","method":"GET","path":"/api/v1/video/status","ms":0}
{"time":"2026-09-05T04:49:04.451Z","event":"request","id":"2a124f47-b783-4183-a7fb-2a6265638ded","method":"GET","path":"/api/v1/video/status","ms":1}
{"time":"2026-09-05T04:49:16.747Z","event":"courseware.page.failed","idx":7,"message":"The operation was aborted due to timeout"}
{"time":"2026-09-05T04:49:19.461Z","event":"request","id":"1006a570-5540-4239-8321-54de7c9c63e8","method":"GET","path":"/api/v1/video/status","ms":0}
{"time":"2026-09-05T04:49:34.468Z","event":"request","id":"da0e401e-ef17-489b-b539-4161d1b29bb6","method":"GET","path":"/api/v1/video/status","ms":0}
{"time":"2026-09-05T04:49:42.265Z","event":"edge_tts.probe","ok":false}
{"time":"2026-09-05T04:49:42.265Z","event":"courseware.tts.sentence_failed","i":0,"j":0,"message":"edge-tts 不可用"}
{"time":"2026-09-05T04:49:42.273Z","event":"courseware.tts.sentence_failed","i":0,"j":1,"message":"edge-tts 不可用"}
{"time":"2026-09-05T04:49:42.274Z","event":"courseware.tts.sentence_failed","i":0,"j":2,"message":"edge-tts 不可用"}
{"time":"2026-09-05T04:49:42.274Z","event":"courseware.tts.sentence_failed","i":0,"j":3,"message":"edge-tts 不可用"}
{"time":"2026-09-05T04:49:42.274Z","event":"courseware.tts.sentence_failed","i":0,"j":4,"message":"edge-tts 不可用"}
{"time":"2026-09-05T04:49:42.274Z","event":"courseware.tts.sentence_failed","i":0,"j":5,"message":"edge-tts 不可用"}
{"time":"2026-09-05T04:49:42.274Z","event":"courseware.tts.sentence_failed","i":1,"j":0,"message":"edge-tts 不可用"}
{"time":"2026-09-05T04:49:42.274Z","event":"courseware.tts.sentence_failed","i":1,"j":1,"message":"edge-tts 不可用"}
{"time":"2026-09-05T04:49:42.274Z","event":"courseware.tts.sentence_failed","i":1,"j":2,"message":"edge-tts 不可用"}
{"time":"2026-09-05T04:49:42.274Z","event":"courseware.tts.sentence_failed","i":1,"j":3,"message":"edge-tts 不可用"}
{"time":"2026-09-05T04:49:42.274Z","event":"courseware.tts.sentence_failed","i":1,"j":4,"message":"edge-tts 不可用"}
{"time":"2026-09-05T04:49:42.274Z","event":"courseware.tts.sentence_failed","i":1,"j":5,"message":"edge-tts 不可用"}
{"time":"2026-09-05T04:49:42.274Z","event":"courseware.tts.sentence_failed","i":2,"j":0,"message":"edge-tts 不可用"}
{"time":"2026-09-05T04:49:42.274Z","event":"courseware.tts.sentence_failed","i":2,"j":1,"message":"edge-tts 不可用"}
{"time":"2026-09-05T04:49:42.274Z","event":"courseware.tts.sentence_failed","i":2,"j":2,"message":"edge-tts 不可用"}
{"time":"2026-09-05T04:49:42.274Z","event":"courseware.tts.sentence_failed","i":2,"j":3,"message":"edge-tts 不可用"}
{"time":"2026-09-05T04:49:42.274Z","event":"courseware.tts.sentence_failed","i":2,"j":4,"message":"edge-tts 不可用"}
{"time":"2026-09-05T04:49:42.275Z","event":"courseware.tts.sentence_failed","i":2,"j":5,"message":"edge-tts 不可用"}
{"time":"2026-09-05T04:49:42.275Z","event":"courseware.tts.sentence_failed","i":2,"j":6,"message":"edge-tts 不可用"}
{"time":"2026-09-05T04:49:42.275Z","event":"courseware.tts.sentence_failed","i":3,"j":0,"message":"edge-tts 不可用"}
{"time":"2026-09-05T04:49:42.275Z","event":"courseware.tts.sentence_failed","i":3,"j":1,"message":"edge-tts 不可用"}
{"time":"2026-09-05T04:49:42.275Z","event":"courseware.tts.sentence_failed","i":3,"j":2,"message":"edge-tts 不可用"}
{"time":"2026-09-05T04:49:42.275Z","event":"courseware.tts.sentence_failed","i":3,"j":3,"message":"edge-tts 不可用"}
{"time":"2026-09-05T04:49:42.275Z","event":"courseware.tts.sentence_failed","i":3,"j":4,"message":"edge-tts 不可用"}
{"time":"2026-09-05T04:49:42.275Z","event":"courseware.tts.sentence_failed","i":3,"j":5,"message":"edge-tts 不可用"}
{"time":"2026-09-05T04:49:42.275Z","event":"courseware.tts.sentence_failed","i":4,"j":0,"message":"edge-tts 不可用"}
{"time":"2026-09-05T04:49:42.275Z","event":"courseware.tts.sentence_failed","i":4,"j":1,"message":"edge-tts 不可用"}
{"time":"2026-09-05T04:49:42.275Z","event":"courseware.tts.sentence_failed","i":4,"j":2,"message":"edge-tts 不可用"}
{"time":"2026-09-05T04:49:42.275Z","event":"courseware.tts.sentence_failed","i":4,"j":3,"message":"edge-tts 不可用"}
{"time":"2026-09-05T04:49:42.275Z","event":"courseware.tts.sentence_failed","i":4,"j":4,"message":"edge-tts 不可用"}
{"time":"2026-09-05T04:49:42.275Z","event":"courseware.tts.sentence_failed","i":5,"j":0,"message":"edge-tts 不可用"}
{"time":"2026-09-05T04:49:42.275Z","event":"courseware.tts.sentence_failed","i":5,"j":1,"message":"edge-tts 不可用"}
{"time":"2026-09-05T04:49:42.275Z","event":"courseware.tts.sentence_failed","i":5,"j":2,"message":"edge-tts 不可用"}
{"time":"2026-09-05T04:49:42.275Z","event":"courseware.tts.sentence_failed","i":5,"j":3,"message":"edge-tts 不可用"}
{"time":"2026-09-05T04:49:42.275Z","event":"courseware.tts.sentence_failed","i":5,"j":4,"message":"edge-tts 不可用"}
{"time":"2026-09-05T04:49:42.275Z","event":"courseware.tts.sentence_failed","i":5,"j":5,"message":"edge-tts 不可用"}
{"time":"2026-09-05T04:49:42.275Z","event":"courseware.tts.sentence_failed","i":6,"j":0,"message":"edge-tts 不可用"}
{"time":"2026-09-05T04:49:42.275Z","event":"courseware.tts.sentence_failed","i":6,"j":1,"message":"edge-tts 不可用"}
{"time":"2026-09-05T04:49:42.275Z","event":"courseware.tts.sentence_failed","i":6,"j":2,"message":"edge-tts 不可用"}
{"time":"2026-09-05T04:49:42.275Z","event":"courseware.tts.sentence_failed","i":6,"j":3,"message":"edge-tts 不可用"}
{"time":"2026-09-05T04:49:42.275Z","event":"courseware.tts.sentence_failed","i":6,"j":4,"message":"edge-tts 不可用"}
{"time":"2026-09-05T04:49:42.275Z","event":"courseware.tts.sentence_failed","i":6,"j":5,"message":"edge-tts 不可用"}
{"time":"2026-09-05T04:49:42.275Z","event":"courseware.tts.sentence_failed","i":7,"j":0,"message":"edge-tts 不可用"}
{"time":"2026-09-05T04:49:42.275Z","event":"courseware.tts.sentence_failed","i":7,"j":1,"message":"edge-tts 不可用"}
{"time":"2026-09-05T04:49:42.275Z","event":"courseware.tts.sentence_failed","i":7,"j":2,"message":"edge-tts 不可用"}
{"time":"2026-09-05T04:49:42.275Z","event":"courseware.tts.sentence_failed","i":7,"j":3,"message":"edge-tts 不可用"}
{"time":"2026-09-05T04:49:42.275Z","event":"courseware.tts.sentence_failed","i":7,"j":4,"message":"edge-tts 不可用"}
{"time":"2026-09-05T04:49:42.275Z","event":"courseware.tts.sentence_failed","i":8,"j":0,"message":"edge-tts 不可用"}
{"time":"2026-09-05T04:49:42.275Z","event":"courseware.tts.sentence_failed","i":8,"j":1,"message":"edge-tts 不可用"}
{"time":"2026-09-05T04:49:42.275Z","event":"courseware.tts.sentence_failed","i":8,"j":2,"message":"edge-tts 不可用"}
{"time":"2026-09-05T04:49:42.275Z","event":"courseware.tts.sentence_failed","i":8,"j":3,"message":"edge-tts 不可用"}
{"time":"2026-09-05T04:49:42.275Z","event":"courseware.tts.sentence_failed","i":8,"j":4,"message":"edge-tts 不可用"}
{"time":"2026-09-05T04:49:42.275Z","event":"courseware.tts.sentence_failed","i":8,"j":5,"message":"edge-tts 不可用"}
{"time":"2026-09-05T04:49:49.477Z","event":"request","id":"9a959b9c-b26a-413c-a265-a4052f79ece7","method":"GET","path":"/api/v1/video/status","ms":1}
{"time":"2026-09-05T04:50:43.062Z","event":"request","id":"82270a3a-5cf7-433e-9fe5-14b10aa65ec1","method":"GET","path":"/watch.html","ms":2}
{"time":"2026-09-05T04:50:43.115Z","event":"request","id":"8df23f11-9d20-4e61-84b3-b4a7b50b0325","method":"GET","path":"/mdrender.js","ms":1}
{"time":"2026-09-05T04:50:43.116Z","event":"request","id":"33b86975-1dae-4dc3-a146-5f14a14d16f8","method":"GET","path":"/lieflat-charts.js","ms":1}
{"time":"2026-09-05T04:50:43.116Z","event":"request","id":"de8a79f3-b8cd-4f02-a844-1ac94f6191d9","method":"GET","path":"/scene-templates.js","ms":1}
{"time":"2026-09-05T04:50:43.117Z","event":"request","id":"2a98b0e8-893e-4409-b59e-cfdee921c7e2","method":"GET","path":"/courseware-engine.js","ms":1}
{"time":"2026-09-05T04:50:43.136Z","event":"request","id":"88090f5d-c585-471e-98dc-06907c703c20","method":"GET","path":"/lucide-unify.js","ms":1}
{"time":"2026-09-05T04:50:43.142Z","event":"request","id":"d81c8a22-777a-4fe6-ae7b-8b02ca0c2e4a","method":"GET","path":"/api/v1/video/status","ms":1}
{"time":"2026-09-05T04:50:43.421Z","event":"request.error","id":"e52e3606-0223-40a9-bc11-7069424bd990","method":"GET","status":404,"code":"TASK_NOT_FOUND"}
{"time":"2026-09-05T04:50:43.426Z","event":"request.error","id":"15495fef-6bfa-4dea-8f94-59dd02f67b2c","method":"GET","status":404,"code":"TASK_NOT_FOUND"}
{"time":"2026-09-05T04:50:43.426Z","event":"request.error","id":"41c88bbe-d28b-43d9-98cb-d6a78f918ac1","method":"GET","status":404,"code":"TASK_NOT_FOUND"}
{"time":"2026-09-05T04:50:43.427Z","event":"request.error","id":"330e4df3-321c-4edc-b426-7837841d424e","method":"GET","status":404,"code":"TASK_NOT_FOUND"}
{"time":"2026-09-05T04:50:43.427Z","event":"request.error","id":"973238f2-f5be-43c9-9e94-c6e937a42072","method":"GET","status":404,"code":"TASK_NOT_FOUND"}
{"time":"2026-09-05T04:50:43.428Z","event":"request.error","id":"ae6abe8c-7874-4286-ac4f-db60ac376667","method":"GET","status":404,"code":"TASK_NOT_FOUND"}
{"time":"2026-09-05T04:50:43.442Z","event":"request.error","id":"9cc775bc-d62b-4f65-871b-8b6b75027ef2","method":"GET","status":404,"code":"TASK_NOT_FOUND"}
{"time":"2026-09-05T04:50:43.442Z","event":"request.error","id":"5519139f-36cb-45e1-8563-99b830a73199","method":"GET","status":404,"code":"TASK_NOT_FOUND"}
{"time":"2026-09-05T04:50:43.443Z","event":"request.error","id":"caa62923-e55e-48f0-addb-8f1441a76c56","method":"GET","status":404,"code":"TASK_NOT_FOUND"}
{"time":"2026-09-05T04:50:43.449Z","event":"request","id":"f3c18817-da9b-4f0d-b993-66ab600cfed5","method":"GET","path":"/storage/audio/cw-b6cca4f7-p0-s0.mp3","ms":2}
{"time":"2026-09-05T04:50:43.450Z","event":"request","id":"ea267c7c-acb0-4d3b-8dd3-d4264c3e6be3","method":"GET","path":"/storage/audio/cw-b6cca4f7-p0-s1.mp3","ms":2}
{"time":"2026-09-05T04:50:43.451Z","event":"request","id":"1afd93f8-6864-440c-ae9f-f154404847b6","method":"GET","path":"/storage/audio/cw-b6cca4f7-p0-s2.mp3","ms":2}
{"time":"2026-09-05T04:50:43.460Z","event":"request","id":"7ef9b440-9a49-4b2b-a6d3-2a11ddccca99","method":"GET","path":"/storage/audio/cw-b6cca4f7-p0-s4.mp3","ms":4}
{"time":"2026-09-05T04:50:43.461Z","event":"request","id":"9c3708db-9c16-4a39-9952-0f21ce9b53eb","method":"GET","path":"/storage/audio/cw-b6cca4f7-p0-s3.mp3","ms":6}
{"time":"2026-09-05T04:50:43.463Z","event":"request","id":"ec76905d-1c16-41e0-a096-cf88aaae0355","method":"GET","path":"/storage/audio/cw-b6cca4f7-p0-s5.mp3","ms":6}
{"time":"2026-09-05T04:50:43.464Z","event":"request","id":"608a82aa-b105-4eee-859d-12f0687e36c2","method":"GET","path":"/storage/audio/cw-b6cca4f7-p0-s6.mp3","ms":3}
{"time":"2026-09-05T04:50:43.465Z","event":"request","id":"dd809ff4-bfbf-4d56-80e7-0927cbcc9cdc","method":"GET","path":"/storage/audio/cw-b6cca4f7-p1-s0.mp3","ms":3}
{"time":"2026-09-05T04:50:43.465Z","event":"request","id":"0e35a20b-4abe-49d2-b5a8-29a5505509fe","method":"GET","path":"/storage/audio/cw-b6cca4f7-p1-s1.mp3","ms":3}
{"time":"2026-09-05T04:50:43.471Z","event":"request","id":"abab5864-c50c-4d81-9924-bfbae776a642","method":"GET","path":"/storage/audio/cw-b6cca4f7-p1-s2.mp3","ms":2}
{"time":"2026-09-05T04:50:43.472Z","event":"request","id":"fe9b4428-60b2-4efb-8bfc-0ea7a8dfb808","method":"GET","path":"/storage/audio/cw-b6cca4f7-p1-s3.mp3","ms":1}
{"time":"2026-09-05T04:50:43.475Z","event":"request","id":"1e0500ee-bc85-417e-bfcb-7b56e9861c55","method":"GET","path":"/storage/audio/cw-b6cca4f7-p1-s4.mp3","ms":1}
{"time":"2026-09-05T04:50:43.475Z","event":"request","id":"052193a1-6586-4717-b3c2-216009c61b57","method":"GET","path":"/storage/audio/cw-b6cca4f7-p1-s5.mp3","ms":1}
{"time":"2026-09-05T04:50:43.476Z","event":"request","id":"c2e266b0-602b-4485-883a-1ece5b1ace38","method":"GET","path":"/storage/audio/cw-b6cca4f7-p1-s6.mp3","ms":1}
{"time":"2026-09-05T04:50:43.478Z","event":"request","id":"b1d94e00-bc0b-49c4-93fd-35c557e30a80","method":"GET","path":"/storage/audio/cw-b6cca4f7-p2-s0.mp3","ms":1}
{"time":"2026-09-05T04:50:43.480Z","event":"request","id":"9d575fa6-0e74-4c72-bce2-f151b43a361d","method":"GET","path":"/storage/audio/cw-b6cca4f7-p2-s1.mp3","ms":1}
{"time":"2026-09-05T04:50:43.482Z","event":"request","id":"9814d506-88d2-4444-9ce4-ada53683f047","method":"GET","path":"/storage/audio/cw-b6cca4f7-p2-s2.mp3","ms":1}
{"time":"2026-09-05T04:50:43.482Z","event":"request","id":"5089c2b0-3886-4a7e-8a91-72823cfeb5f4","method":"GET","path":"/storage/audio/cw-b6cca4f7-p2-s3.mp3","ms":1}
{"time":"2026-09-05T04:50:43.483Z","event":"request","id":"10b7f973-4d7c-4b18-9c4c-f01604062662","method":"GET","path":"/storage/audio/cw-b6cca4f7-p2-s4.mp3","ms":1}
{"time":"2026-09-05T04:50:43.483Z","event":"request","id":"513af73e-b68e-4540-8a97-cbe7bbcae5d6","method":"GET","path":"/storage/audio/cw-b6cca4f7-p2-s5.mp3","ms":1}
{"time":"2026-09-05T04:50:43.484Z","event":"request","id":"1fec95c2-6f94-49ba-8383-203cd3ee968a","method":"GET","path":"/storage/audio/cw-b6cca4f7-p3-s0.mp3","ms":1}
{"time":"2026-09-05T04:50:43.489Z","event":"request","id":"36f8ca45-6f9e-4def-8228-0939c76066a4","method":"GET","path":"/storage/audio/cw-b6cca4f7-p3-s3.mp3","ms":1}
{"time":"2026-09-05T04:50:43.489Z","event":"request","id":"191653f9-7b59-4836-8cd3-53ee4b0af3b0","method":"GET","path":"/storage/audio/cw-b6cca4f7-p3-s2.mp3","ms":1}
{"time":"2026-09-05T04:50:43.489Z","event":"request","id":"07257205-9a45-4583-b998-65e6f52bfa09","method":"GET","path":"/storage/audio/cw-b6cca4f7-p3-s1.mp3","ms":1}
{"time":"2026-09-05T04:50:43.491Z","event":"request","id":"c5f41b7b-821b-419f-94fb-41f54ddd1b21","method":"GET","path":"/storage/audio/cw-b6cca4f7-p3-s4.mp3","ms":2}
{"time":"2026-09-05T04:50:43.491Z","event":"request","id":"4bc3597b-e37c-471b-a2cd-b3fa8e1d7680","method":"GET","path":"/storage/audio/cw-b6cca4f7-p3-s5.mp3","ms":1}
{"time":"2026-09-05T04:50:43.492Z","event":"request","id":"0e02429e-80f4-4d96-b90d-a80d881f5e91","method":"GET","path":"/storage/audio/cw-b6cca4f7-p3-s6.mp3","ms":2}
{"time":"2026-09-05T04:50:43.497Z","event":"request","id":"bf7b63f0-2a9d-4caa-b233-8209ba805e80","method":"GET","path":"/storage/audio/cw-b6cca4f7-p3-s7.mp3","ms":1}
{"time":"2026-09-05T04:50:43.498Z","event":"request","id":"66a5dfcc-cca6-4fb3-afab-eeb098ade611","method":"GET","path":"/storage/audio/cw-b6cca4f7-p4-s0.mp3","ms":1}
{"time":"2026-09-05T04:50:43.498Z","event":"request","id":"dc2ae4ef-de23-4a70-b151-d0281ac7e31b","method":"GET","path":"/storage/audio/cw-b6cca4f7-p4-s1.mp3","ms":1}
{"time":"2026-09-05T04:50:43.499Z","event":"request","id":"44922bcd-f58d-4090-9ed9-47b333bdfad7","method":"GET","path":"/storage/audio/cw-b6cca4f7-p4-s2.mp3","ms":1}
{"time":"2026-09-05T04:50:43.499Z","event":"request","id":"57497992-ef24-4647-8232-2f0056bbddfa","method":"GET","path":"/storage/audio/cw-b6cca4f7-p4-s3.mp3","ms":1}
{"time":"2026-09-05T04:50:43.499Z","event":"request","id":"d5462512-3781-437b-870c-a1887b9921b3","method":"GET","path":"/storage/audio/cw-b6cca4f7-p4-s4.mp3","ms":1}
{"time":"2026-09-05T04:50:43.503Z","event":"request","id":"ab65af7e-9713-4654-a8ab-8f324a70cb36","method":"GET","path":"/storage/audio/cw-b6cca4f7-p4-s5.mp3","ms":1}
{"time":"2026-09-05T04:50:43.504Z","event":"request","id":"53163405-38d6-4be3-b87a-33525e8cc94e","method":"GET","path":"/storage/audio/cw-b6cca4f7-p4-s6.mp3","ms":1}
{"time":"2026-09-05T04:50:43.504Z","event":"request","id":"94f9e195-3f2d-409e-bf1c-d9ffffa7a2b8","method":"GET","path":"/storage/audio/cw-b6cca4f7-p5-s0.mp3","ms":0}
{"time":"2026-09-05T04:50:43.507Z","event":"request","id":"3eeb1460-eead-4bce-bab9-ab4720098fa5","method":"GET","path":"/storage/audio/cw-b6cca4f7-p5-s1.mp3","ms":1}
{"time":"2026-09-05T04:50:43.507Z","event":"request","id":"e09bbf46-b50f-4de0-8e59-a349f6c214d1","method":"GET","path":"/storage/audio/cw-b6cca4f7-p5-s2.mp3","ms":1}
{"time":"2026-09-05T04:50:43.508Z","event":"request","id":"bef4eb78-b0bf-4f18-a4bf-bc3668a11957","method":"GET","path":"/storage/audio/cw-b6cca4f7-p5-s3.mp3","ms":2}
{"time":"2026-09-05T04:50:43.513Z","event":"request","id":"cf9a1c4c-737b-4bce-9b00-ad1643ca0234","method":"GET","path":"/storage/audio/cw-b6cca4f7-p5-s4.mp3","ms":1}
{"time":"2026-09-05T04:50:43.514Z","event":"request","id":"3e0f8cff-ffba-4269-8c9b-e47a3249cf6a","method":"GET","path":"/storage/audio/cw-b6cca4f7-p5-s6.mp3","ms":1}
{"time":"2026-09-05T04:50:43.514Z","event":"request","id":"9554f70e-a853-499b-bd35-9d94128587ef","method":"GET","path":"/storage/audio/cw-b6cca4f7-p5-s5.mp3","ms":2}
{"time":"2026-09-05T04:50:43.514Z","event":"request","id":"41d67a1e-98dc-4d09-9dea-5c6932f32c18","method":"GET","path":"/storage/audio/cw-b6cca4f7-p6-s0.mp3","ms":1}
{"time":"2026-09-05T04:50:43.515Z","event":"request","id":"09b5f08d-2e3a-4bae-a5ba-7133dfba9dda","method":"GET","path":"/storage/audio/cw-b6cca4f7-p6-s1.mp3","ms":1}
{"time":"2026-09-05T04:50:43.515Z","event":"request","id":"ceb12311-d8fa-4df3-adbf-58859b969cff","method":"GET","path":"/storage/audio/cw-b6cca4f7-p6-s2.mp3","ms":0}
{"time":"2026-09-05T04:50:43.519Z","event":"request","id":"6a5d8db5-77b3-43db-bb21-bac2cdf7dea5","method":"GET","path":"/storage/audio/cw-b6cca4f7-p6-s3.mp3","ms":1}
{"time":"2026-09-05T04:50:43.521Z","event":"request","id":"1674fa3a-b2db-4d8a-ae94-375f591aed7f","method":"GET","path":"/storage/audio/cw-b6cca4f7-p6-s4.mp3","ms":1}
{"time":"2026-09-05T04:50:43.522Z","event":"request","id":"4d497e94-9ab0-4a24-b21d-1f25af7828c9","method":"GET","path":"/storage/audio/cw-b6cca4f7-p6-s5.mp3","ms":2}
{"time":"2026-09-05T04:50:43.522Z","event":"request","id":"754135f0-cf36-4852-a818-a39d77ac11d1","method":"GET","path":"/storage/audio/cw-b6cca4f7-p7-s0.mp3","ms":1}
{"time":"2026-09-05T04:50:43.522Z","event":"request","id":"df0e288d-e1e8-4cfd-8ab1-22d7fe40943a","method":"GET","path":"/storage/audio/cw-b6cca4f7-p7-s1.mp3","ms":1}
{"time":"2026-09-05T04:50:43.522Z","event":"request","id":"2c213476-23b9-4872-bee0-5e0809cd8182","method":"GET","path":"/storage/audio/cw-b6cca4f7-p7-s2.mp3","ms":1}
{"time":"2026-09-05T04:50:43.523Z","event":"request","id":"c9d525ba-58a8-43b9-93ca-d2bb45a050b1","method":"GET","path":"/storage/audio/cw-b6cca4f7-p7-s3.mp3","ms":0}
{"time":"2026-09-05T04:50:43.526Z","event":"request","id":"1aef76db-18b8-409f-bf1b-dc100fe38c52","method":"GET","path":"/storage/audio/cw-b6cca4f7-p7-s4.mp3","ms":1}
{"time":"2026-09-05T04:50:43.527Z","event":"request","id":"46b175f4-42a8-4269-b8ba-55cb85c28dd0","method":"GET","path":"/storage/audio/cw-b6cca4f7-p7-s5.mp3","ms":0}
{"time":"2026-09-05T04:50:43.528Z","event":"request","id":"4e92cc3e-cf95-4a17-9492-86c45c79b82a","method":"GET","path":"/storage/audio/cw-b6cca4f7-p7-s6.mp3","ms":1}
{"time":"2026-09-05T04:50:43.528Z","event":"request","id":"d7a2acee-fd35-4936-8827-f733528b2cd0","method":"GET","path":"/storage/audio/cw-b6cca4f7-p7-s7.mp3","ms":1}
{"time":"2026-09-05T04:50:43.529Z","event":"request","id":"489c0d69-2844-4eb7-a04f-b6cc3a02ff59","method":"GET","path":"/storage/audio/cw-b6cca4f7-p8-s0.mp3","ms":1}
{"time":"2026-09-05T04:50:43.529Z","event":"request","id":"0e34b070-eb7c-48f9-989e-616065b0b518","method":"GET","path":"/storage/audio/cw-b6cca4f7-p8-s1.mp3","ms":1}
{"time":"2026-09-05T04:50:43.534Z","event":"request","id":"f3fa7dd6-6ce4-418b-8ac2-cfbdde4907e5","method":"GET","path":"/storage/audio/cw-b6cca4f7-p8-s2.mp3","ms":1}
{"time":"2026-09-05T04:50:43.536Z","event":"request","id":"99108f82-55f4-40e7-a16c-8a42b3dca34d","method":"GET","path":"/storage/audio/cw-b6cca4f7-p8-s3.mp3","ms":1}
{"time":"2026-09-05T04:50:43.537Z","event":"request","id":"c85da3c6-4f3d-4c1c-a3ee-9fba4d38de4b","method":"GET","path":"/storage/audio/cw-b6cca4f7-p8-s4.mp3","ms":1}
{"time":"2026-09-05T04:50:43.538Z","event":"request","id":"99a68e72-336a-45bb-b1b6-04de72d084c4","method":"GET","path":"/storage/audio/cw-b6cca4f7-p0-s1.mp3","ms":1}
{"time":"2026-09-05T04:50:43.538Z","event":"request","id":"7189de5e-e969-454c-833c-7c536a584863","method":"GET","path":"/storage/audio/cw-b6cca4f7-p8-s5.mp3","ms":2}
{"time":"2026-09-05T04:50:43.539Z","event":"request","id":"060a8998-c161-4281-8a77-e818945db43a","method":"GET","path":"/storage/audio/cw-b6cca4f7-p1-s0.mp3","ms":2}
{"time":"2026-09-05T04:50:43.542Z","event":"request","id":"9c8ec650-e513-4a70-896c-9912ebfed2c6","method":"GET","path":"/storage/audio/cw-b6cca4f7-p0-s0.mp3","ms":1}
{"time":"2026-09-05T04:50:43.550Z","event":"request","id":"3ef76ff8-60e9-4652-a936-94bdfc0ed57d","method":"GET","path":"/storage/audio/cw-b6cca4f7-p1-s0.mp3","ms":1}
{"time":"2026-09-05T04:50:47.861Z","event":"request","id":"f9267ff0-2b55-412b-8885-4a48c1e9b8ad","method":"GET","path":"/search.html","ms":2}
{"time":"2026-09-05T04:50:47.887Z","event":"request","id":"7c1116bb-804c-499d-bfd4-14d866acd7ee","method":"GET","path":"/mdrender.js","ms":2}
{"time":"2026-09-05T04:50:47.888Z","event":"request","id":"390578cf-935b-4671-86a6-dab2b033ed5d","method":"GET","path":"/vortex.js","ms":1}
{"time":"2026-09-05T04:50:47.894Z","event":"request","id":"b1147b54-25d2-4e77-912c-a6dd36858e38","method":"GET","path":"/lucide-unify.js","ms":1}
{"time":"2026-09-05T04:50:54.610Z","event":"request","id":"db8b5e24-da9f-4853-a008-f05d5ff0a31a","method":"GET","path":"/api/v1/video/status","ms":1}
{"time":"2026-09-05T04:50:54.667Z","event":"request","id":"500727a0-bec0-4e90-bab9-b514e362de3c","method":"GET","path":"/","ms":2}
{"time":"2026-09-05T04:51:00.559Z","event":"request","id":"261474ed-6343-4358-8bdf-3cc0dda3a419","method":"GET","path":"/api/v1/video/status","ms":0}
{"time":"2026-09-05T04:52:02.613Z","event":"request","id":"583d2d28-d269-490b-b2c1-5643d6f38bdf","method":"GET","path":"/storage/audio/cw-b6cca4f7-p0-s1.mp3","ms":1}
{"time":"2026-09-05T04:52:02.641Z","event":"request.error","id":"484ed193-a44f-418e-9d30-ab79cd487cb1","method":"GET","status":404,"code":"NOT_FOUND"}
{"time":"2026-09-05T04:52:05.845Z","event":"request","id":"f1a42a39-2d6c-4a51-8fc8-a8cdabb14738","method":"GET","path":"/storage/audio/cw-b6cca4f7-p1-s1.mp3","ms":1}
{"time":"2026-09-05T04:52:05.846Z","event":"request","id":"032d5ab1-ac33-4655-ade7-c793c9d5531b","method":"GET","path":"/storage/audio/cw-b6cca4f7-p2-s0.mp3","ms":2}
{"time":"2026-09-05T04:52:05.846Z","event":"request","id":"1fdfb11e-64f3-4ad3-8e71-f22bd5b7e646","method":"GET","path":"/storage/audio/cw-b6cca4f7-p1-s0.mp3","ms":2}
{"time":"2026-09-05T04:52:08.518Z","event":"request","id":"a250a1af-f82b-4eed-881d-cbe1c7fc864b","method":"GET","path":"/storage/audio/cw-b6cca4f7-p3-s0.mp3","ms":1}
{"time":"2026-09-05T04:52:08.519Z","event":"request","id":"10b81e8b-ced5-4f56-81b7-5110a75fb1d6","method":"GET","path":"/storage/audio/cw-b6cca4f7-p2-s1.mp3","ms":2}
{"time":"2026-09-05T04:52:09.822Z","event":"request","id":"526d691b-49b7-42c9-99b9-d9c778b02396","method":"GET","path":"/storage/audio/cw-b6cca4f7-p3-s1.mp3","ms":1}
{"time":"2026-09-05T04:52:09.822Z","event":"request","id":"2c06111c-7b41-43ee-b70d-08bcfb7b62e5","method":"GET","path":"/storage/audio/cw-b6cca4f7-p4-s0.mp3","ms":0}
{"time":"2026-09-05T04:52:14.593Z","event":"request","id":"007a6080-d1df-4c1f-bea5-b4cd30f27856","method":"GET","path":"/storage/audio/cw-b6cca4f7-p3-s2.mp3","ms":2}
{"time":"2026-09-05T04:52:18.070Z","event":"request","id":"8bfdd06a-5af4-488b-83a6-a7dc3ee937e4","method":"GET","path":"/storage/audio/cw-b6cca4f7-p4-s1.mp3","ms":1}
{"time":"2026-09-05T04:52:18.071Z","event":"request","id":"8325281a-af59-494c-8d64-05f1ff205e52","method":"GET","path":"/storage/audio/cw-b6cca4f7-p5-s0.mp3","ms":1}
{"time":"2026-09-05T04:52:19.510Z","event":"request","id":"fe778284-2d2d-4adf-8c51-8565a698e29a","method":"GET","path":"/storage/audio/cw-b6cca4f7-p5-s1.mp3","ms":2}
{"time":"2026-09-05T04:52:19.510Z","event":"request","id":"95a7e17e-db36-4c82-9dbe-2e12893a9a8d","method":"GET","path":"/storage/audio/cw-b6cca4f7-p6-s0.mp3","ms":1}
{"time":"2026-09-05T04:52:22.858Z","event":"request","id":"d3433e30-f751-487b-a4ec-bb7ff39ab3fc","method":"GET","path":"/storage/audio/cw-b6cca4f7-p6-s1.mp3","ms":1}
{"time":"2026-09-05T04:52:22.858Z","event":"request","id":"7bbef961-6993-4e4a-a00a-b6bb74b3c298","method":"GET","path":"/storage/audio/cw-b6cca4f7-p7-s0.mp3","ms":1}
{"time":"2026-09-05T04:52:25.422Z","event":"request","id":"1fba11e3-1bab-4b46-8a1b-a5fa2bc849e0","method":"GET","path":"/storage/audio/cw-b6cca4f7-p7-s1.mp3","ms":1}
{"time":"2026-09-05T04:52:25.423Z","event":"request","id":"7db30198-0c15-4634-a64e-f87ac970cc35","method":"GET","path":"/storage/audio/cw-b6cca4f7-p8-s0.mp3","ms":1}
{"time":"2026-09-05T04:52:30.072Z","event":"request","id":"55c714b3-96ea-45d2-9391-eb49628f444b","method":"GET","path":"/storage/audio/cw-b6cca4f7-p7-s2.mp3","ms":1}
