{"time":"2026-09-05T05:34:02.065Z","event":"server.started","port":3002,"url":"http://localhost:3002"}
{"time":"2026-09-05T05:34:08.660Z","event":"request","id":"b36e5f72-b50c-4d02-8149-8224c856f87d","method":"GET","path":"/search.html","ms":2}
{"time":"2026-09-05T05:35:10.053Z","event":"request","id":"8114b27d-f44d-4ab6-a749-8ee31abf53bf","method":"GET","path":"/watch.html","ms":2}
{"time":"2026-09-05T05:35:10.089Z","event":"request","id":"f4c61e37-0f9e-405b-b865-00b1c200767d","method":"GET","path":"/mdrender.js","ms":2}
{"time":"2026-09-05T05:35:10.090Z","event":"request","id":"d03ebd60-5631-4811-a40e-31c37916c5b3","method":"GET","path":"/lieflat-charts.js","ms":1}
{"time":"2026-09-05T05:35:10.093Z","event":"request","id":"4a50788f-3baf-4fba-8132-ef188a70426c","method":"GET","path":"/scene-templates.js","ms":2}
{"time":"2026-09-05T05:35:10.093Z","event":"request","id":"ff9f086d-42db-4265-8746-a4840c277b58","method":"GET","path":"/courseware-engine.js","ms":1}
{"time":"2026-09-05T05:35:10.250Z","event":"request","id":"3b0ba53d-0c11-4ec9-973e-41c0dcbd99bc","method":"GET","path":"/lucide-unify.js","ms":2}
{"time":"2026-09-05T05:35:10.273Z","event":"request.error","id":"be1d6212-e418-448c-a907-2a632ff755ae","method":"GET","status":404,"code":"TASK_NOT_FOUND"}
{"time":"2026-09-05T05:35:10.522Z","event":"request.error","id":"d6842f4b-419b-4caf-84b8-c41a7cd12240","method":"GET","status":404,"code":"NOT_FOUND"}
{"time":"2026-09-05T05:35:57.757Z","event":"request","id":"6cf0fb69-336f-4038-9948-9d14bfaf9eca","method":"GET","path":"/watch.html","ms":2}
{"time":"2026-09-05T05:35:57.819Z","event":"request","id":"d2c56407-c183-4056-aa1f-f2d5aa99046f","method":"GET","path":"/mdrender.js","ms":2}
{"time":"2026-09-05T05:35:57.822Z","event":"request","id":"44058afb-c43a-44ae-b365-e59835ba4940","method":"GET","path":"/lieflat-charts.js","ms":2}
{"time":"2026-09-05T05:35:57.822Z","event":"request","id":"e2ca0ea3-ed37-4f8c-aa74-7c7eb758b106","method":"GET","path":"/courseware-engine.js","ms":1}
{"time":"2026-09-05T05:35:57.822Z","event":"request","id":"9d7eff0d-5ece-46c2-827b-c1e744cedf30","method":"GET","path":"/scene-templates.js","ms":2}
{"time":"2026-09-05T05:35:57.834Z","event":"request","id":"2f20dfba-02b0-4724-804e-12ba7bc3142a","method":"GET","path":"/lucide-unify.js","ms":2}
{"time":"2026-09-05T05:35:57.839Z","event":"request","id":"f2cdcda7-06d3-4365-a972-f452484ab4d1","method":"GET","path":"/api/v1/video/status","ms":1}
{"time":"2026-09-05T05:35:58.155Z","event":"request","id":"26e5a982-931b-4138-b16f-70d2428609b5","method":"GET","path":"/api/v1/video/slide-svg","ms":2}
{"time":"2026-09-05T05:35:58.156Z","event":"request","id":"3ccc564c-08ea-4655-af18-4c2d2d2ae8d8","method":"GET","path":"/api/v1/video/slide-svg","ms":1}
{"time":"2026-09-05T05:35:58.156Z","event":"request","id":"def94ab4-6a53-47e8-888f-c09e696a1d1e","method":"GET","path":"/api/v1/video/slide-svg","ms":0}
{"time":"2026-09-05T05:35:58.157Z","event":"request","id":"c0876c0d-be34-40c2-ac20-5654fb0dfee6","method":"GET","path":"/api/v1/video/slide-svg","ms":1}
{"time":"2026-09-05T05:35:58.158Z","event":"request","id":"1b2a8628-740b-44ee-b10b-e0dcc72f64df","method":"GET","path":"/api/v1/video/slide-svg","ms":0}
{"time":"2026-09-05T05:35:58.159Z","event":"request","id":"c81dc1a7-381f-4ae3-8547-6964597ff00b","method":"GET","path":"/api/v1/video/slide-svg","ms":1}
{"time":"2026-09-05T05:35:58.160Z","event":"request","id":"566297db-b60c-4b04-bd7a-8f459df2ddf7","method":"GET","path":"/api/v1/video/slide-svg","ms":1}
{"time":"2026-09-05T05:35:58.160Z","event":"request","id":"5b803c10-f1a8-40f8-b2ec-3f5dc57e2a83","method":"GET","path":"/api/v1/video/slide-svg","ms":0}
{"time":"2026-09-05T05:35:58.161Z","event":"request","id":"f3bd536d-7fd0-42ec-85f8-893299f04874","method":"GET","path":"/api/v1/video/slide-svg","ms":1}
{"time":"2026-09-05T05:35:58.162Z","event":"request","id":"a4090fb0-9e6d-4379-8656-9b10e4cb8831","method":"GET","path":"/storage/audio/cw-5627ffbf-p0-s0.mp3","ms":1}
{"time":"2026-09-05T05:35:58.162Z","event":"request","id":"703f9948-f752-4dce-bb78-83ef056bd52e","method":"GET","path":"/storage/audio/cw-5627ffbf-p0-s1.mp3","ms":1}
{"time":"2026-09-05T05:35:58.163Z","event":"request","id":"ad136a6d-ae47-43f2-9891-36ebd3dd380b","method":"GET","path":"/storage/audio/cw-5627ffbf-p0-s2.mp3","ms":1}
{"time":"2026-09-05T05:35:58.164Z","event":"request","id":"199ea03d-321a-457c-b187-45e0b093e252","method":"GET","path":"/storage/audio/cw-5627ffbf-p0-s3.mp3","ms":2}
{"time":"2026-09-05T05:35:58.165Z","event":"request","id":"67081510-095f-4e73-8a06-6328491db09d","method":"GET","path":"/storage/audio/cw-5627ffbf-p0-s4.mp3","ms":2}
{"time":"2026-09-05T05:35:58.165Z","event":"request","id":"695b2da0-3853-46e2-9b13-8de5f181a3a8","method":"GET","path":"/storage/audio/cw-5627ffbf-p0-s5.mp3","ms":1}
{"time":"2026-09-05T05:35:58.166Z","event":"request","id":"51e96178-02d5-4aaf-9844-fce47b0bb37b","method":"GET","path":"/storage/audio/cw-5627ffbf-p0-s6.mp3","ms":2}
{"time":"2026-09-05T05:35:58.166Z","event":"request","id":"6103a003-0a31-422b-87a5-ca6fdcded612","method":"GET","path":"/storage/audio/cw-5627ffbf-p1-s0.mp3","ms":2}
{"time":"2026-09-05T05:35:58.167Z","event":"request","id":"3db9b732-6c4e-4f81-9528-70ab1022d042","method":"GET","path":"/storage/audio/cw-5627ffbf-p1-s2.mp3","ms":2}
{"time":"2026-09-05T05:35:58.167Z","event":"request","id":"e633f7d3-d345-4177-b881-81132e32bb58","method":"GET","path":"/storage/audio/cw-5627ffbf-p1-s1.mp3","ms":2}
{"time":"2026-09-05T05:35:58.167Z","event":"request","id":"d484ceb5-82b3-4204-a878-7a85ef23905b","method":"GET","path":"/storage/audio/cw-5627ffbf-p1-s3.mp3","ms":2}
{"time":"2026-09-05T05:35:58.168Z","event":"request","id":"71a769f2-1976-4011-b339-c0ebe19c0607","method":"GET","path":"/storage/audio/cw-5627ffbf-p1-s4.mp3","ms":2}
{"time":"2026-09-05T05:35:58.168Z","event":"request","id":"1cda994c-d096-42a8-8d36-8a304ffa63b8","method":"GET","path":"/storage/audio/cw-5627ffbf-p1-s5.mp3","ms":1}
{"time":"2026-09-05T05:35:58.170Z","event":"request","id":"caa1b04a-11dd-4ef4-b277-633da1499eb1","method":"GET","path":"/storage/audio/cw-5627ffbf-p1-s6.mp3","ms":2}
{"time":"2026-09-05T05:35:58.171Z","event":"request","id":"0264eb54-78aa-4b53-bab8-2b8e8d53090e","method":"GET","path":"/storage/audio/cw-5627ffbf-p2-s0.mp3","ms":2}
{"time":"2026-09-05T05:35:58.171Z","event":"request","id":"94919d32-908b-4fc3-b783-67233d459d1b","method":"GET","path":"/storage/audio/cw-5627ffbf-p2-s1.mp3","ms":2}
{"time":"2026-09-05T05:35:58.171Z","event":"request","id":"1ee3ab06-bb8c-40b2-9eb3-e6e116e1224d","method":"GET","path":"/storage/audio/cw-5627ffbf-p2-s2.mp3","ms":1}
{"time":"2026-09-05T05:35:58.172Z","event":"request","id":"ce18826d-1631-45ac-b61f-93645dbbe585","method":"GET","path":"/storage/audio/cw-5627ffbf-p2-s4.mp3","ms":2}
{"time":"2026-09-05T05:35:58.172Z","event":"request","id":"6136b471-432e-4aea-a953-eac01593f67c","method":"GET","path":"/storage/audio/cw-5627ffbf-p2-s3.mp3","ms":2}
{"time":"2026-09-05T05:35:58.201Z","event":"request","id":"8764a54a-68f2-41e5-950b-cff6cafce505","method":"GET","path":"/storage/audio/cw-5627ffbf-p2-s5.mp3","ms":2}
{"time":"2026-09-05T05:35:58.202Z","event":"request","id":"469334b9-9254-464a-a3c5-251c13f0729c","method":"GET","path":"/storage/audio/cw-5627ffbf-p2-s6.mp3","ms":2}
{"time":"2026-09-05T05:35:58.202Z","event":"request","id":"a9cad4ac-2311-4da0-9dc1-2fe0e42a095d","method":"GET","path":"/storage/audio/cw-5627ffbf-p3-s0.mp3","ms":2}
{"time":"2026-09-05T05:35:58.202Z","event":"request","id":"73e6055b-034a-4957-9d0f-8d305151d510","method":"GET","path":"/storage/audio/cw-5627ffbf-p3-s1.mp3","ms":2}
{"time":"2026-09-05T05:35:58.203Z","event":"request","id":"61ebac88-fb57-453a-b635-79e9e24a7514","method":"GET","path":"/storage/audio/cw-5627ffbf-p3-s2.mp3","ms":2}
{"time":"2026-09-05T05:35:58.203Z","event":"request","id":"d336b2f6-11eb-467b-a85b-da01a4941019","method":"GET","path":"/storage/audio/cw-5627ffbf-p3-s3.mp3","ms":2}
{"time":"2026-09-05T05:35:58.205Z","event":"request","id":"587ad4b7-cb0c-45a5-a6a8-ac5f11d7d21e","method":"GET","path":"/storage/audio/cw-5627ffbf-p3-s4.mp3","ms":1}
{"time":"2026-09-05T05:35:58.206Z","event":"request","id":"1bc66ba9-4625-4fb9-b07e-95ce9c42d621","method":"GET","path":"/storage/audio/cw-5627ffbf-p3-s5.mp3","ms":1}
{"time":"2026-09-05T05:35:58.206Z","event":"request","id":"9e55e5f7-0b57-4182-8a04-632601a18626","method":"GET","path":"/storage/audio/cw-5627ffbf-p4-s0.mp3","ms":1}
{"time":"2026-09-05T05:35:58.206Z","event":"request","id":"447e4559-593c-42f9-8328-609fe3191d28","method":"GET","path":"/storage/audio/cw-5627ffbf-p4-s2.mp3","ms":1}
{"time":"2026-09-05T05:35:58.207Z","event":"request","id":"46987f90-9131-4db9-a9fa-936dab67a818","method":"GET","path":"/storage/audio/cw-5627ffbf-p4-s3.mp3","ms":2}
{"time":"2026-09-05T05:35:58.207Z","event":"request","id":"2e540e8d-f36a-406e-a0af-a21a9f68df41","method":"GET","path":"/storage/audio/cw-5627ffbf-p4-s4.mp3","ms":2}
{"time":"2026-09-05T05:35:58.208Z","event":"request","id":"e2793ab0-dab2-41ad-b026-f5baf536443e","method":"GET","path":"/storage/audio/cw-5627ffbf-p4-s5.mp3","ms":1}
{"time":"2026-09-05T05:35:58.209Z","event":"request","id":"d135a179-737a-439a-99a1-1950aab10a0d","method":"GET","path":"/storage/audio/cw-5627ffbf-p5-s2.mp3","ms":1}
{"time":"2026-09-05T05:35:58.210Z","event":"request","id":"6399311a-4dd4-4cfe-a582-8824e8bcd835","method":"GET","path":"/storage/audio/cw-5627ffbf-p5-s3.mp3","ms":2}
{"time":"2026-09-05T05:35:58.211Z","event":"request","id":"e50f66d7-64c5-4293-a99c-14fc3a541b4c","method":"GET","path":"/storage/audio/cw-5627ffbf-p5-s4.mp3","ms":2}
{"time":"2026-09-05T05:35:58.211Z","event":"request","id":"e4c51d9a-e974-4d75-972c-b69aed20bc26","method":"GET","path":"/storage/audio/cw-5627ffbf-p5-s5.mp3","ms":2}
{"time":"2026-09-05T05:35:58.211Z","event":"request","id":"1a15eb6c-b32a-4a15-8946-b0f3714198c6","method":"GET","path":"/storage/audio/cw-5627ffbf-p6-s0.mp3","ms":2}
{"time":"2026-09-05T05:35:58.212Z","event":"request","id":"ebca8cc8-203c-48b5-9f3f-8a737cf36c86","method":"GET","path":"/storage/audio/cw-5627ffbf-p6-s1.mp3","ms":3}
{"time":"2026-09-05T05:35:58.212Z","event":"request","id":"a21bf41f-ceff-44b0-81cf-da163c809588","method":"GET","path":"/storage/audio/cw-5627ffbf-p6-s2.mp3","ms":1}
{"time":"2026-09-05T05:35:58.212Z","event":"request","id":"e210cec5-5348-44f0-b06b-b662b2579595","method":"GET","path":"/storage/audio/cw-5627ffbf-p6-s3.mp3","ms":1}
{"time":"2026-09-05T05:35:58.213Z","event":"request","id":"ebb5b7d8-a52f-4220-b7fa-4f1e6e365331","method":"GET","path":"/storage/audio/cw-5627ffbf-p6-s5.mp3","ms":1}
{"time":"2026-09-05T05:35:58.214Z","event":"request","id":"dda7aa9a-e194-44bd-a49e-53036f4e81db","method":"GET","path":"/storage/audio/cw-5627ffbf-p6-s6.mp3","ms":1}
{"time":"2026-09-05T05:35:58.214Z","event":"request","id":"c68d92bc-d95e-4dcb-8530-c973d9f9f95c","method":"GET","path":"/storage/audio/cw-5627ffbf-p7-s0.mp3","ms":1}
{"time":"2026-09-05T05:35:58.215Z","event":"request","id":"afe1a015-5d7a-4707-81ac-1d25276b6b72","method":"GET","path":"/storage/audio/cw-5627ffbf-p7-s1.mp3","ms":2}
{"time":"2026-09-05T05:35:58.215Z","event":"request","id":"4ed3b249-3def-4d26-949c-5d2ca4dbcd89","method":"GET","path":"/storage/audio/cw-5627ffbf-p7-s2.mp3","ms":1}
{"time":"2026-09-05T05:35:58.216Z","event":"request","id":"d7b29af7-40ec-49ad-a1a1-3669681877ba","method":"GET","path":"/storage/audio/cw-5627ffbf-p7-s3.mp3","ms":2}
{"time":"2026-09-05T05:35:58.216Z","event":"request","id":"65159d76-2df6-451a-b579-7f1041edf20b","method":"GET","path":"/storage/audio/cw-5627ffbf-p7-s4.mp3","ms":2}
{"time":"2026-09-05T05:35:58.216Z","event":"request","id":"42f239b0-3974-4ba8-a0d6-701aaf1a8e17","method":"GET","path":"/storage/audio/cw-5627ffbf-p7-s5.mp3","ms":1}
{"time":"2026-09-05T05:35:58.217Z","event":"request","id":"dd86bc56-0a54-4833-8d7b-1a9314314023","method":"GET","path":"/storage/audio/cw-5627ffbf-p7-s6.mp3","ms":2}
{"time":"2026-09-05T05:35:58.217Z","event":"request","id":"8bf5265c-2869-4cf6-aa51-a2caf1b40da7","method":"GET","path":"/storage/audio/cw-5627ffbf-p8-s1.mp3","ms":1}
{"time":"2026-09-05T05:35:58.218Z","event":"request","id":"329598f6-5de6-4d21-a21c-4a0fb8306b92","method":"GET","path":"/storage/audio/cw-5627ffbf-p8-s2.mp3","ms":1}
{"time":"2026-09-05T05:35:58.219Z","event":"request","id":"5331065a-917d-4e29-b44b-5f3ae1d6f7a4","method":"GET","path":"/storage/audio/cw-5627ffbf-p8-s3.mp3","ms":1}
{"time":"2026-09-05T05:35:58.219Z","event":"request","id":"742ed138-344d-447a-a122-6ad684a7cbf3","method":"GET","path":"/storage/audio/cw-5627ffbf-p8-s4.mp3","ms":1}
{"time":"2026-09-05T05:35:58.219Z","event":"request","id":"87e7ae20-a21a-461a-a5d9-c32ef1ac3448","method":"GET","path":"/storage/audio/cw-5627ffbf-p8-s5.mp3","ms":1}
{"time":"2026-09-05T05:35:58.220Z","event":"request","id":"a5187e2d-7603-4549-8a10-767652e9f4ee","method":"GET","path":"/storage/audio/cw-5627ffbf-p8-s6.mp3","ms":2}
{"time":"2026-09-05T05:35:58.220Z","event":"request","id":"9a44461b-a101-484e-8962-c6a85ee554cb","method":"GET","path":"/storage/audio/cw-5627ffbf-p0-s1.mp3","ms":2}
{"time":"2026-09-05T05:35:58.220Z","event":"request","id":"e6352201-af70-45ee-9bf2-7efd84e4000c","method":"GET","path":"/storage/audio/cw-5627ffbf-p1-s0.mp3","ms":2}
{"time":"2026-09-05T05:35:58.221Z","event":"request","id":"97554e3e-f690-4af7-821c-c1e8d8edb522","method":"GET","path":"/storage/audio/cw-5627ffbf-p0-s0.mp3","ms":1}
{"time":"2026-09-05T05:38:32.639Z","event":"request","id":"76fb228a-ebc0-4d7a-8555-c7b18ba98b84","method":"GET","path":"/search.html","ms":2}
{"time":"2026-09-05T05:38:32.664Z","event":"request","id":"4a954a59-8c75-4cfc-8ccb-58b170b8a011","method":"GET","path":"/mdrender.js","ms":0}
{"time":"2026-09-05T05:38:32.665Z","event":"request","id":"7f445f35-db73-4d73-8383-21ce1b32e9c4","method":"GET","path":"/vortex.js","ms":1}
{"time":"2026-09-05T05:38:32.671Z","event":"request","id":"abbb013d-f9bd-473b-b2c6-11a369fa56cd","method":"GET","path":"/lucide-unify.js","ms":1}
{"time":"2026-09-05T05:38:33.045Z","event":"request.error","id":"6757ff14-4013-4db5-99f4-9a4e82ce2f9f","method":"GET","status":404,"code":"NOT_FOUND"}
{"time":"2026-09-05T05:38:41.746Z","event":"request","id":"40f6e6f0-3cbd-4c34-8f8c-15d226ac634d","method":"POST","path":"/api/v1/courseware/generate","ms":13}
{"time":"2026-09-05T05:38:41.800Z","event":"request","id":"2f1f8eae-314e-4557-bc0b-b92ba93dbf14","method":"GET","path":"/api/v1/video/status","ms":0}
{"time":"2026-09-05T05:38:43.805Z","event":"request","id":"a2993f5f-0f88-40d7-8982-ef1ddbd0b9de","method":"GET","path":"/api/v1/video/status","ms":0}
{"time":"2026-09-05T05:38:44.482Z","event":"request","id":"ca1ea1e0-13f7-4160-9677-0b94a6be524b","method":"GET","path":"/storage/audio/cw-5627ffbf-p3-s1.mp3","ms":1}
{"time":"2026-09-05T05:38:44.482Z","event":"request","id":"a00a158f-a3cb-4af3-a59c-d237b3b3b778","method":"GET","path":"/storage/audio/cw-5627ffbf-p2-s6.mp3","ms":2}
{"time":"2026-09-05T05:38:44.482Z","event":"request","id":"2ce3a4ec-41c5-4632-ace6-7a0f21a61cb3","method":"GET","path":"/storage/audio/cw-5627ffbf-p4-s0.mp3","ms":1}
{"time":"2026-09-05T05:38:44.483Z","event":"request","id":"f0c3fad0-5fdb-4a52-9628-fb0de4128143","method":"GET","path":"/storage/audio/cw-5627ffbf-p3-s2.mp3","ms":2}
{"time":"2026-09-05T05:38:44.484Z","event":"request","id":"4be7aecc-eae1-4ad9-9446-64d746132b53","method":"GET","path":"/storage/audio/cw-5627ffbf-p3-s0.mp3","ms":3}
{"time":"2026-09-05T05:38:44.487Z","event":"request","id":"2f7cb689-4620-4261-be21-eb506e19c3f9","method":"GET","path":"/storage/audio/cw-5627ffbf-p4-s0.mp3","ms":2}
{"time":"2026-09-05T05:38:44.487Z","event":"request","id":"04398d08-7ef2-42e5-98a4-296c760c4ac4","method":"GET","path":"/storage/audio/cw-5627ffbf-p3-s1.mp3","ms":2}
{"time":"2026-09-05T05:38:44.488Z","event":"request","id":"0b511a96-cf74-42cc-b473-3e76a4258e9a","method":"GET","path":"/storage/audio/cw-5627ffbf-p3-s3.mp3","ms":2}
{"time":"2026-09-05T05:38:44.488Z","event":"request","id":"dee7f693-3f25-4efb-bd69-be02292e5717","method":"GET","path":"/storage/audio/cw-5627ffbf-p3-s2.mp3","ms":2}
{"time":"2026-09-05T05:38:44.488Z","event":"request","id":"2d46879d-8915-4619-9fac-df536bc4e7b8","method":"GET","path":"/storage/audio/cw-5627ffbf-p3-s4.mp3","ms":2}
{"time":"2026-09-05T05:38:44.490Z","event":"request","id":"c793061b-991e-454a-a4fa-d21f0ac33d06","method":"GET","path":"/storage/audio/cw-5627ffbf-p4-s0.mp3","ms":1}
{"time":"2026-09-05T05:38:44.491Z","event":"request","id":"d71c544e-d6fa-422b-bbe0-a4b37791937b","method":"GET","path":"/storage/audio/cw-5627ffbf-p3-s4.mp3","ms":1}
{"time":"2026-09-05T05:38:44.491Z","event":"request","id":"8e301e9c-c6a9-4ae5-9b95-1035fe12c74f","method":"GET","path":"/storage/audio/cw-5627ffbf-p3-s3.mp3","ms":1}
{"time":"2026-09-05T05:38:44.492Z","event":"request","id":"d1854680-c9fc-4a22-a664-1ab87a15f66e","method":"GET","path":"/storage/audio/cw-5627ffbf-p3-s5.mp3","ms":2}
{"time":"2026-09-05T05:38:44.493Z","event":"request","id":"4f1d5267-70c9-45e0-affe-7c64cc5cfaec","method":"GET","path":"/storage/audio/cw-5627ffbf-p4-s0.mp3","ms":1}
{"time":"2026-09-05T05:38:44.495Z","event":"request","id":"ffa49d17-7d82-4051-bbb0-af4cb7ddd8f9","method":"GET","path":"/storage/audio/cw-5627ffbf-p4-s0.mp3","ms":1}
{"time":"2026-09-05T05:38:44.496Z","event":"request","id":"c0296c76-932a-4075-90d8-aa2f1e4e16a0","method":"GET","path":"/storage/audio/cw-5627ffbf-p3-s5.mp3","ms":2}
{"time":"2026-09-05T05:38:44.496Z","event":"request","id":"2d895e8a-6114-4e6d-a59f-4600644f81f7","method":"GET","path":"/storage/audio/cw-5627ffbf-p4-s3.mp3","ms":2}
{"time":"2026-09-05T05:38:44.496Z","event":"request","id":"6d9523d8-3202-42b5-a2f7-c12c4b669e5b","method":"GET","path":"/storage/audio/cw-5627ffbf-p4-s2.mp3","ms":2}
{"time":"2026-09-05T05:38:44.498Z","event":"request","id":"49802845-6e34-4377-83f7-367a074316b1","method":"GET","path":"/storage/audio/cw-5627ffbf-p4-s0.mp3","ms":1}
{"time":"2026-09-05T05:38:44.498Z","event":"request","id":"c82c7149-b44e-4a69-8096-f012285fc826","method":"GET","path":"/storage/audio/cw-5627ffbf-p4-s2.mp3","ms":1}
{"time":"2026-09-05T05:38:44.499Z","event":"request","id":"343a750c-828e-4bf3-876f-180c89faebdc","method":"GET","path":"/storage/audio/cw-5627ffbf-p4-s0.mp3","ms":1}
{"time":"2026-09-05T05:38:45.811Z","event":"request","id":"dfa1b127-4138-482c-872c-29b5165e47e0","method":"GET","path":"/api/v1/video/status","ms":0}
{"time":"2026-09-05T05:38:46.387Z","event":"request.error","id":"2f2a66a7-b178-4453-9e4e-b4f1486b1af4","method":"GET","status":404,"code":"NOT_FOUND"}
{"time":"2026-09-05T05:38:47.822Z","event":"request","id":"953486c8-7c12-4747-a6a9-5bed02cd7e3b","method":"GET","path":"/api/v1/video/status","ms":0}
{"time":"2026-09-05T05:38:48.127Z","event":"request","id":"a33d8d55-ec05-487e-a53d-ff2684a11c62","method":"GET","path":"/storage/audio/cw-5627ffbf-p6-s0.mp3","ms":1}
{"time":"2026-09-05T05:38:49.829Z","event":"request","id":"7b8e3e86-2460-45a6-8c04-9bff36b25b7a","method":"GET","path":"/api/v1/video/status","ms":1}
{"time":"2026-09-05T05:38:51.834Z","event":"request","id":"cf5f14bf-99ff-464d-9811-165890f527ae","method":"GET","path":"/api/v1/video/status","ms":0}
{"time":"2026-09-05T05:38:52.568Z","event":"request","id":"ba6ab60f-ce78-4d14-94b2-b20a6fa49373","method":"GET","path":"/storage/audio/cw-5627ffbf-p2-s1.mp3","ms":2}
{"time":"2026-09-05T05:38:52.568Z","event":"request","id":"1144bbdd-1801-4b29-a220-abfe5cf91a60","method":"GET","path":"/storage/audio/cw-5627ffbf-p2-s0.mp3","ms":1}
{"time":"2026-09-05T05:38:52.815Z","event":"request","id":"1c9eca49-6317-4c24-b8bc-72f1b1d34eed","method":"GET","path":"/storage/audio/cw-5627ffbf-p1-s1.mp3","ms":1}
{"time":"2026-09-05T05:38:52.816Z","event":"request","id":"1ff9b649-081a-4511-b10d-0ff68cfc57ec","method":"GET","path":"/storage/audio/cw-5627ffbf-p1-s0.mp3","ms":1}
{"time":"2026-09-05T05:38:52.834Z","event":"request","id":"57fcc11c-699c-4c7f-9316-d67ec37f9d2b","method":"GET","path":"/storage/audio/cw-5627ffbf-p0-s0.mp3","ms":1}
{"time":"2026-09-05T05:38:52.834Z","event":"request","id":"2f4ba2f8-eeaa-4188-b60b-8906c9540c7b","method":"GET","path":"/storage/audio/cw-5627ffbf-p0-s1.mp3","ms":2}
{"time":"2026-09-05T05:38:53.843Z","event":"request","id":"9241c668-6d11-4686-89a2-8a469bc30896","method":"GET","path":"/api/v1/video/status","ms":0}
{"time":"2026-09-05T05:38:55.849Z","event":"request","id":"f7139556-1115-4b61-bf42-1cfbfea93f7d","method":"GET","path":"/api/v1/video/status","ms":1}
{"time":"2026-09-05T05:38:57.859Z","event":"request","id":"46a2a7a7-de72-48b1-9af2-5034f85c4abc","method":"GET","path":"/api/v1/video/status","ms":1}
{"time":"2026-09-05T05:38:59.865Z","event":"request","id":"a5f81d9c-ebd0-4f75-9f0f-ee4335cc1680","method":"GET","path":"/api/v1/video/status","ms":1}
{"time":"2026-09-05T05:39:00.496Z","event":"request","id":"138b7b78-ffef-4482-9747-15555e606e65","method":"GET","path":"/storage/audio/cw-5627ffbf-p6-s1.mp3","ms":1}
{"time":"2026-09-05T05:39:00.497Z","event":"request","id":"a0333591-a60e-43f1-b63d-0de944b972bf","method":"GET","path":"/storage/audio/cw-5627ffbf-p7-s0.mp3","ms":2}
{"time":"2026-09-05T05:39:01.877Z","event":"request","id":"8aad42fe-9a16-4132-8a56-71927c48832f","method":"GET","path":"/api/v1/video/status","ms":1}
{"time":"2026-09-05T05:39:03.883Z","event":"request","id":"f4f69597-c43e-452d-93f5-2a643edf1f83","method":"GET","path":"/api/v1/video/status","ms":0}
{"time":"2026-09-05T05:39:05.601Z","event":"request","id":"7cb70343-07e7-48f8-b0fc-aa1e88e90090","method":"GET","path":"/storage/audio/cw-5627ffbf-p7-s1.mp3","ms":1}
{"time":"2026-09-05T05:39:05.635Z","event":"request","id":"2c0e65d3-b831-4580-9458-ed85e162fb99","method":"GET","path":"/storage/audio/cw-5627ffbf-p8-s1.mp3","ms":1}
{"time":"2026-09-05T05:39:05.893Z","event":"request","id":"a224093b-2d87-4c77-932f-473e2609a27d","method":"GET","path":"/api/v1/video/status","ms":1}
{"time":"2026-09-05T05:39:07.903Z","event":"request","id":"430f9d3f-a580-4a93-8bcf-ac52621086f0","method":"GET","path":"/api/v1/video/status","ms":1}
{"time":"2026-09-05T05:39:09.912Z","event":"request","id":"0c19f7b3-6b59-402f-8aa6-bdcbffe39c2b","method":"GET","path":"/api/v1/video/status","ms":0}
{"time":"2026-09-05T05:39:11.920Z","event":"request","id":"f30a5d4b-5db2-4554-a13d-b32d8cc23aca","method":"GET","path":"/api/v1/video/status","ms":0}
{"time":"2026-09-05T05:39:14.105Z","event":"request","id":"537a71f4-7091-4ee2-9c26-97b1a94421cc","method":"GET","path":"/api/v1/video/status","ms":1}
{"time":"2026-09-05T05:39:17.094Z","event":"request","id":"b66578d9-df2e-433a-9d24-0dfcb96b432c","method":"GET","path":"/api/v1/video/status","ms":0}
{"time":"2026-09-05T05:39:20.105Z","event":"request","id":"ec44f566-ecf9-4c95-85aa-7d42a65e7554","method":"GET","path":"/api/v1/video/status","ms":0}
{"time":"2026-09-05T05:39:23.105Z","event":"request","id":"d8b74504-ef02-47d3-bf87-0a7288ca8f22","method":"GET","path":"/api/v1/video/status","ms":0}
{"time":"2026-09-05T05:39:26.101Z","event":"request","id":"05504657-083a-4cff-ad0e-95286f7f207d","method":"GET","path":"/api/v1/video/status","ms":0}
{"time":"2026-09-05T05:39:29.100Z","event":"request","id":"b6716071-14e7-4098-9e03-f92b03d82b56","method":"GET","path":"/api/v1/video/status","ms":0}
{"time":"2026-09-05T05:39:32.110Z","event":"request","id":"d56a838e-4f85-48c4-a150-6e644feaca6a","method":"GET","path":"/api/v1/video/status","ms":1}
{"time":"2026-09-05T05:39:35.105Z","event":"request","id":"6881926b-ed5a-40ff-9665-e7ab47caf3af","method":"GET","path":"/api/v1/video/status","ms":0}
{"time":"2026-09-05T05:39:38.102Z","event":"request","id":"94610553-bc55-4da9-8078-fe9df328b21b","method":"GET","path":"/api/v1/video/status","ms":0}
{"time":"2026-09-05T05:39:41.109Z","event":"request","id":"13ba60a0-78a4-4384-bb02-4fa3e118cb06","method":"GET","path":"/api/v1/video/status","ms":0}
{"time":"2026-09-05T05:39:44.109Z","event":"request","id":"10e6ab87-25c8-4d0e-8f06-fc06575403f2","method":"GET","path":"/api/v1/video/status","ms":0}
{"time":"2026-09-05T05:39:47.100Z","event":"request","id":"57ac970e-1204-4475-97cc-82e953dda2d6","method":"GET","path":"/api/v1/video/status","ms":0}
{"time":"2026-09-05T05:39:50.101Z","event":"request","id":"b9f23d4b-6009-4115-8976-a91576d63853","method":"GET","path":"/api/v1/video/status","ms":1}
{"time":"2026-09-05T05:39:53.102Z","event":"request","id":"dceb61db-afa8-44e3-8466-aa920fdf3ee6","method":"GET","path":"/api/v1/video/status","ms":1}
{"time":"2026-09-05T05:39:56.102Z","event":"request","id":"767cf1bb-8ad7-4d3d-9c17-3be5a6199b56","method":"GET","path":"/api/v1/video/status","ms":0}
{"time":"2026-09-05T05:39:59.107Z","event":"request","id":"115d9d91-497f-4556-89f2-a824850236a8","method":"GET","path":"/api/v1/video/status","ms":0}
{"time":"2026-09-05T05:40:01.113Z","event":"request","id":"e2e4212b-226d-4b8d-b957-9e22787b5130","method":"GET","path":"/api/v1/video/status","ms":1}
{"time":"2026-09-05T05:40:03.119Z","event":"request","id":"d17da328-ccdc-4790-a83d-70f3ad01f38b","method":"GET","path":"/api/v1/video/status","ms":0}
{"time":"2026-09-05T05:40:03.851Z","event":"edge_tts.retry","attempt":1,"message":"edge-tts 退出码 1：Traceback (most recent call last):\r\n  File \"C:\\Users\\ASUS\\AppData\\Local\\Programs\\Python\\Python313\\Lib\\site-packages\\aiohttp\\connector.py\", line 1316, in _wrap_create_connection\r\n    return await self."}
{"time":"2026-09-05T05:40:04.821Z","event":"edge_tts.probe","ok":true}
{"time":"2026-09-05T05:40:05.124Z","event":"request","id":"8f63c5af-0c0e-47ee-a181-b19fdfec1008","method":"GET","path":"/api/v1/video/status","ms":0}
{"time":"2026-09-05T05:40:07.130Z","event":"request","id":"a5014394-f913-44cc-8766-28f66b3f263e","method":"GET","path":"/api/v1/video/status","ms":0}
{"time":"2026-09-05T05:40:08.021Z","event":"edge_tts.retry","attempt":1,"message":"edge-tts 退出码 1：Traceback (most recent call last):\r\n  File \"C:\\Users\\ASUS\\AppData\\Local\\Programs\\Python\\Python313\\Lib\\site-packages\\aiohttp\\connector.py\", line 1316, in _wrap_create_connection\r\n    return await self."}
{"time":"2026-09-05T05:40:09.137Z","event":"request","id":"21177b62-552e-4345-b091-f0bbd7573608","method":"GET","path":"/api/v1/video/status","ms":1}
{"time":"2026-09-05T05:40:09.480Z","event":"edge_tts.retry","attempt":2,"message":"edge-tts 退出码 1：Traceback (most recent call last):\r\n  File \"C:\\Users\\ASUS\\AppData\\Local\\Programs\\Python\\Python313\\Lib\\site-packages\\aiohttp\\connector.py\", line 1316, in _wrap_create_connection\r\n    return await self."}
{"time":"2026-09-05T05:40:11.147Z","event":"request","id":"ef46a878-eabc-4f8e-b5eb-edbacdc74de2","method":"GET","path":"/api/v1/video/status","ms":1}
{"time":"2026-09-05T05:40:12.134Z","event":"edge_tts.retry","attempt":3,"message":"edge-tts 退出码 1：Traceback (most recent call last):\r\n  File \"C:\\Users\\ASUS\\AppData\\Local\\Programs\\Python\\Python313\\Lib\\site-packages\\aiohttp\\connector.py\", line 1316, in _wrap_create_connection\r\n    return await self."}
{"time":"2026-09-05T05:40:13.152Z","event":"request","id":"4ca04f84-8c07-481b-8189-7a2cac864e31","method":"GET","path":"/api/v1/video/status","ms":1}
{"time":"2026-09-05T05:40:15.158Z","event":"request","id":"ab06052a-a680-4ff8-8c25-3edf63c3ed93","method":"GET","path":"/api/v1/video/status","ms":1}
{"time":"2026-09-05T05:40:15.992Z","event":"edge_tts.retry","attempt":4,"message":"edge-tts 退出码 1：Traceback (most recent call last):\r\n  File \"C:\\Users\\ASUS\\AppData\\Local\\Programs\\Python\\Python313\\Lib\\site-packages\\aiohttp\\connector.py\", line 1316, in _wrap_create_connection\r\n    return await self."}
{"time":"2026-09-05T05:40:17.169Z","event":"request","id":"b09a6fca-55a6-4312-a190-d4f2f53c9374","method":"GET","path":"/api/v1/video/status","ms":1}
{"time":"2026-09-05T05:40:19.174Z","event":"request","id":"53285d14-c33a-4ff2-817b-e0238689fa2d","method":"GET","path":"/api/v1/video/status","ms":0}
{"time":"2026-09-05T05:40:20.106Z","event":"edge_tts.failed","text":"首先看下这四个核心要点：分治法、基准选择、分区操作以及递归排序。"}
{"time":"2026-09-05T05:40:21.179Z","event":"request","id":"1a5ecccc-6bce-4c16-ad13-23f933defe3f","method":"GET","path":"/api/v1/video/status","ms":1}
{"time":"2026-09-05T05:40:21.368Z","event":"edge_tts.retry","attempt":1,"message":"edge-tts 退出码 1：Traceback (most recent call last):\r\n  File \"C:\\Users\\ASUS\\AppData\\Local\\Programs\\Python\\Python313\\Lib\\site-packages\\aiohttp\\connector.py\", line 1316, in _wrap_create_connection\r\n    return await self."}
{"time":"2026-09-05T05:40:24.105Z","event":"request","id":"a93527ea-e3fb-44bc-9727-4fe6cdbb1053","method":"GET","path":"/api/v1/video/status","ms":1}
{"time":"2026-09-05T05:40:25.471Z","event":"edge_tts.retry","attempt":1,"message":"edge-tts 退出码 1：Traceback (most recent call last):\r\n  File \"C:\\Users\\ASUS\\AppData\\Local\\Programs\\Python\\Python313\\Lib\\site-packages\\aiohttp\\connector.py\", line 1316, in _wrap_create_connection\r\n    return await self."}
{"time":"2026-09-05T05:40:26.203Z","event":"request","id":"f867f5e6-13f6-4632-bb3e-cbfa7101362b","method":"GET","path":"/api/v1/video/status","ms":1}
{"time":"2026-09-05T05:40:26.949Z","event":"edge_tts.retry","attempt":2,"message":"edge-tts 退出码 1：Traceback (most recent call last):\r\n  File \"C:\\Users\\ASUS\\AppData\\Local\\Programs\\Python\\Python313\\Lib\\site-packages\\aiohttp\\connector.py\", line 1316, in _wrap_create_connection\r\n    return await self."}
{"time":"2026-09-05T05:40:28.208Z","event":"request","id":"ac41d6b0-993c-4dd8-84f4-c1d85289f959","method":"GET","path":"/api/v1/video/status","ms":0}
{"time":"2026-09-05T05:40:30.984Z","event":"request","id":"e1392a84-5e8c-4bc5-80be-51bb07149d93","method":"GET","path":"/api/v1/video/status","ms":1}
{"time":"2026-09-05T05:40:33.035Z","event":"request","id":"af30748f-3614-4493-a5cd-5c606d4022af","method":"GET","path":"/api/v1/video/status","ms":1}
{"time":"2026-09-05T05:40:35.058Z","event":"request","id":"a19ff595-16f8-4298-a3db-b7c553e30f1c","method":"GET","path":"/api/v1/video/status","ms":0}
{"time":"2026-09-05T05:40:35.191Z","event":"edge_tts.retry","attempt":1,"message":"edge-tts 退出码 1：Traceback (most recent call last):\r\n  File \"C:\\Users\\ASUS\\AppData\\Local\\Programs\\Python\\Python313\\Lib\\site-packages\\aiohttp\\connector.py\", line 1316, in _wrap_create_connection\r\n    return await self."}
{"time":"2026-09-05T05:40:36.651Z","event":"edge_tts.retry","attempt":2,"message":"edge-tts 退出码 1：Traceback (most recent call last):\r\n  File \"C:\\Users\\ASUS\\AppData\\Local\\Programs\\Python\\Python313\\Lib\\site-packages\\aiohttp\\connector.py\", line 1316, in _wrap_create_connection\r\n    return await self."}
{"time":"2026-09-05T05:40:37.068Z","event":"request","id":"ddcf0f6e-9598-42ec-a87c-a2d3fa97a69c","method":"GET","path":"/api/v1/video/status","ms":0}
{"time":"2026-09-05T05:40:39.074Z","event":"request","id":"46c5e130-cb64-4097-a69a-27866f9bffed","method":"GET","path":"/api/v1/video/status","ms":0}
{"time":"2026-09-05T05:40:41.080Z","event":"request","id":"cabf1f1a-cb96-46d8-8b65-adae9d10b2c4","method":"GET","path":"/api/v1/video/status","ms":0}
{"time":"2026-09-05T05:40:42.129Z","event":"edge_tts.retry","attempt":1,"message":"edge-tts 退出码 1：Traceback (most recent call last):\r\n  File \"C:\\Users\\ASUS\\AppData\\Local\\Programs\\Python\\Python313\\Lib\\site-packages\\aiohttp\\connector.py\", line 1316, in _wrap_create_connection\r\n    return await self."}
{"time":"2026-09-05T05:40:43.090Z","event":"request","id":"4aa1c8d3-2c72-4360-a02d-40bd2219b042","method":"GET","path":"/api/v1/video/status","ms":0}
{"time":"2026-09-05T05:40:45.096Z","event":"request","id":"d98118cf-2a82-4ee3-91f6-5b8a81bb236f","method":"GET","path":"/api/v1/video/status","ms":0}
{"time":"2026-09-05T05:40:46.622Z","event":"edge_tts.retry","attempt":1,"message":"edge-tts 退出码 1：Traceback (most recent call last):\r\n  File \"C:\\Users\\ASUS\\AppData\\Local\\Programs\\Python\\Python313\\Lib\\site-packages\\aiohttp\\connector.py\", line 1316, in _wrap_create_connection\r\n    return await self."}
{"time":"2026-09-05T05:40:47.101Z","event":"request","id":"9fc7e117-0cd2-4116-bbee-ab4450ac8d4f","method":"GET","path":"/api/v1/video/status","ms":0}
{"time":"2026-09-05T05:40:48.100Z","event":"edge_tts.retry","attempt":2,"message":"edge-tts 退出码 1：Traceback (most recent call last):\r\n  File \"C:\\Users\\ASUS\\AppData\\Local\\Programs\\Python\\Python313\\Lib\\site-packages\\aiohttp\\connector.py\", line 1316, in _wrap_create_connection\r\n    return await self."}
{"time":"2026-09-05T05:40:49.107Z","event":"request","id":"ebc78fa4-67c7-4c92-83ec-93138816e076","method":"GET","path":"/api/v1/video/status","ms":0}
{"time":"2026-09-05T05:40:50.756Z","event":"edge_tts.retry","attempt":3,"message":"edge-tts 退出码 1：Traceback (most recent call last):\r\n  File \"C:\\Users\\ASUS\\AppData\\Local\\Programs\\Python\\Python313\\Lib\\site-packages\\aiohttp\\connector.py\", line 1316, in _wrap_create_connection\r\n    return await self."}
{"time":"2026-09-05T05:40:51.112Z","event":"request","id":"1ab72538-6e6b-44df-93af-fa46f17e7e6c","method":"GET","path":"/api/v1/video/status","ms":0}
{"time":"2026-09-05T05:40:53.118Z","event":"request","id":"e753d447-2265-4b1b-8c40-b71ad05d03b9","method":"GET","path":"/api/v1/video/status","ms":1}
{"time":"2026-09-05T05:40:54.625Z","event":"edge_tts.retry","attempt":4,"message":"edge-tts 退出码 1：Traceback (most recent call last):\r\n  File \"C:\\Users\\ASUS\\AppData\\Local\\Programs\\Python\\Python313\\Lib\\site-packages\\aiohttp\\connector.py\", line 1316, in _wrap_create_connection\r\n    return await self."}
{"time":"2026-09-05T05:40:55.123Z","event":"request","id":"d5a8d91a-c488-4945-9bb1-dfda1f706b06","method":"GET","path":"/api/v1/video/status","ms":0}
{"time":"2026-09-05T05:40:57.130Z","event":"request","id":"a482d331-7e8d-4cad-a559-471585f3fc84","method":"GET","path":"/api/v1/video/status","ms":1}
{"time":"2026-09-05T05:40:58.730Z","event":"edge_tts.failed","text":"总之，快速排序以其高效的性能和简洁的设计，在实际应用中非常广泛。"}
