{"time":"2026-09-05T05:41:03.914Z","event":"server.started","port":3002,"url":"http://localhost:3002"}
{"time":"2026-09-05T05:41:03.968Z","event":"request","id":"eca604af-89e4-4439-b9a5-f732e80f485e","method":"GET","path":"/api/v1/video/status","ms":4}
{"time":"2026-09-05T05:41:05.974Z","event":"request","id":"c95d4da0-2089-40ed-bc26-61266f4083be","method":"GET","path":"/api/v1/video/status","ms":1}
{"time":"2026-09-05T05:41:07.980Z","event":"request","id":"7e26629b-f545-4b33-879d-c165504ed0f5","method":"GET","path":"/api/v1/video/status","ms":1}
{"time":"2026-09-05T05:41:09.985Z","event":"request","id":"7923bc4f-4dcb-4286-964c-83296b18c77d","method":"GET","path":"/api/v1/video/status","ms":0}
{"time":"2026-09-05T05:41:11.046Z","event":"request","id":"efa570a6-cda8-4d91-84db-5f878f412420","method":"GET","path":"/search.html","ms":2}
{"time":"2026-09-05T05:41:11.990Z","event":"request","id":"579d4f93-c1a7-44ee-9dd3-e284790df7f2","method":"GET","path":"/api/v1/video/status","ms":0}
{"time":"2026-09-05T05:41:13.997Z","event":"request","id":"31dec681-161a-4145-b06f-b30d0de15dea","method":"GET","path":"/api/v1/video/status","ms":1}
{"time":"2026-09-05T05:41:16.003Z","event":"request","id":"83c912f5-749e-439c-b644-ac94120b5907","method":"GET","path":"/api/v1/video/status","ms":1}
{"time":"2026-09-05T05:41:18.012Z","event":"request","id":"64f18efa-07d3-428b-82c7-bee378b70bbf","method":"GET","path":"/api/v1/video/status","ms":0}
{"time":"2026-09-05T05:41:20.017Z","event":"request","id":"7d931b6e-2ccf-49cf-86bc-a71c1dbc43f8","method":"GET","path":"/api/v1/video/status","ms":1}
{"time":"2026-09-05T05:41:22.024Z","event":"request","id":"60547d9f-48ea-4aa0-88df-e6c8c459d878","method":"GET","path":"/api/v1/video/status","ms":1}
{"time":"2026-09-05T05:41:24.102Z","event":"request","id":"2a4d044d-d8b7-4abd-be9d-a3c37efed26a","method":"GET","path":"/api/v1/video/status","ms":1}
{"time":"2026-09-05T05:41:27.107Z","event":"request","id":"d5ade41d-07bf-4e64-82a9-38d302a870d8","method":"GET","path":"/api/v1/video/status","ms":1}
{"time":"2026-09-05T05:41:30.107Z","event":"request","id":"cb865e91-00c9-4a58-899e-0a45b389569d","method":"GET","path":"/api/v1/video/status","ms":1}
{"time":"2026-09-05T05:41:33.096Z","event":"request","id":"2ac96a42-0a3d-4942-9c20-7526e0f97f77","method":"GET","path":"/api/v1/video/status","ms":0}
{"time":"2026-09-05T05:41:36.099Z","event":"request","id":"29c804bb-3011-43f8-aad5-93d8d86c35a0","method":"GET","path":"/api/v1/video/status","ms":0}
{"time":"2026-09-05T05:41:39.100Z","event":"request","id":"60b2a964-9278-4c61-8708-8ec86fb970e7","method":"GET","path":"/api/v1/video/status","ms":1}
{"time":"2026-09-05T05:41:42.102Z","event":"request","id":"00a131f9-8bba-4d2b-9625-e9186428e457","method":"GET","path":"/api/v1/video/status","ms":0}
{"time":"2026-09-05T05:41:45.096Z","event":"request","id":"c54ecd5b-1524-4929-918a-e04681c58c05","method":"GET","path":"/api/v1/video/status","ms":0}
{"time":"2026-09-05T05:41:48.100Z","event":"request","id":"fdd1c7ea-00fb-4b76-9ea8-4377946ff42d","method":"GET","path":"/api/v1/video/status","ms":1}
{"time":"2026-09-05T05:41:51.099Z","event":"request","id":"434c3db3-d466-4273-bb3b-1e5b2621d9c1","method":"GET","path":"/api/v1/video/status","ms":1}
{"time":"2026-09-05T05:41:54.104Z","event":"request","id":"64847139-dba5-4580-a43b-d6ceb52c4ccf","method":"GET","path":"/api/v1/video/status","ms":0}
{"time":"2026-09-05T05:41:57.108Z","event":"request","id":"6fe9d657-27fe-45e9-8ff5-31d7cb950d0a","method":"GET","path":"/api/v1/video/status","ms":1}
{"time":"2026-09-05T05:41:59.662Z","event":"request","id":"a19bb504-30bd-4279-b29e-dc1056a877b5","method":"GET","path":"/api/v1/video/status","ms":1}
{"time":"2026-09-05T05:42:01.668Z","event":"request","id":"14d3cab7-e0f2-49e4-ac45-5a3655d6ae40","method":"GET","path":"/api/v1/video/status","ms":1}
{"time":"2026-09-05T05:42:03.560Z","event":"request","id":"2e93901a-a495-446b-b6fb-eaeee4001397","method":"GET","path":"/search.html","ms":2}
{"time":"2026-09-05T05:42:03.588Z","event":"request","id":"83c7c086-bc65-481c-9160-01beeb2581f7","method":"GET","path":"/mdrender.js","ms":1}
{"time":"2026-09-05T05:42:03.589Z","event":"request","id":"4fa4795f-7336-45c0-95db-6a7cd1df5811","method":"GET","path":"/vortex.js","ms":1}
{"time":"2026-09-05T05:42:03.595Z","event":"request","id":"c1d278a4-8ed9-418f-bf37-ff9a88835742","method":"GET","path":"/lucide-unify.js","ms":1}
{"time":"2026-09-05T05:42:03.908Z","event":"request.error","id":"875f8921-8c82-40d8-891d-bcc51426a213","method":"GET","status":404,"code":"NOT_FOUND"}
